<?xml version="1.0" encoding="ISO-8859-1" ?>
<link_info>
   <banner>TI ARM Clang Linker PC v4.0.4.LTS</banner>
   <copyright>Copyright (c) 1996-2018 Texas Instruments Incorporated</copyright>
   <command_line>D:\TI\CSS\ccs\tools\compiler\ti-cgt-armllvm_4.0.4.LTS\bin\tiarmlnk -ID:\TI\CSS\ccs\tools\compiler\ti-cgt-armllvm_4.0.4.LTS\lib -o TI_UART.out -mTI_UART.map -iD:/TI/CSS/mspm0_sdk_2_10_00_04/source -iD:/mspm0g3507_projects/TI_UART -iD:/mspm0g3507_projects/TI_UART/Debug/syscfg -iD:/TI/CSS/ccs/tools/compiler/ti-cgt-armllvm_4.0.4.LTS/lib --diag_wrap=off --display_error_number --warn_sections --xml_link_info=TI_UART_linkInfo.xml --rom_model ./empty.o ./ti_msp_dl_config.o ./startup_mspm0g350x_ticlang.o ./Control_Speed/Control_Speed.o ./DL_GetTick_Folder/DL_Tick.o ./HSM/HSM_Core.o ./Log/Log.o ./MPU_6050/MadgwickAHRS.o ./MPU_6050/mpu6050.o ./MPU_6050/mpu6050_i2c_ti.o ./MPU_6050/mpu6050_user.o ./Motor/Motor_AT4950.o ./PID_Node/PID_Node.o ./SPI_OLED/oled.o ./grayscale/grayscale.o ./multikey/multikey.o -l./device_linker.cmd -ldevice.cmd.genlibs -llibc.a --start-group -llibc++.a -llibc++abi.a -llibc.a -llibsys.a -llibsysbm.a -llibclang_rt.builtins.a -llibclang_rt.profile.a --end-group --cg_opt_level=2</command_line>
   <link_time>0x6a28105d</link_time>
   <link_errors>0x0</link_errors>
   <output_file>D:\mspm0g3507_projects\TI_UART\Debug\TI_UART.out</output_file>
   <entry_point>
      <name>_c_int00_noargs</name>
      <address>0x6bc1</address>
   </entry_point>
   <input_file_list>
      <input_file id="fl-1">
         <path>D:\mspm0g3507_projects\TI_UART\Debug\.\</path>
         <kind>object</kind>
         <file>empty.o</file>
         <name>empty.o</name>
      </input_file>
      <input_file id="fl-2">
         <path>D:\mspm0g3507_projects\TI_UART\Debug\.\</path>
         <kind>object</kind>
         <file>ti_msp_dl_config.o</file>
         <name>ti_msp_dl_config.o</name>
      </input_file>
      <input_file id="fl-3">
         <path>D:\mspm0g3507_projects\TI_UART\Debug\.\</path>
         <kind>object</kind>
         <file>startup_mspm0g350x_ticlang.o</file>
         <name>startup_mspm0g350x_ticlang.o</name>
      </input_file>
      <input_file id="fl-4">
         <path>D:\mspm0g3507_projects\TI_UART\Debug\.\Control_Speed\</path>
         <kind>object</kind>
         <file>Control_Speed.o</file>
         <name>Control_Speed.o</name>
      </input_file>
      <input_file id="fl-5">
         <path>D:\mspm0g3507_projects\TI_UART\Debug\.\DL_GetTick_Folder\</path>
         <kind>object</kind>
         <file>DL_Tick.o</file>
         <name>DL_Tick.o</name>
      </input_file>
      <input_file id="fl-6">
         <path>D:\mspm0g3507_projects\TI_UART\Debug\.\HSM\</path>
         <kind>object</kind>
         <file>HSM_Core.o</file>
         <name>HSM_Core.o</name>
      </input_file>
      <input_file id="fl-7">
         <path>D:\mspm0g3507_projects\TI_UART\Debug\.\Log\</path>
         <kind>object</kind>
         <file>Log.o</file>
         <name>Log.o</name>
      </input_file>
      <input_file id="fl-8">
         <path>D:\mspm0g3507_projects\TI_UART\Debug\.\MPU_6050\</path>
         <kind>object</kind>
         <file>MadgwickAHRS.o</file>
         <name>MadgwickAHRS.o</name>
      </input_file>
      <input_file id="fl-9">
         <path>D:\mspm0g3507_projects\TI_UART\Debug\.\MPU_6050\</path>
         <kind>object</kind>
         <file>mpu6050.o</file>
         <name>mpu6050.o</name>
      </input_file>
      <input_file id="fl-a">
         <path>D:\mspm0g3507_projects\TI_UART\Debug\.\MPU_6050\</path>
         <kind>object</kind>
         <file>mpu6050_i2c_ti.o</file>
         <name>mpu6050_i2c_ti.o</name>
      </input_file>
      <input_file id="fl-b">
         <path>D:\mspm0g3507_projects\TI_UART\Debug\.\MPU_6050\</path>
         <kind>object</kind>
         <file>mpu6050_user.o</file>
         <name>mpu6050_user.o</name>
      </input_file>
      <input_file id="fl-c">
         <path>D:\mspm0g3507_projects\TI_UART\Debug\.\Motor\</path>
         <kind>object</kind>
         <file>Motor_AT4950.o</file>
         <name>Motor_AT4950.o</name>
      </input_file>
      <input_file id="fl-d">
         <path>D:\mspm0g3507_projects\TI_UART\Debug\.\PID_Node\</path>
         <kind>object</kind>
         <file>PID_Node.o</file>
         <name>PID_Node.o</name>
      </input_file>
      <input_file id="fl-e">
         <path>D:\mspm0g3507_projects\TI_UART\Debug\.\SPI_OLED\</path>
         <kind>object</kind>
         <file>oled.o</file>
         <name>oled.o</name>
      </input_file>
      <input_file id="fl-f">
         <path>D:\mspm0g3507_projects\TI_UART\Debug\.\grayscale\</path>
         <kind>object</kind>
         <file>grayscale.o</file>
         <name>grayscale.o</name>
      </input_file>
      <input_file id="fl-10">
         <path>D:\mspm0g3507_projects\TI_UART\Debug\.\multikey\</path>
         <kind>object</kind>
         <file>multikey.o</file>
         <name>multikey.o</name>
      </input_file>
      <input_file id="fl-1d">
         <path>D:\mspm0g3507_projects\TI_UART\Debug\</path>
         <kind>object</kind>
         <file>&lt;internal&gt;</file>
         <name>&lt;internal&gt;</name>
      </input_file>
      <input_file id="fl-1e">
         <path>D:\TI\CSS\mspm0_sdk_2_10_00_04\source\ti\driverlib\lib\ticlang\m0p\mspm0g1x0x_g3x0x\</path>
         <kind>archive</kind>
         <file>driverlib.a</file>
         <name>dl_common.o</name>
      </input_file>
      <input_file id="fl-1f">
         <path>D:\TI\CSS\mspm0_sdk_2_10_00_04\source\ti\driverlib\lib\ticlang\m0p\mspm0g1x0x_g3x0x\</path>
         <kind>archive</kind>
         <file>driverlib.a</file>
         <name>dl_i2c.o</name>
      </input_file>
      <input_file id="fl-20">
         <path>D:\TI\CSS\mspm0_sdk_2_10_00_04\source\ti\driverlib\lib\ticlang\m0p\mspm0g1x0x_g3x0x\</path>
         <kind>archive</kind>
         <file>driverlib.a</file>
         <name>dl_spi.o</name>
      </input_file>
      <input_file id="fl-21">
         <path>D:\TI\CSS\mspm0_sdk_2_10_00_04\source\ti\driverlib\lib\ticlang\m0p\mspm0g1x0x_g3x0x\</path>
         <kind>archive</kind>
         <file>driverlib.a</file>
         <name>dl_timer.o</name>
      </input_file>
      <input_file id="fl-22">
         <path>D:\TI\CSS\mspm0_sdk_2_10_00_04\source\ti\driverlib\lib\ticlang\m0p\mspm0g1x0x_g3x0x\</path>
         <kind>archive</kind>
         <file>driverlib.a</file>
         <name>dl_uart.o</name>
      </input_file>
      <input_file id="fl-39">
         <path>D:\TI\CSS\ccs\tools\compiler\ti-cgt-armllvm_4.0.4.LTS\lib\armv6m-ti-none-eabi\c\</path>
         <kind>archive</kind>
         <file>libc.a</file>
         <name>e_asinf.c.obj</name>
      </input_file>
      <input_file id="fl-3a">
         <path>D:\TI\CSS\ccs\tools\compiler\ti-cgt-armllvm_4.0.4.LTS\lib\armv6m-ti-none-eabi\c\</path>
         <kind>archive</kind>
         <file>libc.a</file>
         <name>e_atan2f.c.obj</name>
      </input_file>
      <input_file id="fl-3b">
         <path>D:\TI\CSS\ccs\tools\compiler\ti-cgt-armllvm_4.0.4.LTS\lib\armv6m-ti-none-eabi\c\</path>
         <kind>archive</kind>
         <file>libc.a</file>
         <name>e_sqrtf.c.obj</name>
      </input_file>
      <input_file id="fl-3c">
         <path>D:\TI\CSS\ccs\tools\compiler\ti-cgt-armllvm_4.0.4.LTS\lib\armv6m-ti-none-eabi\c\</path>
         <kind>archive</kind>
         <file>libc.a</file>
         <name>s_atanf.c.obj</name>
      </input_file>
      <input_file id="fl-3d">
         <path>D:\TI\CSS\ccs\tools\compiler\ti-cgt-armllvm_4.0.4.LTS\lib\armv6m-ti-none-eabi\c\</path>
         <kind>archive</kind>
         <file>libc.a</file>
         <name>printf.c.obj</name>
      </input_file>
      <input_file id="fl-3e">
         <path>D:\TI\CSS\ccs\tools\compiler\ti-cgt-armllvm_4.0.4.LTS\lib\armv6m-ti-none-eabi\c\</path>
         <kind>archive</kind>
         <file>libc.a</file>
         <name>_printfi.c.obj</name>
      </input_file>
      <input_file id="fl-3f">
         <path>D:\TI\CSS\ccs\tools\compiler\ti-cgt-armllvm_4.0.4.LTS\lib\armv6m-ti-none-eabi\c\</path>
         <kind>archive</kind>
         <file>libc.a</file>
         <name>snprintf.c.obj</name>
      </input_file>
      <input_file id="fl-40">
         <path>D:\TI\CSS\ccs\tools\compiler\ti-cgt-armllvm_4.0.4.LTS\lib\armv6m-ti-none-eabi\c\</path>
         <kind>archive</kind>
         <file>libc.a</file>
         <name>strcmp-armv6m.S.obj</name>
      </input_file>
      <input_file id="fl-41">
         <path>D:\TI\CSS\ccs\tools\compiler\ti-cgt-armllvm_4.0.4.LTS\lib\armv6m-ti-none-eabi\c\</path>
         <kind>archive</kind>
         <file>libc.a</file>
         <name>aeabi_portable.c.obj</name>
      </input_file>
      <input_file id="fl-42">
         <path>D:\TI\CSS\ccs\tools\compiler\ti-cgt-armllvm_4.0.4.LTS\lib\armv6m-ti-none-eabi\c\</path>
         <kind>archive</kind>
         <file>libc.a</file>
         <name>_lock.c.obj</name>
      </input_file>
      <input_file id="fl-43">
         <path>D:\TI\CSS\ccs\tools\compiler\ti-cgt-armllvm_4.0.4.LTS\lib\armv6m-ti-none-eabi\c\</path>
         <kind>archive</kind>
         <file>libc.a</file>
         <name>_ltoa.c.obj</name>
      </input_file>
      <input_file id="fl-44">
         <path>D:\TI\CSS\ccs\tools\compiler\ti-cgt-armllvm_4.0.4.LTS\lib\armv6m-ti-none-eabi\c\</path>
         <kind>archive</kind>
         <file>libc.a</file>
         <name>assert.c.obj</name>
      </input_file>
      <input_file id="fl-45">
         <path>D:\TI\CSS\ccs\tools\compiler\ti-cgt-armllvm_4.0.4.LTS\lib\armv6m-ti-none-eabi\c\</path>
         <kind>archive</kind>
         <file>libc.a</file>
         <name>atoi.c.obj</name>
      </input_file>
      <input_file id="fl-46">
         <path>D:\TI\CSS\ccs\tools\compiler\ti-cgt-armllvm_4.0.4.LTS\lib\armv6m-ti-none-eabi\c\</path>
         <kind>archive</kind>
         <file>libc.a</file>
         <name>defs.c.obj</name>
      </input_file>
      <input_file id="fl-47">
         <path>D:\TI\CSS\ccs\tools\compiler\ti-cgt-armllvm_4.0.4.LTS\lib\armv6m-ti-none-eabi\c\</path>
         <kind>archive</kind>
         <file>libc.a</file>
         <name>memccpy.c.obj</name>
      </input_file>
      <input_file id="fl-48">
         <path>D:\TI\CSS\ccs\tools\compiler\ti-cgt-armllvm_4.0.4.LTS\lib\armv6m-ti-none-eabi\c\</path>
         <kind>archive</kind>
         <file>libc.a</file>
         <name>memory.c.obj</name>
      </input_file>
      <input_file id="fl-49">
         <path>D:\TI\CSS\ccs\tools\compiler\ti-cgt-armllvm_4.0.4.LTS\lib\armv6m-ti-none-eabi\c\</path>
         <kind>archive</kind>
         <file>libc.a</file>
         <name>strlen.c.obj</name>
      </input_file>
      <input_file id="fl-4a">
         <path>D:\TI\CSS\ccs\tools\compiler\ti-cgt-armllvm_4.0.4.LTS\lib\armv6m-ti-none-eabi\c\</path>
         <kind>archive</kind>
         <file>libc.a</file>
         <name>strrchr.c.obj</name>
      </input_file>
      <input_file id="fl-4b">
         <path>D:\TI\CSS\ccs\tools\compiler\ti-cgt-armllvm_4.0.4.LTS\lib\armv6m-ti-none-eabi\c\</path>
         <kind>archive</kind>
         <file>libc.a</file>
         <name>boot_cortex_m.c.obj</name>
      </input_file>
      <input_file id="fl-4c">
         <path>D:\TI\CSS\ccs\tools\compiler\ti-cgt-armllvm_4.0.4.LTS\lib\armv6m-ti-none-eabi\c\</path>
         <kind>archive</kind>
         <file>libc.a</file>
         <name>mathacl_init.c.obj</name>
      </input_file>
      <input_file id="fl-4d">
         <path>D:\TI\CSS\ccs\tools\compiler\ti-cgt-armllvm_4.0.4.LTS\lib\armv6m-ti-none-eabi\c\</path>
         <kind>archive</kind>
         <file>libc.a</file>
         <name>autoinit.c.obj</name>
      </input_file>
      <input_file id="fl-4e">
         <path>D:\TI\CSS\ccs\tools\compiler\ti-cgt-armllvm_4.0.4.LTS\lib\armv6m-ti-none-eabi\c\</path>
         <kind>archive</kind>
         <file>libc.a</file>
         <name>pre_init.c.obj</name>
      </input_file>
      <input_file id="fl-4f">
         <path>D:\TI\CSS\ccs\tools\compiler\ti-cgt-armllvm_4.0.4.LTS\lib\armv6m-ti-none-eabi\c\</path>
         <kind>archive</kind>
         <file>libc.a</file>
         <name>cpy_tbl.c.obj</name>
      </input_file>
      <input_file id="fl-50">
         <path>D:\TI\CSS\ccs\tools\compiler\ti-cgt-armllvm_4.0.4.LTS\lib\armv6m-ti-none-eabi\c\</path>
         <kind>archive</kind>
         <file>libc.a</file>
         <name>copy_zero_init.c.obj</name>
      </input_file>
      <input_file id="fl-51">
         <path>D:\TI\CSS\ccs\tools\compiler\ti-cgt-armllvm_4.0.4.LTS\lib\armv6m-ti-none-eabi\c\</path>
         <kind>archive</kind>
         <file>libc.a</file>
         <name>copy_decompress_none.c.obj</name>
      </input_file>
      <input_file id="fl-52">
         <path>D:\TI\CSS\ccs\tools\compiler\ti-cgt-armllvm_4.0.4.LTS\lib\armv6m-ti-none-eabi\c\</path>
         <kind>archive</kind>
         <file>libc.a</file>
         <name>copy_decompress_lzss.c.obj</name>
      </input_file>
      <input_file id="fl-53">
         <path>D:\TI\CSS\ccs\tools\compiler\ti-cgt-armllvm_4.0.4.LTS\lib\armv6m-ti-none-eabi\c\</path>
         <kind>archive</kind>
         <file>libc.a</file>
         <name>e_sqrt.c.obj</name>
      </input_file>
      <input_file id="fl-54">
         <path>D:\TI\CSS\ccs\tools\compiler\ti-cgt-armllvm_4.0.4.LTS\lib\armv6m-ti-none-eabi\c\</path>
         <kind>archive</kind>
         <file>libc.a</file>
         <name>s_frexp.c.obj</name>
      </input_file>
      <input_file id="fl-55">
         <path>D:\TI\CSS\ccs\tools\compiler\ti-cgt-armllvm_4.0.4.LTS\lib\armv6m-ti-none-eabi\c\</path>
         <kind>archive</kind>
         <file>libc.a</file>
         <name>s_scalbn.c.obj</name>
      </input_file>
      <input_file id="fl-56">
         <path>D:\TI\CSS\ccs\tools\compiler\ti-cgt-armllvm_4.0.4.LTS\lib\armv6m-ti-none-eabi\c\</path>
         <kind>archive</kind>
         <file>libc.a</file>
         <name>wcslen.c.obj</name>
      </input_file>
      <input_file id="fl-57">
         <path>D:\TI\CSS\ccs\tools\compiler\ti-cgt-armllvm_4.0.4.LTS\lib\armv6m-ti-none-eabi\c\</path>
         <kind>archive</kind>
         <file>libc.a</file>
         <name>sprintf.c.obj</name>
      </input_file>
      <input_file id="fl-58">
         <path>D:\TI\CSS\ccs\tools\compiler\ti-cgt-armllvm_4.0.4.LTS\lib\armv6m-ti-none-eabi\c\</path>
         <kind>archive</kind>
         <file>libc.a</file>
         <name>fflush.c.obj</name>
      </input_file>
      <input_file id="fl-59">
         <path>D:\TI\CSS\ccs\tools\compiler\ti-cgt-armllvm_4.0.4.LTS\lib\armv6m-ti-none-eabi\c\</path>
         <kind>archive</kind>
         <file>libc.a</file>
         <name>aeabi_ctype.S.obj</name>
      </input_file>
      <input_file id="fl-5a">
         <path>D:\TI\CSS\ccs\tools\compiler\ti-cgt-armllvm_4.0.4.LTS\lib\armv6m-ti-none-eabi\c\</path>
         <kind>archive</kind>
         <file>libc.a</file>
         <name>exit.c.obj</name>
      </input_file>
      <input_file id="fl-5b">
         <path>D:\TI\CSS\ccs\tools\compiler\ti-cgt-armllvm_4.0.4.LTS\lib\armv6m-ti-none-eabi\c\</path>
         <kind>archive</kind>
         <file>libc.a</file>
         <name>args_main.c.obj</name>
      </input_file>
      <input_file id="fl-fb">
         <path>D:\TI\CSS\ccs\tools\compiler\ti-cgt-armllvm_4.0.4.LTS\lib\armv6m-ti-none-eabi\c\</path>
         <kind>archive</kind>
         <file>libsysbm.a</file>
         <name>hostexit.c.obj</name>
      </input_file>
      <input_file id="fl-fc">
         <path>D:\TI\CSS\ccs\tools\compiler\ti-cgt-armllvm_4.0.4.LTS\lib\armv6m-ti-none-eabi\c\</path>
         <kind>archive</kind>
         <file>libsysbm.a</file>
         <name>write.c.obj</name>
      </input_file>
      <input_file id="fl-fd">
         <path>D:\TI\CSS\ccs\tools\compiler\ti-cgt-armllvm_4.0.4.LTS\lib\armv6m-ti-none-eabi\c\</path>
         <kind>archive</kind>
         <file>libsysbm.a</file>
         <name>host_device.c.obj</name>
      </input_file>
      <input_file id="fl-fe">
         <path>D:\TI\CSS\ccs\tools\compiler\ti-cgt-armllvm_4.0.4.LTS\lib\armv6m-ti-none-eabi\c\</path>
         <kind>archive</kind>
         <file>libsysbm.a</file>
         <name>hostclose.c.obj</name>
      </input_file>
      <input_file id="fl-ff">
         <path>D:\TI\CSS\ccs\tools\compiler\ti-cgt-armllvm_4.0.4.LTS\lib\armv6m-ti-none-eabi\c\</path>
         <kind>archive</kind>
         <file>libsysbm.a</file>
         <name>hostlseek.c.obj</name>
      </input_file>
      <input_file id="fl-100">
         <path>D:\TI\CSS\ccs\tools\compiler\ti-cgt-armllvm_4.0.4.LTS\lib\armv6m-ti-none-eabi\c\</path>
         <kind>archive</kind>
         <file>libsysbm.a</file>
         <name>hostopen.c.obj</name>
      </input_file>
      <input_file id="fl-101">
         <path>D:\TI\CSS\ccs\tools\compiler\ti-cgt-armllvm_4.0.4.LTS\lib\armv6m-ti-none-eabi\c\</path>
         <kind>archive</kind>
         <file>libsysbm.a</file>
         <name>hostread.c.obj</name>
      </input_file>
      <input_file id="fl-102">
         <path>D:\TI\CSS\ccs\tools\compiler\ti-cgt-armllvm_4.0.4.LTS\lib\armv6m-ti-none-eabi\c\</path>
         <kind>archive</kind>
         <file>libsysbm.a</file>
         <name>hostrename.c.obj</name>
      </input_file>
      <input_file id="fl-103">
         <path>D:\TI\CSS\ccs\tools\compiler\ti-cgt-armllvm_4.0.4.LTS\lib\armv6m-ti-none-eabi\c\</path>
         <kind>archive</kind>
         <file>libsysbm.a</file>
         <name>hostunlink.c.obj</name>
      </input_file>
      <input_file id="fl-104">
         <path>D:\TI\CSS\ccs\tools\compiler\ti-cgt-armllvm_4.0.4.LTS\lib\armv6m-ti-none-eabi\c\</path>
         <kind>archive</kind>
         <file>libsysbm.a</file>
         <name>hostwrite.c.obj</name>
      </input_file>
      <input_file id="fl-105">
         <path>D:\TI\CSS\ccs\tools\compiler\ti-cgt-armllvm_4.0.4.LTS\lib\armv6m-ti-none-eabi\c\</path>
         <kind>archive</kind>
         <file>libsysbm.a</file>
         <name>trgmsg.c.obj</name>
      </input_file>
      <input_file id="fl-106">
         <path>D:\TI\CSS\ccs\tools\compiler\ti-cgt-armllvm_4.0.4.LTS\lib\armv6m-ti-none-eabi\</path>
         <kind>archive</kind>
         <file>libclang_rt.builtins.a</file>
         <name>addsf3.S.obj</name>
      </input_file>
      <input_file id="fl-107">
         <path>D:\TI\CSS\ccs\tools\compiler\ti-cgt-armllvm_4.0.4.LTS\lib\armv6m-ti-none-eabi\</path>
         <kind>archive</kind>
         <file>libclang_rt.builtins.a</file>
         <name>adddf3.S.obj</name>
      </input_file>
      <input_file id="fl-108">
         <path>D:\TI\CSS\ccs\tools\compiler\ti-cgt-armllvm_4.0.4.LTS\lib\armv6m-ti-none-eabi\</path>
         <kind>archive</kind>
         <file>libclang_rt.builtins.a</file>
         <name>muldf3.S.obj</name>
      </input_file>
      <input_file id="fl-109">
         <path>D:\TI\CSS\ccs\tools\compiler\ti-cgt-armllvm_4.0.4.LTS\lib\armv6m-ti-none-eabi\</path>
         <kind>archive</kind>
         <file>libclang_rt.builtins.a</file>
         <name>muldsi3.S.obj</name>
      </input_file>
      <input_file id="fl-10a">
         <path>D:\TI\CSS\ccs\tools\compiler\ti-cgt-armllvm_4.0.4.LTS\lib\armv6m-ti-none-eabi\</path>
         <kind>archive</kind>
         <file>libclang_rt.builtins.a</file>
         <name>mulsf3.S.obj</name>
      </input_file>
      <input_file id="fl-10b">
         <path>D:\TI\CSS\ccs\tools\compiler\ti-cgt-armllvm_4.0.4.LTS\lib\armv6m-ti-none-eabi\</path>
         <kind>archive</kind>
         <file>libclang_rt.builtins.a</file>
         <name>divsf3.S.obj</name>
      </input_file>
      <input_file id="fl-10c">
         <path>D:\TI\CSS\ccs\tools\compiler\ti-cgt-armllvm_4.0.4.LTS\lib\armv6m-ti-none-eabi\</path>
         <kind>archive</kind>
         <file>libclang_rt.builtins.a</file>
         <name>divdf3.S.obj</name>
      </input_file>
      <input_file id="fl-10d">
         <path>D:\TI\CSS\ccs\tools\compiler\ti-cgt-armllvm_4.0.4.LTS\lib\armv6m-ti-none-eabi\</path>
         <kind>archive</kind>
         <file>libclang_rt.builtins.a</file>
         <name>extendsfdf2.S.obj</name>
      </input_file>
      <input_file id="fl-10e">
         <path>D:\TI\CSS\ccs\tools\compiler\ti-cgt-armllvm_4.0.4.LTS\lib\armv6m-ti-none-eabi\</path>
         <kind>archive</kind>
         <file>libclang_rt.builtins.a</file>
         <name>fixdfsi.S.obj</name>
      </input_file>
      <input_file id="fl-10f">
         <path>D:\TI\CSS\ccs\tools\compiler\ti-cgt-armllvm_4.0.4.LTS\lib\armv6m-ti-none-eabi\</path>
         <kind>archive</kind>
         <file>libclang_rt.builtins.a</file>
         <name>fixsfsi.S.obj</name>
      </input_file>
      <input_file id="fl-110">
         <path>D:\TI\CSS\ccs\tools\compiler\ti-cgt-armllvm_4.0.4.LTS\lib\armv6m-ti-none-eabi\</path>
         <kind>archive</kind>
         <file>libclang_rt.builtins.a</file>
         <name>floatsidf.S.obj</name>
      </input_file>
      <input_file id="fl-111">
         <path>D:\TI\CSS\ccs\tools\compiler\ti-cgt-armllvm_4.0.4.LTS\lib\armv6m-ti-none-eabi\</path>
         <kind>archive</kind>
         <file>libclang_rt.builtins.a</file>
         <name>floatsisf.S.obj</name>
      </input_file>
      <input_file id="fl-112">
         <path>D:\TI\CSS\ccs\tools\compiler\ti-cgt-armllvm_4.0.4.LTS\lib\armv6m-ti-none-eabi\</path>
         <kind>archive</kind>
         <file>libclang_rt.builtins.a</file>
         <name>floatunsisf.S.obj</name>
      </input_file>
      <input_file id="fl-113">
         <path>D:\TI\CSS\ccs\tools\compiler\ti-cgt-armllvm_4.0.4.LTS\lib\armv6m-ti-none-eabi\</path>
         <kind>archive</kind>
         <file>libclang_rt.builtins.a</file>
         <name>muldi3.S.obj</name>
      </input_file>
      <input_file id="fl-114">
         <path>D:\TI\CSS\ccs\tools\compiler\ti-cgt-armllvm_4.0.4.LTS\lib\armv6m-ti-none-eabi\</path>
         <kind>archive</kind>
         <file>libclang_rt.builtins.a</file>
         <name>truncdfsf2.S.obj</name>
      </input_file>
      <input_file id="fl-115">
         <path>D:\TI\CSS\ccs\tools\compiler\ti-cgt-armllvm_4.0.4.LTS\lib\armv6m-ti-none-eabi\</path>
         <kind>archive</kind>
         <file>libclang_rt.builtins.a</file>
         <name>aeabi_dcmp.S.obj</name>
      </input_file>
      <input_file id="fl-116">
         <path>D:\TI\CSS\ccs\tools\compiler\ti-cgt-armllvm_4.0.4.LTS\lib\armv6m-ti-none-eabi\</path>
         <kind>archive</kind>
         <file>libclang_rt.builtins.a</file>
         <name>aeabi_fcmp.S.obj</name>
      </input_file>
      <input_file id="fl-117">
         <path>D:\TI\CSS\ccs\tools\compiler\ti-cgt-armllvm_4.0.4.LTS\lib\armv6m-ti-none-eabi\</path>
         <kind>archive</kind>
         <file>libclang_rt.builtins.a</file>
         <name>aeabi_idivmod.S.obj</name>
      </input_file>
      <input_file id="fl-118">
         <path>D:\TI\CSS\ccs\tools\compiler\ti-cgt-armllvm_4.0.4.LTS\lib\armv6m-ti-none-eabi\</path>
         <kind>archive</kind>
         <file>libclang_rt.builtins.a</file>
         <name>aeabi_memcpy.S.obj</name>
      </input_file>
      <input_file id="fl-119">
         <path>D:\TI\CSS\ccs\tools\compiler\ti-cgt-armllvm_4.0.4.LTS\lib\armv6m-ti-none-eabi\</path>
         <kind>archive</kind>
         <file>libclang_rt.builtins.a</file>
         <name>aeabi_memset.S.obj</name>
      </input_file>
      <input_file id="fl-11a">
         <path>D:\TI\CSS\ccs\tools\compiler\ti-cgt-armllvm_4.0.4.LTS\lib\armv6m-ti-none-eabi\</path>
         <kind>archive</kind>
         <file>libclang_rt.builtins.a</file>
         <name>aeabi_uidivmod.S.obj</name>
      </input_file>
      <input_file id="fl-11b">
         <path>D:\TI\CSS\ccs\tools\compiler\ti-cgt-armllvm_4.0.4.LTS\lib\armv6m-ti-none-eabi\</path>
         <kind>archive</kind>
         <file>libclang_rt.builtins.a</file>
         <name>aeabi_uldivmod.S.obj</name>
      </input_file>
      <input_file id="fl-11c">
         <path>D:\TI\CSS\ccs\tools\compiler\ti-cgt-armllvm_4.0.4.LTS\lib\armv6m-ti-none-eabi\</path>
         <kind>archive</kind>
         <file>libclang_rt.builtins.a</file>
         <name>comparesf2.S.obj</name>
      </input_file>
      <input_file id="fl-11d">
         <path>D:\TI\CSS\ccs\tools\compiler\ti-cgt-armllvm_4.0.4.LTS\lib\armv6m-ti-none-eabi\</path>
         <kind>archive</kind>
         <file>libclang_rt.builtins.a</file>
         <name>udivmoddi4.S.obj</name>
      </input_file>
      <input_file id="fl-11e">
         <path>D:\TI\CSS\ccs\tools\compiler\ti-cgt-armllvm_4.0.4.LTS\lib\armv6m-ti-none-eabi\</path>
         <kind>archive</kind>
         <file>libclang_rt.builtins.a</file>
         <name>ashldi3.S.obj</name>
      </input_file>
      <input_file id="fl-11f">
         <path>D:\TI\CSS\ccs\tools\compiler\ti-cgt-armllvm_4.0.4.LTS\lib\armv6m-ti-none-eabi\</path>
         <kind>archive</kind>
         <file>libclang_rt.builtins.a</file>
         <name>comparedf2.c.obj</name>
      </input_file>
      <input_file id="fl-120">
         <path>D:\TI\CSS\ccs\tools\compiler\ti-cgt-armllvm_4.0.4.LTS\lib\armv6m-ti-none-eabi\</path>
         <kind>archive</kind>
         <file>libclang_rt.builtins.a</file>
         <name>aeabi_div0.c.obj</name>
      </input_file>
      <input_file id="fl-121">
         <path>D:\TI\CSS\ccs\tools\compiler\ti-cgt-armllvm_4.0.4.LTS\lib\armv6m-ti-none-eabi\c\</path>
         <kind>archive</kind>
         <file>libc.a</file>
         <name>memcpy16.S.obj</name>
      </input_file>
      <input_file id="fl-122">
         <path>D:\TI\CSS\ccs\tools\compiler\ti-cgt-armllvm_4.0.4.LTS\lib\armv6m-ti-none-eabi\c\</path>
         <kind>archive</kind>
         <file>libc.a</file>
         <name>memset16.S.obj</name>
      </input_file>
   </input_file_list>
   <object_component_list>
      <object_component id="oc-18">
         <name>.intvecs</name>
         <load_address>0x0</load_address>
         <readonly>true</readonly>
         <run_address>0x0</run_address>
         <size>0xc0</size>
         <alignment>0x4</alignment>
         <input_file_ref idref="fl-3"/>
      </object_component>
      <object_component id="oc-10b">
         <name>.text.OLED_Clear</name>
         <load_address>0xc0</load_address>
         <readonly>true</readonly>
         <executable>true</executable>
         <run_address>0xc0</run_address>
         <size>0xc20</size>
         <alignment>0x4</alignment>
         <input_file_ref idref="fl-e"/>
      </object_component>
      <object_component id="oc-269">
         <name>.text:__TI_printfi</name>
         <load_address>0xce0</load_address>
         <readonly>true</readonly>
         <executable>true</executable>
         <run_address>0xce0</run_address>
         <size>0x9d0</size>
         <alignment>0x4</alignment>
         <input_file_ref idref="fl-3e"/>
      </object_component>
      <object_component id="oc-d3">
         <name>.text.MadgwickAHRSupdateIMU</name>
         <load_address>0x16b0</load_address>
         <readonly>true</readonly>
         <executable>true</executable>
         <run_address>0x16b0</run_address>
         <size>0x564</size>
         <alignment>0x4</alignment>
         <input_file_ref idref="fl-8"/>
      </object_component>
      <object_component id="oc-106">
         <name>.text.OLED_Init</name>
         <load_address>0x1c14</load_address>
         <readonly>true</readonly>
         <executable>true</executable>
         <run_address>0x1c14</run_address>
         <size>0x374</size>
         <alignment>0x4</alignment>
         <input_file_ref idref="fl-e"/>
      </object_component>
      <object_component id="oc-ba">
         <name>.text.PID_ExecuteNode</name>
         <load_address>0x1f88</load_address>
         <readonly>true</readonly>
         <executable>true</executable>
         <run_address>0x1f88</run_address>
         <size>0x288</size>
         <alignment>0x4</alignment>
         <input_file_ref idref="fl-d"/>
      </object_component>
      <object_component id="oc-1c9">
         <name>.text.OLED_ShowChar</name>
         <load_address>0x2210</load_address>
         <readonly>true</readonly>
         <executable>true</executable>
         <run_address>0x2210</run_address>
         <size>0x270</size>
         <alignment>0x4</alignment>
         <input_file_ref idref="fl-e"/>
      </object_component>
      <object_component id="oc-7f">
         <name>.text.MPU6050_Update</name>
         <load_address>0x2480</load_address>
         <readonly>true</readonly>
         <executable>true</executable>
         <run_address>0x2480</run_address>
         <size>0x234</size>
         <alignment>0x4</alignment>
         <input_file_ref idref="fl-b"/>
      </object_component>
      <object_component id="oc-2c4">
         <name>.text._pconv_a</name>
         <load_address>0x26b4</load_address>
         <readonly>true</readonly>
         <executable>true</executable>
         <run_address>0x26b4</run_address>
         <size>0x220</size>
         <alignment>0x4</alignment>
         <input_file_ref idref="fl-3e"/>
      </object_component>
      <object_component id="oc-9a">
         <name>.text.main</name>
         <load_address>0x28d4</load_address>
         <readonly>true</readonly>
         <executable>true</executable>
         <run_address>0x28d4</run_address>
         <size>0x208</size>
         <alignment>0x4</alignment>
         <input_file_ref idref="fl-1"/>
      </object_component>
      <object_component id="oc-1dc">
         <name>.text.PID_Node_Init</name>
         <load_address>0x2adc</load_address>
         <readonly>true</readonly>
         <executable>true</executable>
         <run_address>0x2adc</run_address>
         <size>0x204</size>
         <alignment>0x4</alignment>
         <input_file_ref idref="fl-d"/>
      </object_component>
      <object_component id="oc-2c9">
         <name>.text._pconv_g</name>
         <load_address>0x2ce0</load_address>
         <readonly>true</readonly>
         <executable>true</executable>
         <run_address>0x2ce0</run_address>
         <size>0x1dc</size>
         <alignment>0x4</alignment>
         <input_file_ref idref="fl-3e"/>
      </object_component>
      <object_component id="oc-67">
         <name>.text.Encoder_Transition</name>
         <load_address>0x2ebc</load_address>
         <readonly>true</readonly>
         <executable>true</executable>
         <run_address>0x2ebc</run_address>
         <size>0x1d0</size>
         <alignment>0x2</alignment>
         <input_file_ref idref="fl-1"/>
      </object_component>
      <object_component id="oc-21c">
         <name>.text.atanf</name>
         <load_address>0x308c</load_address>
         <readonly>true</readonly>
         <executable>true</executable>
         <run_address>0x308c</run_address>
         <size>0x1c8</size>
         <alignment>0x4</alignment>
         <input_file_ref idref="fl-3c"/>
      </object_component>
      <object_component id="oc-171">
         <name>.text.TI_I2C_ReadLen</name>
         <load_address>0x3254</load_address>
         <readonly>true</readonly>
         <executable>true</executable>
         <run_address>0x3254</run_address>
         <size>0x1b0</size>
         <alignment>0x4</alignment>
         <input_file_ref idref="fl-a"/>
      </object_component>
      <object_component id="oc-120">
         <name>.text.Control_Init</name>
         <load_address>0x3404</load_address>
         <readonly>true</readonly>
         <executable>true</executable>
         <run_address>0x3404</run_address>
         <size>0x1a8</size>
         <alignment>0x4</alignment>
         <input_file_ref idref="fl-4"/>
      </object_component>
      <object_component id="oc-22f">
         <name>.text.adddf3_subdf3</name>
         <load_address>0x35ac</load_address>
         <readonly>true</readonly>
         <executable>true</executable>
         <run_address>0x35ac</run_address>
         <size>0x192</size>
         <alignment>0x4</alignment>
         <input_file_ref idref="fl-107"/>
      </object_component>
      <object_component id="oc-33">
         <name>.text.Default_Handler</name>
         <load_address>0x373e</load_address>
         <readonly>true</readonly>
         <executable>true</executable>
         <run_address>0x373e</run_address>
         <size>0x2</size>
         <alignment>0x2</alignment>
         <input_file_ref idref="fl-3"/>
      </object_component>
      <object_component id="oc-11c">
         <name>.text.MPU6050_Calibrate</name>
         <load_address>0x3740</load_address>
         <readonly>true</readonly>
         <executable>true</executable>
         <run_address>0x3740</run_address>
         <size>0x190</size>
         <alignment>0x4</alignment>
         <input_file_ref idref="fl-b"/>
      </object_component>
      <object_component id="oc-10f">
         <name>.text.OLED_Refresh</name>
         <load_address>0x38d0</load_address>
         <readonly>true</readonly>
         <executable>true</executable>
         <run_address>0x38d0</run_address>
         <size>0x190</size>
         <alignment>0x4</alignment>
         <input_file_ref idref="fl-e"/>
      </object_component>
      <object_component id="oc-22b">
         <name>.text.sqrt</name>
         <load_address>0x3a60</load_address>
         <readonly>true</readonly>
         <executable>true</executable>
         <run_address>0x3a60</run_address>
         <size>0x170</size>
         <alignment>0x4</alignment>
         <input_file_ref idref="fl-53"/>
      </object_component>
      <object_component id="oc-1ac">
         <name>.text.SYSCFG_DL_GPIO_init</name>
         <load_address>0x3bd0</load_address>
         <readonly>true</readonly>
         <executable>true</executable>
         <run_address>0x3bd0</run_address>
         <size>0x16c</size>
         <alignment>0x4</alignment>
         <input_file_ref idref="fl-2"/>
      </object_component>
      <object_component id="oc-d9">
         <name>.text.Get_Euler_Angles</name>
         <load_address>0x3d3c</load_address>
         <readonly>true</readonly>
         <executable>true</executable>
         <run_address>0x3d3c</run_address>
         <size>0x168</size>
         <alignment>0x4</alignment>
         <input_file_ref idref="fl-8"/>
      </object_component>
      <object_component id="oc-18a">
         <name>.text.asinf</name>
         <load_address>0x3ea4</load_address>
         <readonly>true</readonly>
         <executable>true</executable>
         <run_address>0x3ea4</run_address>
         <size>0x160</size>
         <alignment>0x4</alignment>
         <input_file_ref idref="fl-39"/>
      </object_component>
      <object_component id="oc-12b">
         <name>.text.task1</name>
         <load_address>0x4004</load_address>
         <readonly>true</readonly>
         <executable>true</executable>
         <run_address>0x4004</run_address>
         <size>0x14c</size>
         <alignment>0x4</alignment>
         <input_file_ref idref="fl-1"/>
      </object_component>
      <object_component id="oc-39">
         <name>.text.GROUP1_IRQHandler</name>
         <load_address>0x4150</load_address>
         <readonly>true</readonly>
         <executable>true</executable>
         <run_address>0x4150</run_address>
         <size>0x13c</size>
         <alignment>0x4</alignment>
         <input_file_ref idref="fl-1"/>
      </object_component>
      <object_component id="oc-306">
         <name>.text.fcvt</name>
         <load_address>0x428c</load_address>
         <readonly>true</readonly>
         <executable>true</executable>
         <run_address>0x428c</run_address>
         <size>0x13c</size>
         <alignment>0x4</alignment>
         <input_file_ref idref="fl-3e"/>
      </object_component>
      <object_component id="oc-75">
         <name>.text.CalculateGrayError_Advanced</name>
         <load_address>0x43c8</load_address>
         <readonly>true</readonly>
         <executable>true</executable>
         <run_address>0x43c8</run_address>
         <size>0x138</size>
         <alignment>0x4</alignment>
         <input_file_ref idref="fl-f"/>
      </object_component>
      <object_component id="oc-2cb">
         <name>.text._pconv_e</name>
         <load_address>0x4500</load_address>
         <readonly>true</readonly>
         <executable>true</executable>
         <run_address>0x4500</run_address>
         <size>0x120</size>
         <alignment>0x4</alignment>
         <input_file_ref idref="fl-3e"/>
      </object_component>
      <object_component id="oc-85">
         <name>.text.UpdateSpeedFeedback</name>
         <load_address>0x4620</load_address>
         <readonly>true</readonly>
         <executable>true</executable>
         <run_address>0x4620</run_address>
         <size>0x11c</size>
         <alignment>0x4</alignment>
         <input_file_ref idref="fl-4"/>
      </object_component>
      <object_component id="oc-186">
         <name>.text.atan2f</name>
         <load_address>0x473c</load_address>
         <readonly>true</readonly>
         <executable>true</executable>
         <run_address>0x473c</run_address>
         <size>0x118</size>
         <alignment>0x4</alignment>
         <input_file_ref idref="fl-3a"/>
      </object_component>
      <object_component id="oc-302">
         <name>.text.__divdf3</name>
         <load_address>0x4854</load_address>
         <readonly>true</readonly>
         <executable>true</executable>
         <run_address>0x4854</run_address>
         <size>0x10c</size>
         <alignment>0x4</alignment>
         <input_file_ref idref="fl-10c"/>
      </object_component>
      <object_component id="oc-240">
         <name>.text.DL_Timer_initFourCCPWMMode</name>
         <load_address>0x4960</load_address>
         <readonly>true</readonly>
         <executable>true</executable>
         <run_address>0x4960</run_address>
         <size>0x104</size>
         <alignment>0x4</alignment>
         <input_file_ref idref="fl-21"/>
      </object_component>
      <object_component id="oc-1e0">
         <name>.text.PID_Node_SetLimit</name>
         <load_address>0x4a64</load_address>
         <readonly>true</readonly>
         <executable>true</executable>
         <run_address>0x4a64</run_address>
         <size>0x104</size>
         <alignment>0x4</alignment>
         <input_file_ref idref="fl-d"/>
      </object_component>
      <object_component id="oc-245">
         <name>.text.DL_Timer_initTimerMode</name>
         <load_address>0x4b68</load_address>
         <readonly>true</readonly>
         <executable>true</executable>
         <run_address>0x4b68</run_address>
         <size>0xfc</size>
         <alignment>0x4</alignment>
         <input_file_ref idref="fl-21"/>
      </object_component>
      <object_component id="oc-3f">
         <name>.text.TIMA0_IRQHandler</name>
         <load_address>0x4c64</load_address>
         <readonly>true</readonly>
         <executable>true</executable>
         <run_address>0x4c64</run_address>
         <size>0xfc</size>
         <alignment>0x4</alignment>
         <input_file_ref idref="fl-1"/>
      </object_component>
      <object_component id="oc-1cc">
         <name>.text.TI_I2C_ReadByte</name>
         <load_address>0x4d60</load_address>
         <readonly>true</readonly>
         <executable>true</executable>
         <run_address>0x4d60</run_address>
         <size>0xf8</size>
         <alignment>0x4</alignment>
         <input_file_ref idref="fl-a"/>
      </object_component>
      <object_component id="oc-12a">
         <name>.text.MulitKey_Scan</name>
         <load_address>0x4e58</load_address>
         <readonly>true</readonly>
         <executable>true</executable>
         <run_address>0x4e58</run_address>
         <size>0xf4</size>
         <alignment>0x4</alignment>
         <input_file_ref idref="fl-10"/>
      </object_component>
      <object_component id="oc-111">
         <name>.text.MPU_Init</name>
         <load_address>0x4f4c</load_address>
         <readonly>true</readonly>
         <executable>true</executable>
         <run_address>0x4f4c</run_address>
         <size>0xe8</size>
         <alignment>0x4</alignment>
         <input_file_ref idref="fl-9"/>
      </object_component>
      <object_component id="oc-194">
         <name>.text.__muldf3</name>
         <load_address>0x5034</load_address>
         <readonly>true</readonly>
         <executable>true</executable>
         <run_address>0x5034</run_address>
         <size>0xe4</size>
         <alignment>0x4</alignment>
         <input_file_ref idref="fl-108"/>
      </object_component>
      <object_component id="oc-2e5">
         <name>.text.scalbn</name>
         <load_address>0x5118</load_address>
         <readonly>true</readonly>
         <executable>true</executable>
         <run_address>0x5118</run_address>
         <size>0xd8</size>
         <alignment>0x4</alignment>
         <input_file_ref idref="fl-55"/>
      </object_component>
      <object_component id="oc-a5">
         <name>.text</name>
         <load_address>0x51f0</load_address>
         <readonly>true</readonly>
         <executable>true</executable>
         <run_address>0x51f0</run_address>
         <size>0xd8</size>
         <alignment>0x4</alignment>
         <input_file_ref idref="fl-106"/>
      </object_component>
      <object_component id="oc-2dc">
         <name>.text</name>
         <load_address>0x52c8</load_address>
         <readonly>true</readonly>
         <executable>true</executable>
         <run_address>0x52c8</run_address>
         <size>0xa2</size>
         <alignment>0x4</alignment>
         <input_file_ref idref="fl-11d"/>
      </object_component>
      <object_component id="oc-238">
         <name>.text.__aeabi_idiv0</name>
         <load_address>0x536a</load_address>
         <readonly>true</readonly>
         <executable>true</executable>
         <run_address>0x536a</run_address>
         <size>0x2</size>
         <alignment>0x2</alignment>
         <input_file_ref idref="fl-120"/>
      </object_component>
      <object_component id="oc-217">
         <name>.text.sqrtf</name>
         <load_address>0x536c</load_address>
         <readonly>true</readonly>
         <executable>true</executable>
         <run_address>0x536c</run_address>
         <size>0xa0</size>
         <alignment>0x4</alignment>
         <input_file_ref idref="fl-3b"/>
      </object_component>
      <object_component id="oc-f3">
         <name>.text:memcpy</name>
         <load_address>0x540c</load_address>
         <readonly>true</readonly>
         <executable>true</executable>
         <run_address>0x540c</run_address>
         <size>0x9a</size>
         <alignment>0x1</alignment>
         <input_file_ref idref="fl-121"/>
      </object_component>
      <object_component id="oc-30b">
         <name>.text.__aeabi_ldiv0</name>
         <load_address>0x54a6</load_address>
         <readonly>true</readonly>
         <executable>true</executable>
         <run_address>0x54a6</run_address>
         <size>0x2</size>
         <alignment>0x2</alignment>
         <input_file_ref idref="fl-120"/>
      </object_component>
      <object_component id="oc-1ae">
         <name>.text.SYSCFG_DL_PWM_0_init</name>
         <load_address>0x54a8</load_address>
         <readonly>true</readonly>
         <executable>true</executable>
         <run_address>0x54a8</run_address>
         <size>0x98</size>
         <alignment>0x4</alignment>
         <input_file_ref idref="fl-2"/>
      </object_component>
      <object_component id="oc-1ca">
         <name>.text.TI_I2C_WriteByte</name>
         <load_address>0x5540</load_address>
         <readonly>true</readonly>
         <executable>true</executable>
         <run_address>0x5540</run_address>
         <size>0x94</size>
         <alignment>0x4</alignment>
         <input_file_ref idref="fl-a"/>
      </object_component>
      <object_component id="oc-79">
         <name>.text.Control_SetGrayTarget</name>
         <load_address>0x55d4</load_address>
         <readonly>true</readonly>
         <executable>true</executable>
         <run_address>0x55d4</run_address>
         <size>0x90</size>
         <alignment>0x4</alignment>
         <input_file_ref idref="fl-4"/>
      </object_component>
      <object_component id="oc-10e">
         <name>.text.OLED_ShowString</name>
         <load_address>0x5664</load_address>
         <readonly>true</readonly>
         <executable>true</executable>
         <run_address>0x5664</run_address>
         <size>0x8c</size>
         <alignment>0x2</alignment>
         <input_file_ref idref="fl-e"/>
      </object_component>
      <object_component id="oc-cf">
         <name>.text.__mulsf3</name>
         <load_address>0x56f0</load_address>
         <readonly>true</readonly>
         <executable>true</executable>
         <run_address>0x56f0</run_address>
         <size>0x8c</size>
         <alignment>0x4</alignment>
         <input_file_ref idref="fl-10a"/>
      </object_component>
      <object_component id="oc-1aa">
         <name>.text.SYSCFG_DL_initPower</name>
         <load_address>0x577c</load_address>
         <readonly>true</readonly>
         <executable>true</executable>
         <run_address>0x577c</run_address>
         <size>0x88</size>
         <alignment>0x4</alignment>
         <input_file_ref idref="fl-2"/>
      </object_component>
      <object_component id="oc-fe">
         <name>.text.__NVIC_SetPriority</name>
         <load_address>0x5804</load_address>
         <readonly>true</readonly>
         <executable>true</executable>
         <run_address>0x5804</run_address>
         <size>0x84</size>
         <alignment>0x4</alignment>
         <input_file_ref idref="fl-1"/>
      </object_component>
      <object_component id="oc-ad">
         <name>.text.__divsf3</name>
         <load_address>0x5888</load_address>
         <readonly>true</readonly>
         <executable>true</executable>
         <run_address>0x5888</run_address>
         <size>0x82</size>
         <alignment>0x4</alignment>
         <input_file_ref idref="fl-10b"/>
      </object_component>
      <object_component id="oc-26a">
         <name>.text._nop</name>
         <load_address>0x590a</load_address>
         <readonly>true</readonly>
         <executable>true</executable>
         <run_address>0x590a</run_address>
         <size>0x2</size>
         <alignment>0x2</alignment>
         <input_file_ref idref="fl-42"/>
      </object_component>
      <object_component id="oc-84">
         <name>.text.Control_UpdateSpeedPID</name>
         <load_address>0x590c</load_address>
         <readonly>true</readonly>
         <executable>true</executable>
         <run_address>0x590c</run_address>
         <size>0x7c</size>
         <alignment>0x4</alignment>
         <input_file_ref idref="fl-4"/>
      </object_component>
      <object_component id="oc-1c">
         <name>.text:decompress:lzss</name>
         <load_address>0x5988</load_address>
         <readonly>true</readonly>
         <executable>true</executable>
         <run_address>0x5988</run_address>
         <size>0x7c</size>
         <alignment>0x4</alignment>
         <input_file_ref idref="fl-52"/>
      </object_component>
      <object_component id="oc-182">
         <name>.text.invSqrt</name>
         <load_address>0x5a04</load_address>
         <readonly>true</readonly>
         <executable>true</executable>
         <run_address>0x5a04</run_address>
         <size>0x78</size>
         <alignment>0x4</alignment>
         <input_file_ref idref="fl-8"/>
      </object_component>
      <object_component id="oc-300">
         <name>.text.__gedf2</name>
         <load_address>0x5a7c</load_address>
         <readonly>true</readonly>
         <executable>true</executable>
         <run_address>0x5a7c</run_address>
         <size>0x74</size>
         <alignment>0x4</alignment>
         <input_file_ref idref="fl-11f"/>
      </object_component>
      <object_component id="oc-198">
         <name>.text.__truncdfsf2</name>
         <load_address>0x5af0</load_address>
         <readonly>true</readonly>
         <executable>true</executable>
         <run_address>0x5af0</run_address>
         <size>0x74</size>
         <alignment>0x10</alignment>
         <input_file_ref idref="fl-114"/>
      </object_component>
      <object_component id="oc-10d">
         <name>.text.OLED_DisPlay_On</name>
         <load_address>0x5b64</load_address>
         <readonly>true</readonly>
         <executable>true</executable>
         <run_address>0x5b64</run_address>
         <size>0x70</size>
         <alignment>0x4</alignment>
         <input_file_ref idref="fl-e"/>
      </object_component>
      <object_component id="oc-1b2">
         <name>.text.SYSCFG_DL_UART_0_init</name>
         <load_address>0x5bd4</load_address>
         <readonly>true</readonly>
         <executable>true</executable>
         <run_address>0x5bd4</run_address>
         <size>0x70</size>
         <alignment>0x4</alignment>
         <input_file_ref idref="fl-2"/>
      </object_component>
      <object_component id="oc-e3">
         <name>.text.Motor_setSpeed</name>
         <load_address>0x5c44</load_address>
         <readonly>true</readonly>
         <executable>true</executable>
         <run_address>0x5c44</run_address>
         <size>0x6c</size>
         <alignment>0x4</alignment>
         <input_file_ref idref="fl-c"/>
      </object_component>
      <object_component id="oc-2fa">
         <name>.text.__ledf2</name>
         <load_address>0x5cb0</load_address>
         <readonly>true</readonly>
         <executable>true</executable>
         <run_address>0x5cb0</run_address>
         <size>0x68</size>
         <alignment>0x4</alignment>
         <input_file_ref idref="fl-11f"/>
      </object_component>
      <object_component id="oc-2f9">
         <name>.text._mcpy</name>
         <load_address>0x5d18</load_address>
         <readonly>true</readonly>
         <executable>true</executable>
         <run_address>0x5d18</run_address>
         <size>0x66</size>
         <alignment>0x2</alignment>
         <input_file_ref idref="fl-3e"/>
      </object_component>
      <object_component id="oc-2c5">
         <name>.text.__aeabi_dcmp</name>
         <load_address>0x5d80</load_address>
         <readonly>true</readonly>
         <executable>true</executable>
         <run_address>0x5d80</run_address>
         <size>0x62</size>
         <alignment>0x4</alignment>
         <input_file_ref idref="fl-115"/>
      </object_component>
      <object_component id="oc-bb">
         <name>.text.__aeabi_fcmp</name>
         <load_address>0x5de4</load_address>
         <readonly>true</readonly>
         <executable>true</executable>
         <run_address>0x5de4</run_address>
         <size>0x62</size>
         <alignment>0x4</alignment>
         <input_file_ref idref="fl-116"/>
      </object_component>
      <object_component id="oc-1a9">
         <name>.text:memset</name>
         <load_address>0x5e46</load_address>
         <readonly>true</readonly>
         <executable>true</executable>
         <run_address>0x5e46</run_address>
         <size>0x62</size>
         <alignment>0x1</alignment>
         <input_file_ref idref="fl-122"/>
      </object_component>
      <object_component id="oc-b4">
         <name>.text.PID_Node_UpdateMeasurement</name>
         <load_address>0x5ea8</load_address>
         <readonly>true</readonly>
         <executable>true</executable>
         <run_address>0x5ea8</run_address>
         <size>0x60</size>
         <alignment>0x4</alignment>
         <input_file_ref idref="fl-d"/>
      </object_component>
      <object_component id="oc-1b3">
         <name>.text.SYSCFG_DL_UART_1_init</name>
         <load_address>0x5f08</load_address>
         <readonly>true</readonly>
         <executable>true</executable>
         <run_address>0x5f08</run_address>
         <size>0x60</size>
         <alignment>0x4</alignment>
         <input_file_ref idref="fl-2"/>
      </object_component>
      <object_component id="oc-1b4">
         <name>.text.SYSCFG_DL_UART_2_init</name>
         <load_address>0x5f68</load_address>
         <readonly>true</readonly>
         <executable>true</executable>
         <run_address>0x5f68</run_address>
         <size>0x60</size>
         <alignment>0x4</alignment>
         <input_file_ref idref="fl-2"/>
      </object_component>
      <object_component id="oc-20d">
         <name>.text.DL_I2C_fillControllerTXFIFO</name>
         <load_address>0x5fc8</load_address>
         <readonly>true</readonly>
         <executable>true</executable>
         <run_address>0x5fc8</run_address>
         <size>0x5e</size>
         <alignment>0x2</alignment>
         <input_file_ref idref="fl-1f"/>
      </object_component>
      <object_component id="oc-2e1">
         <name>.text.frexp</name>
         <load_address>0x6028</load_address>
         <readonly>true</readonly>
         <executable>true</executable>
         <run_address>0x6028</run_address>
         <size>0x5c</size>
         <alignment>0x4</alignment>
         <input_file_ref idref="fl-54"/>
      </object_component>
      <object_component id="oc-ff">
         <name>.text.printf</name>
         <load_address>0x6084</load_address>
         <readonly>true</readonly>
         <executable>true</executable>
         <run_address>0x6084</run_address>
         <size>0x5c</size>
         <alignment>0x4</alignment>
         <input_file_ref idref="fl-3d"/>
      </object_component>
      <object_component id="oc-1df">
         <name>.text.PID_Node_SetIntegralAttenuationKp</name>
         <load_address>0x60e0</load_address>
         <readonly>true</readonly>
         <executable>true</executable>
         <run_address>0x60e0</run_address>
         <size>0x58</size>
         <alignment>0x4</alignment>
         <input_file_ref idref="fl-d"/>
      </object_component>
      <object_component id="oc-2ed">
         <name>.text.__TI_ltoa</name>
         <load_address>0x6138</load_address>
         <readonly>true</readonly>
         <executable>true</executable>
         <run_address>0x6138</run_address>
         <size>0x58</size>
         <alignment>0x2</alignment>
         <input_file_ref idref="fl-43"/>
      </object_component>
      <object_component id="oc-2ca">
         <name>.text._pconv_f</name>
         <load_address>0x6190</load_address>
         <readonly>true</readonly>
         <executable>true</executable>
         <run_address>0x6190</run_address>
         <size>0x58</size>
         <alignment>0x2</alignment>
         <input_file_ref idref="fl-3e"/>
      </object_component>
      <object_component id="oc-318">
         <name>.text.__aeabi_idivmod</name>
         <load_address>0x61e8</load_address>
         <readonly>true</readonly>
         <executable>true</executable>
         <run_address>0x61e8</run_address>
         <size>0x56</size>
         <alignment>0x4</alignment>
         <input_file_ref idref="fl-117"/>
      </object_component>
      <object_component id="oc-1b1">
         <name>.text.SYSCFG_DL_I2C_6050_init</name>
         <load_address>0x6240</load_address>
         <readonly>true</readonly>
         <executable>true</executable>
         <run_address>0x6240</run_address>
         <size>0x54</size>
         <alignment>0x4</alignment>
         <input_file_ref idref="fl-2"/>
      </object_component>
      <object_component id="oc-f8">
         <name>.text.SYSCFG_DL_init</name>
         <load_address>0x6294</load_address>
         <readonly>true</readonly>
         <executable>true</executable>
         <run_address>0x6294</run_address>
         <size>0x54</size>
         <alignment>0x4</alignment>
         <input_file_ref idref="fl-2"/>
      </object_component>
      <object_component id="oc-2f7">
         <name>.text._ecpy</name>
         <load_address>0x62e8</load_address>
         <readonly>true</readonly>
         <executable>true</executable>
         <run_address>0x62e8</run_address>
         <size>0x52</size>
         <alignment>0x2</alignment>
         <input_file_ref idref="fl-3e"/>
      </object_component>
      <object_component id="oc-bf">
         <name>.text.PID_Node_SetSetpoint</name>
         <load_address>0x633c</load_address>
         <readonly>true</readonly>
         <executable>true</executable>
         <run_address>0x633c</run_address>
         <size>0x50</size>
         <alignment>0x4</alignment>
         <input_file_ref idref="fl-d"/>
      </object_component>
      <object_component id="oc-1e6">
         <name>.text.AngleErrorCallback</name>
         <load_address>0x638c</load_address>
         <readonly>true</readonly>
         <executable>true</executable>
         <run_address>0x638c</run_address>
         <size>0x4c</size>
         <alignment>0x4</alignment>
         <input_file_ref idref="fl-4"/>
      </object_component>
      <object_component id="oc-1b5">
         <name>.text.SYSCFG_DL_SPI_init</name>
         <load_address>0x63d8</load_address>
         <readonly>true</readonly>
         <executable>true</executable>
         <run_address>0x63d8</run_address>
         <size>0x4c</size>
         <alignment>0x4</alignment>
         <input_file_ref idref="fl-2"/>
      </object_component>
      <object_component id="oc-1ad">
         <name>.text.SYSCFG_DL_SYSCTL_init</name>
         <load_address>0x6424</load_address>
         <readonly>true</readonly>
         <executable>true</executable>
         <run_address>0x6424</run_address>
         <size>0x4c</size>
         <alignment>0x4</alignment>
         <input_file_ref idref="fl-2"/>
      </object_component>
      <object_component id="oc-112">
         <name>.text.snprintf</name>
         <load_address>0x6470</load_address>
         <readonly>true</readonly>
         <executable>true</executable>
         <run_address>0x6470</run_address>
         <size>0x4c</size>
         <alignment>0x4</alignment>
         <input_file_ref idref="fl-3f"/>
      </object_component>
      <object_component id="oc-2e9">
         <name>.text.__fixdfsi</name>
         <load_address>0x64bc</load_address>
         <readonly>true</readonly>
         <executable>true</executable>
         <run_address>0x64bc</run_address>
         <size>0x4a</size>
         <alignment>0x4</alignment>
         <input_file_ref idref="fl-10e"/>
      </object_component>
      <object_component id="oc-273">
         <name>.text.fputs</name>
         <load_address>0x6506</load_address>
         <readonly>true</readonly>
         <executable>true</executable>
         <run_address>0x6506</run_address>
         <size>0x4a</size>
         <alignment>0x2</alignment>
         <input_file_ref idref="fl-1"/>
      </object_component>
      <object_component id="oc-252">
         <name>.text.DL_UART_init</name>
         <load_address>0x6550</load_address>
         <readonly>true</readonly>
         <executable>true</executable>
         <run_address>0x6550</run_address>
         <size>0x48</size>
         <alignment>0x4</alignment>
         <input_file_ref idref="fl-22"/>
      </object_component>
      <object_component id="oc-25f">
         <name>.text.DL_SPI_init</name>
         <load_address>0x6598</load_address>
         <readonly>true</readonly>
         <executable>true</executable>
         <run_address>0x6598</run_address>
         <size>0x44</size>
         <alignment>0x4</alignment>
         <input_file_ref idref="fl-20"/>
      </object_component>
      <object_component id="oc-19d">
         <name>.text.__aeabi_uidivmod</name>
         <load_address>0x65dc</load_address>
         <readonly>true</readonly>
         <executable>true</executable>
         <run_address>0x65dc</run_address>
         <size>0x40</size>
         <alignment>0x4</alignment>
         <input_file_ref idref="fl-11a"/>
      </object_component>
      <object_component id="oc-190">
         <name>.text.__extendsfdf2</name>
         <load_address>0x661c</load_address>
         <readonly>true</readonly>
         <executable>true</executable>
         <run_address>0x661c</run_address>
         <size>0x40</size>
         <alignment>0x4</alignment>
         <input_file_ref idref="fl-10d"/>
      </object_component>
      <object_component id="oc-2b3">
         <name>.text.atoi</name>
         <load_address>0x665c</load_address>
         <readonly>true</readonly>
         <executable>true</executable>
         <run_address>0x665c</run_address>
         <size>0x40</size>
         <alignment>0x4</alignment>
         <input_file_ref idref="fl-45"/>
      </object_component>
      <object_component id="oc-213">
         <name>.text.DL_I2C_flushControllerTXFIFO</name>
         <load_address>0x669c</load_address>
         <readonly>true</readonly>
         <executable>true</executable>
         <run_address>0x669c</run_address>
         <size>0x3c</size>
         <alignment>0x4</alignment>
         <input_file_ref idref="fl-1f"/>
      </object_component>
      <object_component id="oc-a9">
         <name>.text.__floatsisf</name>
         <load_address>0x66d8</load_address>
         <readonly>true</readonly>
         <executable>true</executable>
         <run_address>0x66d8</run_address>
         <size>0x3c</size>
         <alignment>0x4</alignment>
         <input_file_ref idref="fl-111"/>
      </object_component>
      <object_component id="oc-16e">
         <name>.text.__gtsf2</name>
         <load_address>0x6714</load_address>
         <readonly>true</readonly>
         <executable>true</executable>
         <run_address>0x6714</run_address>
         <size>0x3c</size>
         <alignment>0x4</alignment>
         <input_file_ref idref="fl-11c"/>
      </object_component>
      <object_component id="oc-129">
         <name>.text.uart0_send_string</name>
         <load_address>0x6750</load_address>
         <readonly>true</readonly>
         <executable>true</executable>
         <run_address>0x6750</run_address>
         <size>0x3c</size>
         <alignment>0x2</alignment>
         <input_file_ref idref="fl-1"/>
      </object_component>
      <object_component id="oc-14c">
         <name>.text:__TI_auto_init_nobinit_nopinit</name>
         <load_address>0x678c</load_address>
         <readonly>true</readonly>
         <executable>true</executable>
         <run_address>0x678c</run_address>
         <size>0x3c</size>
         <alignment>0x4</alignment>
         <input_file_ref idref="fl-4d"/>
      </object_component>
      <object_component id="oc-169">
         <name>.text.__eqsf2</name>
         <load_address>0x67c8</load_address>
         <readonly>true</readonly>
         <executable>true</executable>
         <run_address>0x67c8</run_address>
         <size>0x3a</size>
         <alignment>0x4</alignment>
         <input_file_ref idref="fl-11c"/>
      </object_component>
      <object_component id="oc-179">
         <name>.text.__muldsi3</name>
         <load_address>0x6804</load_address>
         <readonly>true</readonly>
         <executable>true</executable>
         <run_address>0x6804</run_address>
         <size>0x3a</size>
         <alignment>0x4</alignment>
         <input_file_ref idref="fl-109"/>
      </object_component>
      <object_component id="oc-1af">
         <name>.text.SYSCFG_DL_TIMER_0_init</name>
         <load_address>0x6840</load_address>
         <readonly>true</readonly>
         <executable>true</executable>
         <run_address>0x6840</run_address>
         <size>0x38</size>
         <alignment>0x4</alignment>
         <input_file_ref idref="fl-2"/>
      </object_component>
      <object_component id="oc-df">
         <name>.text.__fixsfsi</name>
         <load_address>0x6878</load_address>
         <readonly>true</readonly>
         <executable>true</executable>
         <run_address>0x6878</run_address>
         <size>0x38</size>
         <alignment>0x4</alignment>
         <input_file_ref idref="fl-10f"/>
      </object_component>
      <object_component id="oc-c8">
         <name>.text.MPU_Get_Accelerometer</name>
         <load_address>0x68b0</load_address>
         <readonly>true</readonly>
         <executable>true</executable>
         <run_address>0x68b0</run_address>
         <size>0x36</size>
         <alignment>0x2</alignment>
         <input_file_ref idref="fl-9"/>
      </object_component>
      <object_component id="oc-ce">
         <name>.text.MPU_Get_Gyroscope</name>
         <load_address>0x68e6</load_address>
         <readonly>true</readonly>
         <executable>true</executable>
         <run_address>0x68e6</run_address>
         <size>0x36</size>
         <alignment>0x2</alignment>
         <input_file_ref idref="fl-9"/>
      </object_component>
      <object_component id="oc-139">
         <name>.text.SetMotor1IN1</name>
         <load_address>0x691c</load_address>
         <readonly>true</readonly>
         <executable>true</executable>
         <run_address>0x691c</run_address>
         <size>0x34</size>
         <alignment>0x4</alignment>
         <input_file_ref idref="fl-1"/>
      </object_component>
      <object_component id="oc-13c">
         <name>.text.SetMotor2IN1</name>
         <load_address>0x6950</load_address>
         <readonly>true</readonly>
         <executable>true</executable>
         <run_address>0x6950</run_address>
         <size>0x34</size>
         <alignment>0x4</alignment>
         <input_file_ref idref="fl-1"/>
      </object_component>
      <object_component id="oc-2d0">
         <name>.text.DL_UART_transmitDataBlocking</name>
         <load_address>0x6984</load_address>
         <readonly>true</readonly>
         <executable>true</executable>
         <run_address>0x6984</run_address>
         <size>0x30</size>
         <alignment>0x4</alignment>
         <input_file_ref idref="fl-22"/>
      </object_component>
      <object_component id="oc-1b6">
         <name>.text.SYSCFG_DL_SYSTICK_init</name>
         <load_address>0x69b4</load_address>
         <readonly>true</readonly>
         <executable>true</executable>
         <run_address>0x69b4</run_address>
         <size>0x30</size>
         <alignment>0x4</alignment>
         <input_file_ref idref="fl-2"/>
      </object_component>
      <object_component id="oc-2f8">
         <name>.text._fcpy</name>
         <load_address>0x69e4</load_address>
         <readonly>true</readonly>
         <executable>true</executable>
         <run_address>0x69e4</run_address>
         <size>0x30</size>
         <alignment>0x2</alignment>
         <input_file_ref idref="fl-3e"/>
      </object_component>
      <object_component id="oc-1ce">
         <name>.text._outs</name>
         <load_address>0x6a14</load_address>
         <readonly>true</readonly>
         <executable>true</executable>
         <run_address>0x6a14</run_address>
         <size>0x30</size>
         <alignment>0x2</alignment>
         <input_file_ref idref="fl-3f"/>
      </object_component>
      <object_component id="oc-1b0">
         <name>.text.SYSCFG_DL_TIMER_1_init</name>
         <load_address>0x6a44</load_address>
         <readonly>true</readonly>
         <executable>true</executable>
         <run_address>0x6a44</run_address>
         <size>0x2c</size>
         <alignment>0x4</alignment>
         <input_file_ref idref="fl-2"/>
      </object_component>
      <object_component id="oc-fd">
         <name>.text.__NVIC_ClearPendingIRQ</name>
         <load_address>0x6a70</load_address>
         <readonly>true</readonly>
         <executable>true</executable>
         <run_address>0x6a70</run_address>
         <size>0x2c</size>
         <alignment>0x4</alignment>
         <input_file_ref idref="fl-1"/>
      </object_component>
      <object_component id="oc-105">
         <name>.text.__NVIC_EnableIRQ</name>
         <load_address>0x6a9c</load_address>
         <readonly>true</readonly>
         <executable>true</executable>
         <run_address>0x6a9c</run_address>
         <size>0x2c</size>
         <alignment>0x4</alignment>
         <input_file_ref idref="fl-1"/>
      </object_component>
      <object_component id="oc-2f1">
         <name>.text.__floatsidf</name>
         <load_address>0x6ac8</load_address>
         <readonly>true</readonly>
         <executable>true</executable>
         <run_address>0x6ac8</run_address>
         <size>0x2c</size>
         <alignment>0x4</alignment>
         <input_file_ref idref="fl-110"/>
      </object_component>
      <object_component id="oc-1e9">
         <name>.text.uart0_send_char</name>
         <load_address>0x6af4</load_address>
         <readonly>true</readonly>
         <executable>true</executable>
         <run_address>0x6af4</run_address>
         <size>0x2c</size>
         <alignment>0x4</alignment>
         <input_file_ref idref="fl-1"/>
      </object_component>
      <object_component id="oc-1de">
         <name>.text.PID_Node_SetCustomCallback</name>
         <load_address>0x6b20</load_address>
         <readonly>true</readonly>
         <executable>true</executable>
         <run_address>0x6b20</run_address>
         <size>0x28</size>
         <alignment>0x4</alignment>
         <input_file_ref idref="fl-d"/>
      </object_component>
      <object_component id="oc-1dd">
         <name>.text.PID_Node_SetEnabled</name>
         <load_address>0x6b48</load_address>
         <readonly>true</readonly>
         <executable>true</executable>
         <run_address>0x6b48</run_address>
         <size>0x28</size>
         <alignment>0x4</alignment>
         <input_file_ref idref="fl-d"/>
      </object_component>
      <object_component id="oc-3e">
         <name>.text.UART0_IRQHandler</name>
         <load_address>0x6b70</load_address>
         <readonly>true</readonly>
         <executable>true</executable>
         <run_address>0x6b70</run_address>
         <size>0x28</size>
         <alignment>0x4</alignment>
         <input_file_ref idref="fl-1"/>
      </object_component>
      <object_component id="oc-1d5">
         <name>.text.__floatunsisf</name>
         <load_address>0x6b98</load_address>
         <readonly>true</readonly>
         <executable>true</executable>
         <run_address>0x6b98</run_address>
         <size>0x28</size>
         <alignment>0x4</alignment>
         <input_file_ref idref="fl-112"/>
      </object_component>
      <object_component id="oc-5b">
         <name>.text:_c_int00_noargs</name>
         <load_address>0x6bc0</load_address>
         <readonly>true</readonly>
         <executable>true</executable>
         <run_address>0x6bc0</run_address>
         <size>0x28</size>
         <alignment>0x4</alignment>
         <input_file_ref idref="fl-4b"/>
      </object_component>
      <object_component id="oc-24a">
         <name>.text.DL_I2C_setClockConfig</name>
         <load_address>0x6be8</load_address>
         <readonly>true</readonly>
         <executable>true</executable>
         <run_address>0x6be8</run_address>
         <size>0x26</size>
         <alignment>0x2</alignment>
         <input_file_ref idref="fl-1f"/>
      </object_component>
      <object_component id="oc-34">
         <name>.text.SysTick_Handler</name>
         <load_address>0x6c10</load_address>
         <readonly>true</readonly>
         <executable>true</executable>
         <run_address>0x6c10</run_address>
         <size>0x24</size>
         <alignment>0x4</alignment>
         <input_file_ref idref="fl-5"/>
      </object_component>
      <object_component id="oc-2bb">
         <name>.text.__muldi3</name>
         <load_address>0x6c34</load_address>
         <readonly>true</readonly>
         <executable>true</executable>
         <run_address>0x6c34</run_address>
         <size>0x24</size>
         <alignment>0x4</alignment>
         <input_file_ref idref="fl-113"/>
      </object_component>
      <object_component id="oc-2ac">
         <name>.text.memccpy</name>
         <load_address>0x6c58</load_address>
         <readonly>true</readonly>
         <executable>true</executable>
         <run_address>0x6c58</run_address>
         <size>0x22</size>
         <alignment>0x2</alignment>
         <input_file_ref idref="fl-47"/>
      </object_component>
      <object_component id="oc-13e">
         <name>.text.Key1ReadPinCallback</name>
         <load_address>0x6c7c</load_address>
         <readonly>true</readonly>
         <executable>true</executable>
         <run_address>0x6c7c</run_address>
         <size>0x20</size>
         <alignment>0x4</alignment>
         <input_file_ref idref="fl-1"/>
      </object_component>
      <object_component id="oc-1cb">
         <name>.text.TI_Delay_ms</name>
         <load_address>0x6c9c</load_address>
         <readonly>true</readonly>
         <executable>true</executable>
         <run_address>0x6c9c</run_address>
         <size>0x20</size>
         <alignment>0x4</alignment>
         <input_file_ref idref="fl-a"/>
      </object_component>
      <object_component id="oc-30c">
         <name>.text.__ashldi3</name>
         <load_address>0x6cbc</load_address>
         <readonly>true</readonly>
         <executable>true</executable>
         <run_address>0x6cbc</run_address>
         <size>0x1e</size>
         <alignment>0x4</alignment>
         <input_file_ref idref="fl-11e"/>
      </object_component>
      <object_component id="oc-68">
         <name>.text.DL_GPIO_clearInterruptStatus</name>
         <load_address>0x6cdc</load_address>
         <readonly>true</readonly>
         <executable>true</executable>
         <run_address>0x6cdc</run_address>
         <size>0x1c</size>
         <alignment>0x4</alignment>
         <input_file_ref idref="fl-1"/>
      </object_component>
      <object_component id="oc-242">
         <name>.text.DL_Timer_setCaptCompUpdateMethod</name>
         <load_address>0x6cf8</load_address>
         <readonly>true</readonly>
         <executable>true</executable>
         <run_address>0x6cf8</run_address>
         <size>0x1c</size>
         <alignment>0x4</alignment>
         <input_file_ref idref="fl-21"/>
      </object_component>
      <object_component id="oc-23f">
         <name>.text.DL_Timer_setClockConfig</name>
         <load_address>0x6d14</load_address>
         <readonly>true</readonly>
         <executable>true</executable>
         <run_address>0x6d14</run_address>
         <size>0x1c</size>
         <alignment>0x4</alignment>
         <input_file_ref idref="fl-21"/>
      </object_component>
      <object_component id="oc-138">
         <name>.text.SetMotor1PWM</name>
         <load_address>0x6d30</load_address>
         <readonly>true</readonly>
         <executable>true</executable>
         <run_address>0x6d30</run_address>
         <size>0x1c</size>
         <alignment>0x4</alignment>
         <input_file_ref idref="fl-1"/>
      </object_component>
      <object_component id="oc-13b">
         <name>.text.SetMotor2PWM</name>
         <load_address>0x6d4c</load_address>
         <readonly>true</readonly>
         <executable>true</executable>
         <run_address>0x6d4c</run_address>
         <size>0x1c</size>
         <alignment>0x4</alignment>
         <input_file_ref idref="fl-1"/>
      </object_component>
      <object_component id="oc-274">
         <name>.text.fputc</name>
         <load_address>0x6d68</load_address>
         <readonly>true</readonly>
         <executable>true</executable>
         <run_address>0x6d68</run_address>
         <size>0x1c</size>
         <alignment>0x4</alignment>
         <input_file_ref idref="fl-1"/>
      </object_component>
      <object_component id="oc-1ee">
         <name>.text.strrchr</name>
         <load_address>0x6d84</load_address>
         <readonly>true</readonly>
         <executable>true</executable>
         <run_address>0x6d84</run_address>
         <size>0x1c</size>
         <alignment>0x2</alignment>
         <input_file_ref idref="fl-4a"/>
      </object_component>
      <object_component id="oc-65">
         <name>.text.DL_GPIO_getEnabledInterruptStatus</name>
         <load_address>0x6da0</load_address>
         <readonly>true</readonly>
         <executable>true</executable>
         <run_address>0x6da0</run_address>
         <size>0x18</size>
         <alignment>0x4</alignment>
         <input_file_ref idref="fl-1"/>
      </object_component>
      <object_component id="oc-12e">
         <name>.text.DL_GPIO_setPins</name>
         <load_address>0x6db8</load_address>
         <readonly>true</readonly>
         <executable>true</executable>
         <run_address>0x6db8</run_address>
         <size>0x18</size>
         <alignment>0x4</alignment>
         <input_file_ref idref="fl-1"/>
      </object_component>
      <object_component id="oc-110">
         <name>.text.DL_I2C_enableController</name>
         <load_address>0x6dd0</load_address>
         <readonly>true</readonly>
         <executable>true</executable>
         <run_address>0x6dd0</run_address>
         <size>0x18</size>
         <alignment>0x4</alignment>
         <input_file_ref idref="fl-1"/>
      </object_component>
      <object_component id="oc-241">
         <name>.text.DL_Timer_setCaptureCompareOutCtl</name>
         <load_address>0x6de8</load_address>
         <readonly>true</readonly>
         <executable>true</executable>
         <run_address>0x6de8</run_address>
         <size>0x18</size>
         <alignment>0x4</alignment>
         <input_file_ref idref="fl-21"/>
      </object_component>
      <object_component id="oc-11d">
         <name>.text.DL_Timer_startCounter</name>
         <load_address>0x6e00</load_address>
         <readonly>true</readonly>
         <executable>true</executable>
         <run_address>0x6e00</run_address>
         <size>0x18</size>
         <alignment>0x4</alignment>
         <input_file_ref idref="fl-1"/>
      </object_component>
      <object_component id="oc-285">
         <name>.text.DL_UART_isBusy</name>
         <load_address>0x6e18</load_address>
         <readonly>true</readonly>
         <executable>true</executable>
         <run_address>0x6e18</run_address>
         <size>0x18</size>
         <alignment>0x4</alignment>
         <input_file_ref idref="fl-1"/>
      </object_component>
      <object_component id="oc-1cf">
         <name>.text._outc</name>
         <load_address>0x6e30</load_address>
         <readonly>true</readonly>
         <executable>true</executable>
         <run_address>0x6e30</run_address>
         <size>0x18</size>
         <alignment>0x2</alignment>
         <input_file_ref idref="fl-3f"/>
      </object_component>
      <object_component id="oc-66">
         <name>.text.DL_GPIO_readPins</name>
         <load_address>0x6e48</load_address>
         <readonly>true</readonly>
         <executable>true</executable>
         <run_address>0x6e48</run_address>
         <size>0x16</size>
         <alignment>0x2</alignment>
         <input_file_ref idref="fl-1"/>
      </object_component>
      <object_component id="oc-286">
         <name>.text.DL_UART_transmitData</name>
         <load_address>0x6e5e</load_address>
         <readonly>true</readonly>
         <executable>true</executable>
         <run_address>0x6e5e</run_address>
         <size>0x16</size>
         <alignment>0x2</alignment>
         <input_file_ref idref="fl-1"/>
      </object_component>
      <object_component id="oc-122">
         <name>.text.MulitKey_Init</name>
         <load_address>0x6e74</load_address>
         <readonly>true</readonly>
         <executable>true</executable>
         <run_address>0x6e74</run_address>
         <size>0x16</size>
         <alignment>0x2</alignment>
         <input_file_ref idref="fl-10"/>
      </object_component>
      <object_component id="oc-12d">
         <name>.text.DL_GPIO_clearPins</name>
         <load_address>0x6e8a</load_address>
         <readonly>true</readonly>
         <executable>true</executable>
         <run_address>0x6e8a</run_address>
         <size>0x14</size>
         <alignment>0x2</alignment>
         <input_file_ref idref="fl-1"/>
      </object_component>
      <object_component id="oc-72">
         <name>.text.DL_UART_receiveData</name>
[...]
      </symbol>
      <symbol id="sm-2f0">
         <name>DL_Timer_initTimerMode</name>
         <value>0x4b69</value>
         <object_component_ref idref="oc-245"/>
      </symbol>
      <symbol id="sm-2f1">
         <name>DL_Timer_setCaptureCompareValue</name>
         <value>0x6f5d</value>
         <object_component_ref idref="oc-1f9"/>
      </symbol>
      <symbol id="sm-2f2">
         <name>DL_Timer_setCaptCompUpdateMethod</name>
         <value>0x6cf9</value>
         <object_component_ref idref="oc-242"/>
      </symbol>
      <symbol id="sm-2f3">
         <name>DL_Timer_setCaptureCompareOutCtl</name>
         <value>0x6de9</value>
         <object_component_ref idref="oc-241"/>
      </symbol>
      <symbol id="sm-2f4">
         <name>DL_Timer_initFourCCPWMMode</name>
         <value>0x4961</value>
         <object_component_ref idref="oc-240"/>
      </symbol>
      <symbol id="sm-304">
         <name>DL_UART_init</name>
         <value>0x6551</value>
         <object_component_ref idref="oc-252"/>
      </symbol>
      <symbol id="sm-305">
         <name>DL_UART_setClockConfig</name>
         <value>0x6f27</value>
         <object_component_ref idref="oc-24c"/>
      </symbol>
      <symbol id="sm-306">
         <name>DL_UART_transmitDataBlocking</name>
         <value>0x6985</value>
         <object_component_ref idref="oc-2d0"/>
      </symbol>
      <symbol id="sm-314">
         <name>asinf</name>
         <value>0x3ea5</value>
         <object_component_ref idref="oc-18a"/>
      </symbol>
      <symbol id="sm-322">
         <name>atan2f</name>
         <value>0x473d</value>
         <object_component_ref idref="oc-186"/>
      </symbol>
      <symbol id="sm-32c">
         <name>sqrtf</name>
         <value>0x536d</value>
         <object_component_ref idref="oc-217"/>
      </symbol>
      <symbol id="sm-340">
         <name>atanf</name>
         <value>0x308d</value>
         <object_component_ref idref="oc-21c"/>
      </symbol>
      <symbol id="sm-351">
         <name>printf</name>
         <value>0x6085</value>
         <object_component_ref idref="oc-ff"/>
      </symbol>
      <symbol id="sm-39a">
         <name>__TI_printfi</name>
         <value>0xce1</value>
         <object_component_ref idref="oc-269"/>
      </symbol>
      <symbol id="sm-3ab">
         <name>snprintf</name>
         <value>0x6471</value>
         <object_component_ref idref="oc-112"/>
      </symbol>
      <symbol id="sm-3b6">
         <name>__aeabi_errno_addr</name>
         <value>0x7025</value>
         <object_component_ref idref="oc-225"/>
      </symbol>
      <symbol id="sm-3b7">
         <name>__aeabi_errno</name>
         <value>0x20200ad4</value>
         <object_component_ref idref="oc-29b"/>
      </symbol>
      <symbol id="sm-3c0">
         <name>_nop</name>
         <value>0x590b</value>
         <object_component_ref idref="oc-26a"/>
      </symbol>
      <symbol id="sm-3c1">
         <name>_lock</name>
         <value>0x20200ad8</value>
         <object_component_ref idref="oc-1bd"/>
      </symbol>
      <symbol id="sm-3c2">
         <name>_unlock</name>
         <value>0x20200adc</value>
         <object_component_ref idref="oc-1c3"/>
      </symbol>
      <symbol id="sm-3cb">
         <name>__TI_ltoa</name>
         <value>0x6139</value>
         <object_component_ref idref="oc-2ed"/>
      </symbol>
      <symbol id="sm-3d6">
         <name>atoi</name>
         <value>0x665d</value>
         <object_component_ref idref="oc-2b3"/>
      </symbol>
      <symbol id="sm-3db">
         <name>_ftable</name>
         <value>0x202009c8</value>
         <object_component_ref idref="oc-1bf"/>
      </symbol>
      <symbol id="sm-3e4">
         <name>memccpy</name>
         <value>0x6c59</value>
         <object_component_ref idref="oc-2ac"/>
      </symbol>
      <symbol id="sm-3ee">
         <name>strlen</name>
         <value>0x6fa9</value>
         <object_component_ref idref="oc-2cc"/>
      </symbol>
      <symbol id="sm-3f7">
         <name>strrchr</name>
         <value>0x6d85</value>
         <object_component_ref idref="oc-1ee"/>
      </symbol>
      <symbol id="sm-402">
         <name>_c_int00_noargs</name>
         <value>0x6bc1</value>
         <object_component_ref idref="oc-5b"/>
      </symbol>
      <symbol id="sm-403">
         <name>__stack</name>
         <value>0x20207e00</value>
         <object_component_ref idref="oc-1a"/>
      </symbol>
      <symbol id="sm-40f">
         <name>__TI_auto_init_nobinit_nopinit</name>
         <value>0x678d</value>
         <object_component_ref idref="oc-14c"/>
      </symbol>
      <symbol id="sm-417">
         <name>_system_pre_init</name>
         <value>0x7099</value>
         <object_component_ref idref="oc-96"/>
      </symbol>
      <symbol id="sm-422">
         <name>__TI_zero_init</name>
         <value>0x6f7d</value>
         <object_component_ref idref="oc-58"/>
      </symbol>
      <symbol id="sm-42b">
         <name>__TI_decompress_none</name>
         <value>0x6f4b</value>
         <object_component_ref idref="oc-20"/>
      </symbol>
      <symbol id="sm-436">
         <name>__TI_decompress_lzss</name>
         <value>0x5989</value>
         <object_component_ref idref="oc-1c"/>
      </symbol>
      <symbol id="sm-440">
         <name>sqrt</name>
         <value>0x3a61</value>
         <object_component_ref idref="oc-22b"/>
      </symbol>
      <symbol id="sm-441">
         <name>sqrtl</name>
         <value>0x3a61</value>
         <object_component_ref idref="oc-22b"/>
      </symbol>
      <symbol id="sm-44b">
         <name>frexp</name>
         <value>0x6029</value>
         <object_component_ref idref="oc-2e1"/>
      </symbol>
      <symbol id="sm-44c">
         <name>frexpl</name>
         <value>0x6029</value>
         <object_component_ref idref="oc-2e1"/>
      </symbol>
      <symbol id="sm-456">
         <name>scalbn</name>
         <value>0x5119</value>
         <object_component_ref idref="oc-2e5"/>
      </symbol>
      <symbol id="sm-457">
         <name>ldexp</name>
         <value>0x5119</value>
         <object_component_ref idref="oc-2e5"/>
      </symbol>
      <symbol id="sm-458">
         <name>scalbnl</name>
         <value>0x5119</value>
         <object_component_ref idref="oc-2e5"/>
      </symbol>
      <symbol id="sm-459">
         <name>ldexpl</name>
         <value>0x5119</value>
         <object_component_ref idref="oc-2e5"/>
      </symbol>
      <symbol id="sm-462">
         <name>wcslen</name>
         <value>0x6f6d</value>
         <object_component_ref idref="oc-2b7"/>
      </symbol>
      <symbol id="sm-465">
         <name>__aeabi_ctype_table_</name>
         <value>0x8a90</value>
         <object_component_ref idref="oc-2d4"/>
      </symbol>
      <symbol id="sm-466">
         <name>__aeabi_ctype_table_C</name>
         <value>0x8a90</value>
         <object_component_ref idref="oc-2d4"/>
      </symbol>
      <symbol id="sm-470">
         <name>abort</name>
         <value>0x7075</value>
         <object_component_ref idref="oc-145"/>
      </symbol>
      <symbol id="sm-479">
         <name>HOSTexit</name>
         <value>0x707b</value>
         <object_component_ref idref="oc-1ff"/>
      </symbol>
      <symbol id="sm-47a">
         <name>C$$EXIT</name>
         <value>0x707a</value>
         <object_component_ref idref="oc-1ff"/>
      </symbol>
      <symbol id="sm-48a">
         <name>__aeabi_fadd</name>
         <value>0x51fb</value>
         <object_component_ref idref="oc-a5"/>
      </symbol>
      <symbol id="sm-48b">
         <name>__addsf3</name>
         <value>0x51fb</value>
         <object_component_ref idref="oc-a5"/>
      </symbol>
      <symbol id="sm-48c">
         <name>__aeabi_fsub</name>
         <value>0x51f1</value>
         <object_component_ref idref="oc-a5"/>
      </symbol>
      <symbol id="sm-48d">
         <name>__subsf3</name>
         <value>0x51f1</value>
         <object_component_ref idref="oc-a5"/>
      </symbol>
      <symbol id="sm-496">
         <name>__aeabi_dadd</name>
         <value>0x35b7</value>
         <object_component_ref idref="oc-22f"/>
      </symbol>
      <symbol id="sm-497">
         <name>__adddf3</name>
         <value>0x35b7</value>
         <object_component_ref idref="oc-22f"/>
      </symbol>
      <symbol id="sm-498">
         <name>__aeabi_dsub</name>
         <value>0x35ad</value>
         <object_component_ref idref="oc-22f"/>
      </symbol>
      <symbol id="sm-499">
         <name>__subdf3</name>
         <value>0x35ad</value>
         <object_component_ref idref="oc-22f"/>
      </symbol>
      <symbol id="sm-4a2">
         <name>__aeabi_dmul</name>
         <value>0x5035</value>
         <object_component_ref idref="oc-194"/>
      </symbol>
      <symbol id="sm-4a3">
         <name>__muldf3</name>
         <value>0x5035</value>
         <object_component_ref idref="oc-194"/>
      </symbol>
      <symbol id="sm-4a9">
         <name>__muldsi3</name>
         <value>0x6805</value>
         <object_component_ref idref="oc-179"/>
      </symbol>
      <symbol id="sm-4af">
         <name>__aeabi_fmul</name>
         <value>0x56f1</value>
         <object_component_ref idref="oc-cf"/>
      </symbol>
      <symbol id="sm-4b0">
         <name>__mulsf3</name>
         <value>0x56f1</value>
         <object_component_ref idref="oc-cf"/>
      </symbol>
      <symbol id="sm-4b9">
         <name>__aeabi_fdiv</name>
         <value>0x5889</value>
         <object_component_ref idref="oc-ad"/>
      </symbol>
      <symbol id="sm-4ba">
         <name>__divsf3</name>
         <value>0x5889</value>
         <object_component_ref idref="oc-ad"/>
      </symbol>
      <symbol id="sm-4c3">
         <name>__aeabi_ddiv</name>
         <value>0x4855</value>
         <object_component_ref idref="oc-302"/>
      </symbol>
      <symbol id="sm-4c4">
         <name>__divdf3</name>
         <value>0x4855</value>
         <object_component_ref idref="oc-302"/>
      </symbol>
      <symbol id="sm-4ca">
         <name>__aeabi_f2d</name>
         <value>0x661d</value>
         <object_component_ref idref="oc-190"/>
      </symbol>
      <symbol id="sm-4cb">
         <name>__extendsfdf2</name>
         <value>0x661d</value>
         <object_component_ref idref="oc-190"/>
      </symbol>
      <symbol id="sm-4d1">
         <name>__aeabi_d2iz</name>
         <value>0x64bd</value>
         <object_component_ref idref="oc-2e9"/>
      </symbol>
      <symbol id="sm-4d2">
         <name>__fixdfsi</name>
         <value>0x64bd</value>
         <object_component_ref idref="oc-2e9"/>
      </symbol>
      <symbol id="sm-4d8">
         <name>__aeabi_f2iz</name>
         <value>0x6879</value>
         <object_component_ref idref="oc-df"/>
      </symbol>
      <symbol id="sm-4d9">
         <name>__fixsfsi</name>
         <value>0x6879</value>
         <object_component_ref idref="oc-df"/>
      </symbol>
      <symbol id="sm-4df">
         <name>__aeabi_i2d</name>
         <value>0x6ac9</value>
         <object_component_ref idref="oc-2f1"/>
      </symbol>
      <symbol id="sm-4e0">
         <name>__floatsidf</name>
         <value>0x6ac9</value>
         <object_component_ref idref="oc-2f1"/>
      </symbol>
      <symbol id="sm-4e6">
         <name>__aeabi_i2f</name>
         <value>0x66d9</value>
         <object_component_ref idref="oc-a9"/>
      </symbol>
      <symbol id="sm-4e7">
         <name>__floatsisf</name>
         <value>0x66d9</value>
         <object_component_ref idref="oc-a9"/>
      </symbol>
      <symbol id="sm-4ed">
         <name>__aeabi_ui2f</name>
         <value>0x6b99</value>
         <object_component_ref idref="oc-1d5"/>
      </symbol>
      <symbol id="sm-4ee">
         <name>__floatunsisf</name>
         <value>0x6b99</value>
         <object_component_ref idref="oc-1d5"/>
      </symbol>
      <symbol id="sm-4f4">
         <name>__aeabi_lmul</name>
         <value>0x6c35</value>
         <object_component_ref idref="oc-2bb"/>
      </symbol>
      <symbol id="sm-4f5">
         <name>__muldi3</name>
         <value>0x6c35</value>
         <object_component_ref idref="oc-2bb"/>
      </symbol>
      <symbol id="sm-4fc">
         <name>__aeabi_d2f</name>
         <value>0x5af1</value>
         <object_component_ref idref="oc-198"/>
      </symbol>
      <symbol id="sm-4fd">
         <name>__truncdfsf2</name>
         <value>0x5af1</value>
         <object_component_ref idref="oc-198"/>
      </symbol>
      <symbol id="sm-503">
         <name>__aeabi_dcmpeq</name>
         <value>0x5d81</value>
         <object_component_ref idref="oc-2c5"/>
      </symbol>
      <symbol id="sm-504">
         <name>__aeabi_dcmplt</name>
         <value>0x5d95</value>
         <object_component_ref idref="oc-2c5"/>
      </symbol>
      <symbol id="sm-505">
         <name>__aeabi_dcmple</name>
         <value>0x5da9</value>
         <object_component_ref idref="oc-2c5"/>
      </symbol>
      <symbol id="sm-506">
         <name>__aeabi_dcmpge</name>
         <value>0x5dbd</value>
         <object_component_ref idref="oc-2c5"/>
      </symbol>
      <symbol id="sm-507">
         <name>__aeabi_dcmpgt</name>
         <value>0x5dd1</value>
         <object_component_ref idref="oc-2c5"/>
      </symbol>
      <symbol id="sm-50d">
         <name>__aeabi_fcmpeq</name>
         <value>0x5de5</value>
         <object_component_ref idref="oc-bb"/>
      </symbol>
      <symbol id="sm-50e">
         <name>__aeabi_fcmplt</name>
         <value>0x5df9</value>
         <object_component_ref idref="oc-bb"/>
      </symbol>
      <symbol id="sm-50f">
         <name>__aeabi_fcmple</name>
         <value>0x5e0d</value>
         <object_component_ref idref="oc-bb"/>
      </symbol>
      <symbol id="sm-510">
         <name>__aeabi_fcmpge</name>
         <value>0x5e21</value>
         <object_component_ref idref="oc-bb"/>
      </symbol>
      <symbol id="sm-511">
         <name>__aeabi_fcmpgt</name>
         <value>0x5e35</value>
         <object_component_ref idref="oc-bb"/>
      </symbol>
      <symbol id="sm-517">
         <name>__aeabi_idiv</name>
         <value>0x61e9</value>
         <object_component_ref idref="oc-318"/>
      </symbol>
      <symbol id="sm-518">
         <name>__aeabi_idivmod</name>
         <value>0x61e9</value>
         <object_component_ref idref="oc-318"/>
      </symbol>
      <symbol id="sm-51e">
         <name>__aeabi_memcpy</name>
         <value>0x702d</value>
         <object_component_ref idref="oc-4b"/>
      </symbol>
      <symbol id="sm-51f">
         <name>__aeabi_memcpy4</name>
         <value>0x702d</value>
         <object_component_ref idref="oc-4b"/>
      </symbol>
      <symbol id="sm-520">
         <name>__aeabi_memcpy8</name>
         <value>0x702d</value>
         <object_component_ref idref="oc-4b"/>
      </symbol>
      <symbol id="sm-529">
         <name>__aeabi_memset</name>
         <value>0x6f8d</value>
         <object_component_ref idref="oc-2ab"/>
      </symbol>
      <symbol id="sm-52a">
         <name>__aeabi_memset4</name>
         <value>0x6f8d</value>
         <object_component_ref idref="oc-2ab"/>
      </symbol>
      <symbol id="sm-52b">
         <name>__aeabi_memset8</name>
         <value>0x6f8d</value>
         <object_component_ref idref="oc-2ab"/>
      </symbol>
      <symbol id="sm-52c">
         <name>__aeabi_memclr</name>
         <value>0x6fd1</value>
         <object_component_ref idref="oc-91"/>
      </symbol>
      <symbol id="sm-52d">
         <name>__aeabi_memclr4</name>
         <value>0x6fd1</value>
         <object_component_ref idref="oc-91"/>
      </symbol>
      <symbol id="sm-52e">
         <name>__aeabi_memclr8</name>
         <value>0x6fd1</value>
         <object_component_ref idref="oc-91"/>
      </symbol>
      <symbol id="sm-534">
         <name>__aeabi_uidiv</name>
         <value>0x65dd</value>
         <object_component_ref idref="oc-19d"/>
      </symbol>
      <symbol id="sm-535">
         <name>__aeabi_uidivmod</name>
         <value>0x65dd</value>
         <object_component_ref idref="oc-19d"/>
      </symbol>
      <symbol id="sm-53b">
         <name>__aeabi_uldivmod</name>
         <value>0x6ec9</value>
         <object_component_ref idref="oc-2c0"/>
      </symbol>
      <symbol id="sm-544">
         <name>__eqsf2</name>
         <value>0x67c9</value>
         <object_component_ref idref="oc-169"/>
      </symbol>
      <symbol id="sm-545">
         <name>__lesf2</name>
         <value>0x67c9</value>
         <object_component_ref idref="oc-169"/>
      </symbol>
      <symbol id="sm-546">
         <name>__ltsf2</name>
         <value>0x67c9</value>
         <object_component_ref idref="oc-169"/>
      </symbol>
      <symbol id="sm-547">
         <name>__nesf2</name>
         <value>0x67c9</value>
         <object_component_ref idref="oc-169"/>
      </symbol>
      <symbol id="sm-548">
         <name>__cmpsf2</name>
         <value>0x67c9</value>
         <object_component_ref idref="oc-169"/>
      </symbol>
      <symbol id="sm-549">
         <name>__gtsf2</name>
         <value>0x6715</value>
         <object_component_ref idref="oc-16e"/>
      </symbol>
      <symbol id="sm-54a">
         <name>__gesf2</name>
         <value>0x6715</value>
         <object_component_ref idref="oc-16e"/>
      </symbol>
      <symbol id="sm-550">
         <name>__udivmoddi4</name>
         <value>0x52c9</value>
         <object_component_ref idref="oc-2dc"/>
      </symbol>
      <symbol id="sm-556">
         <name>__aeabi_llsl</name>
         <value>0x6cbd</value>
         <object_component_ref idref="oc-30c"/>
      </symbol>
      <symbol id="sm-557">
         <name>__ashldi3</name>
         <value>0x6cbd</value>
         <object_component_ref idref="oc-30c"/>
      </symbol>
      <symbol id="sm-565">
         <name>__ledf2</name>
         <value>0x5cb1</value>
         <object_component_ref idref="oc-2fa"/>
      </symbol>
      <symbol id="sm-566">
         <name>__gedf2</name>
         <value>0x5a7d</value>
         <object_component_ref idref="oc-300"/>
      </symbol>
      <symbol id="sm-567">
         <name>__cmpdf2</name>
         <value>0x5cb1</value>
         <object_component_ref idref="oc-2fa"/>
      </symbol>
      <symbol id="sm-568">
         <name>__eqdf2</name>
         <value>0x5cb1</value>
         <object_component_ref idref="oc-2fa"/>
      </symbol>
      <symbol id="sm-569">
         <name>__ltdf2</name>
         <value>0x5cb1</value>
         <object_component_ref idref="oc-2fa"/>
      </symbol>
      <symbol id="sm-56a">
         <name>__nedf2</name>
         <value>0x5cb1</value>
         <object_component_ref idref="oc-2fa"/>
      </symbol>
      <symbol id="sm-56b">
         <name>__gtdf2</name>
         <value>0x5a7d</value>
         <object_component_ref idref="oc-300"/>
      </symbol>
      <symbol id="sm-577">
         <name>__aeabi_idiv0</name>
         <value>0x536b</value>
         <object_component_ref idref="oc-238"/>
      </symbol>
      <symbol id="sm-578">
         <name>__aeabi_ldiv0</name>
         <value>0x54a7</value>
         <object_component_ref idref="oc-30b"/>
      </symbol>
      <symbol id="sm-591">
         <name>memcpy</name>
         <value>0x540d</value>
         <object_component_ref idref="oc-f3"/>
      </symbol>
      <symbol id="sm-5a0">
         <name>memset</name>
         <value>0x5e47</value>
         <object_component_ref idref="oc-1a9"/>
      </symbol>
      <symbol id="sm-5a1">
         <name>__TI_static_base__</name>
         <value>0x0</value>
      </symbol>
      <symbol id="sm-5a5">
         <name>__mpu_init</name>
         <value>0x0</value>
      </symbol>
      <symbol id="sm-5a6">
         <name>_system_post_cinit</name>
         <value>0x0</value>
      </symbol>
   </symbol_table>
   <title>Link successful</title>
</link_info>
