<?xml version="1.0" encoding="ISO-8859-1" ?>
<link_info>
   <banner>TI ARM Clang Linker PC v4.0.4.LTS</banner>
   <copyright>Copyright (c) 1996-2018 Texas Instruments Incorporated</copyright>
   <command_line>D:\TI\CSS\ccs\tools\compiler\ti-cgt-armllvm_4.0.4.LTS\bin\tiarmlnk -ID:\TI\CSS\ccs\tools\compiler\ti-cgt-armllvm_4.0.4.LTS\lib -o TI_UART.out -mTI_UART.map -iD:/TI/CSS/mspm0_sdk_2_10_00_04/source -iD:/mspm0g3507_projects/TI_UART -iD:/mspm0g3507_projects/TI_UART/Debug/syscfg -iD:/TI/CSS/ccs/tools/compiler/ti-cgt-armllvm_4.0.4.LTS/lib --diag_wrap=off --display_error_number --warn_sections --xml_link_info=TI_UART_linkInfo.xml --rom_model ./empty.o ./ti_msp_dl_config.o ./startup_mspm0g350x_ticlang.o ./Control_Speed/Control_Speed.o ./DL_GetTick_Folder/DL_Tick.o ./Log/Log.o ./Motor/Motor_AT4950.o ./PID_Node/PID_Node.o ./SPI_OLED/oled.o ./grayscale/grayscale.o ./multikey/multikey.o -l./device_linker.cmd -ldevice.cmd.genlibs -llibc.a --start-group -llibc++.a -llibc++abi.a -llibc.a -llibsys.a -llibsysbm.a -llibclang_rt.builtins.a -llibclang_rt.profile.a --end-group --cg_opt_level=2</command_line>
   <link_time>0x6a05abd9</link_time>
   <link_errors>0x0</link_errors>
   <output_file>D:\mspm0g3507_projects\TI_UART\Debug\TI_UART.out</output_file>
   <entry_point>
      <name>_c_int00_noargs</name>
      <address>0x4eb5</address>
   </entry_point>
   <input_file_list>
      <input_file id="fl-1">
         <path>D:\mspm0g3507_projects\TI_UART\Debug\.\</path>
         <kind>object</kind>
         <file>empty.o</file>
         <name>empty.o</name>
      </input_file>
      <input_file id="fl-2">
         <path>D:\mspm0g3507_projects\TI_UART\Debug\.\</path>
         <kind>object</kind>
         <file>ti_msp_dl_config.o</file>
         <name>ti_msp_dl_config.o</name>
      </input_file>
      <input_file id="fl-3">
         <path>D:\mspm0g3507_projects\TI_UART\Debug\.\</path>
         <kind>object</kind>
         <file>startup_mspm0g350x_ticlang.o</file>
         <name>startup_mspm0g350x_ticlang.o</name>
      </input_file>
      <input_file id="fl-4">
         <path>D:\mspm0g3507_projects\TI_UART\Debug\.\Control_Speed\</path>
         <kind>object</kind>
         <file>Control_Speed.o</file>
         <name>Control_Speed.o</name>
      </input_file>
      <input_file id="fl-5">
         <path>D:\mspm0g3507_projects\TI_UART\Debug\.\DL_GetTick_Folder\</path>
         <kind>object</kind>
         <file>DL_Tick.o</file>
         <name>DL_Tick.o</name>
      </input_file>
      <input_file id="fl-6">
         <path>D:\mspm0g3507_projects\TI_UART\Debug\.\Log\</path>
         <kind>object</kind>
         <file>Log.o</file>
         <name>Log.o</name>
      </input_file>
      <input_file id="fl-7">
         <path>D:\mspm0g3507_projects\TI_UART\Debug\.\Motor\</path>
         <kind>object</kind>
         <file>Motor_AT4950.o</file>
         <name>Motor_AT4950.o</name>
      </input_file>
      <input_file id="fl-8">
         <path>D:\mspm0g3507_projects\TI_UART\Debug\.\PID_Node\</path>
         <kind>object</kind>
         <file>PID_Node.o</file>
         <name>PID_Node.o</name>
      </input_file>
      <input_file id="fl-9">
         <path>D:\mspm0g3507_projects\TI_UART\Debug\.\SPI_OLED\</path>
         <kind>object</kind>
         <file>oled.o</file>
         <name>oled.o</name>
      </input_file>
      <input_file id="fl-a">
         <path>D:\mspm0g3507_projects\TI_UART\Debug\.\grayscale\</path>
         <kind>object</kind>
         <file>grayscale.o</file>
         <name>grayscale.o</name>
      </input_file>
      <input_file id="fl-b">
         <path>D:\mspm0g3507_projects\TI_UART\Debug\.\multikey\</path>
         <kind>object</kind>
         <file>multikey.o</file>
         <name>multikey.o</name>
      </input_file>
      <input_file id="fl-18">
         <path>D:\mspm0g3507_projects\TI_UART\Debug\</path>
         <kind>object</kind>
         <file>&lt;internal&gt;</file>
         <name>&lt;internal&gt;</name>
      </input_file>
      <input_file id="fl-19">
         <path>D:\TI\CSS\mspm0_sdk_2_10_00_04\source\ti\driverlib\lib\ticlang\m0p\mspm0g1x0x_g3x0x\</path>
         <kind>archive</kind>
         <file>driverlib.a</file>
         <name>dl_common.o</name>
      </input_file>
      <input_file id="fl-1a">
         <path>D:\TI\CSS\mspm0_sdk_2_10_00_04\source\ti\driverlib\lib\ticlang\m0p\mspm0g1x0x_g3x0x\</path>
         <kind>archive</kind>
         <file>driverlib.a</file>
         <name>dl_i2c.o</name>
      </input_file>
      <input_file id="fl-1b">
         <path>D:\TI\CSS\mspm0_sdk_2_10_00_04\source\ti\driverlib\lib\ticlang\m0p\mspm0g1x0x_g3x0x\</path>
         <kind>archive</kind>
         <file>driverlib.a</file>
         <name>dl_spi.o</name>
      </input_file>
      <input_file id="fl-1c">
         <path>D:\TI\CSS\mspm0_sdk_2_10_00_04\source\ti\driverlib\lib\ticlang\m0p\mspm0g1x0x_g3x0x\</path>
         <kind>archive</kind>
         <file>driverlib.a</file>
         <name>dl_timer.o</name>
      </input_file>
      <input_file id="fl-1d">
         <path>D:\TI\CSS\mspm0_sdk_2_10_00_04\source\ti\driverlib\lib\ticlang\m0p\mspm0g1x0x_g3x0x\</path>
         <kind>archive</kind>
         <file>driverlib.a</file>
         <name>dl_uart.o</name>
      </input_file>
      <input_file id="fl-34">
         <path>D:\TI\CSS\ccs\tools\compiler\ti-cgt-armllvm_4.0.4.LTS\lib\armv6m-ti-none-eabi\c\</path>
         <kind>archive</kind>
         <file>libc.a</file>
         <name>printf.c.obj</name>
      </input_file>
      <input_file id="fl-35">
         <path>D:\TI\CSS\ccs\tools\compiler\ti-cgt-armllvm_4.0.4.LTS\lib\armv6m-ti-none-eabi\c\</path>
         <kind>archive</kind>
         <file>libc.a</file>
         <name>_printfi.c.obj</name>
      </input_file>
      <input_file id="fl-36">
         <path>D:\TI\CSS\ccs\tools\compiler\ti-cgt-armllvm_4.0.4.LTS\lib\armv6m-ti-none-eabi\c\</path>
         <kind>archive</kind>
         <file>libc.a</file>
         <name>snprintf.c.obj</name>
      </input_file>
      <input_file id="fl-37">
         <path>D:\TI\CSS\ccs\tools\compiler\ti-cgt-armllvm_4.0.4.LTS\lib\armv6m-ti-none-eabi\c\</path>
         <kind>archive</kind>
         <file>libc.a</file>
         <name>strcmp-armv6m.S.obj</name>
      </input_file>
      <input_file id="fl-38">
         <path>D:\TI\CSS\ccs\tools\compiler\ti-cgt-armllvm_4.0.4.LTS\lib\armv6m-ti-none-eabi\c\</path>
         <kind>archive</kind>
         <file>libc.a</file>
         <name>aeabi_portable.c.obj</name>
      </input_file>
      <input_file id="fl-39">
         <path>D:\TI\CSS\ccs\tools\compiler\ti-cgt-armllvm_4.0.4.LTS\lib\armv6m-ti-none-eabi\c\</path>
         <kind>archive</kind>
         <file>libc.a</file>
         <name>_lock.c.obj</name>
      </input_file>
      <input_file id="fl-3a">
         <path>D:\TI\CSS\ccs\tools\compiler\ti-cgt-armllvm_4.0.4.LTS\lib\armv6m-ti-none-eabi\c\</path>
         <kind>archive</kind>
         <file>libc.a</file>
         <name>_ltoa.c.obj</name>
      </input_file>
      <input_file id="fl-3b">
         <path>D:\TI\CSS\ccs\tools\compiler\ti-cgt-armllvm_4.0.4.LTS\lib\armv6m-ti-none-eabi\c\</path>
         <kind>archive</kind>
         <file>libc.a</file>
         <name>assert.c.obj</name>
      </input_file>
      <input_file id="fl-3c">
         <path>D:\TI\CSS\ccs\tools\compiler\ti-cgt-armllvm_4.0.4.LTS\lib\armv6m-ti-none-eabi\c\</path>
         <kind>archive</kind>
         <file>libc.a</file>
         <name>atoi.c.obj</name>
      </input_file>
      <input_file id="fl-3d">
         <path>D:\TI\CSS\ccs\tools\compiler\ti-cgt-armllvm_4.0.4.LTS\lib\armv6m-ti-none-eabi\c\</path>
         <kind>archive</kind>
         <file>libc.a</file>
         <name>defs.c.obj</name>
      </input_file>
      <input_file id="fl-3e">
         <path>D:\TI\CSS\ccs\tools\compiler\ti-cgt-armllvm_4.0.4.LTS\lib\armv6m-ti-none-eabi\c\</path>
         <kind>archive</kind>
         <file>libc.a</file>
         <name>memccpy.c.obj</name>
      </input_file>
      <input_file id="fl-3f">
         <path>D:\TI\CSS\ccs\tools\compiler\ti-cgt-armllvm_4.0.4.LTS\lib\armv6m-ti-none-eabi\c\</path>
         <kind>archive</kind>
         <file>libc.a</file>
         <name>memory.c.obj</name>
      </input_file>
      <input_file id="fl-40">
         <path>D:\TI\CSS\ccs\tools\compiler\ti-cgt-armllvm_4.0.4.LTS\lib\armv6m-ti-none-eabi\c\</path>
         <kind>archive</kind>
         <file>libc.a</file>
         <name>strlen.c.obj</name>
      </input_file>
      <input_file id="fl-41">
         <path>D:\TI\CSS\ccs\tools\compiler\ti-cgt-armllvm_4.0.4.LTS\lib\armv6m-ti-none-eabi\c\</path>
         <kind>archive</kind>
         <file>libc.a</file>
         <name>boot_cortex_m.c.obj</name>
      </input_file>
      <input_file id="fl-42">
         <path>D:\TI\CSS\ccs\tools\compiler\ti-cgt-armllvm_4.0.4.LTS\lib\armv6m-ti-none-eabi\c\</path>
         <kind>archive</kind>
         <file>libc.a</file>
         <name>mathacl_init.c.obj</name>
      </input_file>
      <input_file id="fl-43">
         <path>D:\TI\CSS\ccs\tools\compiler\ti-cgt-armllvm_4.0.4.LTS\lib\armv6m-ti-none-eabi\c\</path>
         <kind>archive</kind>
         <file>libc.a</file>
         <name>autoinit.c.obj</name>
      </input_file>
      <input_file id="fl-44">
         <path>D:\TI\CSS\ccs\tools\compiler\ti-cgt-armllvm_4.0.4.LTS\lib\armv6m-ti-none-eabi\c\</path>
         <kind>archive</kind>
         <file>libc.a</file>
         <name>pre_init.c.obj</name>
      </input_file>
      <input_file id="fl-45">
         <path>D:\TI\CSS\ccs\tools\compiler\ti-cgt-armllvm_4.0.4.LTS\lib\armv6m-ti-none-eabi\c\</path>
         <kind>archive</kind>
         <file>libc.a</file>
         <name>cpy_tbl.c.obj</name>
      </input_file>
      <input_file id="fl-46">
         <path>D:\TI\CSS\ccs\tools\compiler\ti-cgt-armllvm_4.0.4.LTS\lib\armv6m-ti-none-eabi\c\</path>
         <kind>archive</kind>
         <file>libc.a</file>
         <name>copy_zero_init.c.obj</name>
      </input_file>
      <input_file id="fl-47">
         <path>D:\TI\CSS\ccs\tools\compiler\ti-cgt-armllvm_4.0.4.LTS\lib\armv6m-ti-none-eabi\c\</path>
         <kind>archive</kind>
         <file>libc.a</file>
         <name>copy_decompress_none.c.obj</name>
      </input_file>
      <input_file id="fl-48">
         <path>D:\TI\CSS\ccs\tools\compiler\ti-cgt-armllvm_4.0.4.LTS\lib\armv6m-ti-none-eabi\c\</path>
         <kind>archive</kind>
         <file>libc.a</file>
         <name>copy_decompress_lzss.c.obj</name>
      </input_file>
      <input_file id="fl-49">
         <path>D:\TI\CSS\ccs\tools\compiler\ti-cgt-armllvm_4.0.4.LTS\lib\armv6m-ti-none-eabi\c\</path>
         <kind>archive</kind>
         <file>libc.a</file>
         <name>s_frexp.c.obj</name>
      </input_file>
      <input_file id="fl-4a">
         <path>D:\TI\CSS\ccs\tools\compiler\ti-cgt-armllvm_4.0.4.LTS\lib\armv6m-ti-none-eabi\c\</path>
         <kind>archive</kind>
         <file>libc.a</file>
         <name>s_scalbn.c.obj</name>
      </input_file>
      <input_file id="fl-4b">
         <path>D:\TI\CSS\ccs\tools\compiler\ti-cgt-armllvm_4.0.4.LTS\lib\armv6m-ti-none-eabi\c\</path>
         <kind>archive</kind>
         <file>libc.a</file>
         <name>wcslen.c.obj</name>
      </input_file>
      <input_file id="fl-4c">
         <path>D:\TI\CSS\ccs\tools\compiler\ti-cgt-armllvm_4.0.4.LTS\lib\armv6m-ti-none-eabi\c\</path>
         <kind>archive</kind>
         <file>libc.a</file>
         <name>sprintf.c.obj</name>
      </input_file>
      <input_file id="fl-4d">
         <path>D:\TI\CSS\ccs\tools\compiler\ti-cgt-armllvm_4.0.4.LTS\lib\armv6m-ti-none-eabi\c\</path>
         <kind>archive</kind>
         <file>libc.a</file>
         <name>fflush.c.obj</name>
      </input_file>
      <input_file id="fl-4e">
         <path>D:\TI\CSS\ccs\tools\compiler\ti-cgt-armllvm_4.0.4.LTS\lib\armv6m-ti-none-eabi\c\</path>
         <kind>archive</kind>
         <file>libc.a</file>
         <name>aeabi_ctype.S.obj</name>
      </input_file>
      <input_file id="fl-4f">
         <path>D:\TI\CSS\ccs\tools\compiler\ti-cgt-armllvm_4.0.4.LTS\lib\armv6m-ti-none-eabi\c\</path>
         <kind>archive</kind>
         <file>libc.a</file>
         <name>exit.c.obj</name>
      </input_file>
      <input_file id="fl-50">
         <path>D:\TI\CSS\ccs\tools\compiler\ti-cgt-armllvm_4.0.4.LTS\lib\armv6m-ti-none-eabi\c\</path>
         <kind>archive</kind>
         <file>libc.a</file>
         <name>args_main.c.obj</name>
      </input_file>
      <input_file id="fl-f0">
         <path>D:\TI\CSS\ccs\tools\compiler\ti-cgt-armllvm_4.0.4.LTS\lib\armv6m-ti-none-eabi\c\</path>
         <kind>archive</kind>
         <file>libsysbm.a</file>
         <name>hostexit.c.obj</name>
      </input_file>
      <input_file id="fl-f1">
         <path>D:\TI\CSS\ccs\tools\compiler\ti-cgt-armllvm_4.0.4.LTS\lib\armv6m-ti-none-eabi\c\</path>
         <kind>archive</kind>
         <file>libsysbm.a</file>
         <name>write.c.obj</name>
      </input_file>
      <input_file id="fl-f2">
         <path>D:\TI\CSS\ccs\tools\compiler\ti-cgt-armllvm_4.0.4.LTS\lib\armv6m-ti-none-eabi\c\</path>
         <kind>archive</kind>
         <file>libsysbm.a</file>
         <name>host_device.c.obj</name>
      </input_file>
      <input_file id="fl-f3">
         <path>D:\TI\CSS\ccs\tools\compiler\ti-cgt-armllvm_4.0.4.LTS\lib\armv6m-ti-none-eabi\c\</path>
         <kind>archive</kind>
         <file>libsysbm.a</file>
         <name>hostclose.c.obj</name>
      </input_file>
      <input_file id="fl-f4">
         <path>D:\TI\CSS\ccs\tools\compiler\ti-cgt-armllvm_4.0.4.LTS\lib\armv6m-ti-none-eabi\c\</path>
         <kind>archive</kind>
         <file>libsysbm.a</file>
         <name>hostlseek.c.obj</name>
      </input_file>
      <input_file id="fl-f5">
         <path>D:\TI\CSS\ccs\tools\compiler\ti-cgt-armllvm_4.0.4.LTS\lib\armv6m-ti-none-eabi\c\</path>
         <kind>archive</kind>
         <file>libsysbm.a</file>
         <name>hostopen.c.obj</name>
      </input_file>
      <input_file id="fl-f6">
         <path>D:\TI\CSS\ccs\tools\compiler\ti-cgt-armllvm_4.0.4.LTS\lib\armv6m-ti-none-eabi\c\</path>
         <kind>archive</kind>
         <file>libsysbm.a</file>
         <name>hostread.c.obj</name>
      </input_file>
      <input_file id="fl-f7">
         <path>D:\TI\CSS\ccs\tools\compiler\ti-cgt-armllvm_4.0.4.LTS\lib\armv6m-ti-none-eabi\c\</path>
         <kind>archive</kind>
         <file>libsysbm.a</file>
         <name>hostrename.c.obj</name>
      </input_file>
      <input_file id="fl-f8">
         <path>D:\TI\CSS\ccs\tools\compiler\ti-cgt-armllvm_4.0.4.LTS\lib\armv6m-ti-none-eabi\c\</path>
         <kind>archive</kind>
         <file>libsysbm.a</file>
         <name>hostunlink.c.obj</name>
      </input_file>
      <input_file id="fl-f9">
         <path>D:\TI\CSS\ccs\tools\compiler\ti-cgt-armllvm_4.0.4.LTS\lib\armv6m-ti-none-eabi\c\</path>
         <kind>archive</kind>
         <file>libsysbm.a</file>
         <name>hostwrite.c.obj</name>
      </input_file>
      <input_file id="fl-fa">
         <path>D:\TI\CSS\ccs\tools\compiler\ti-cgt-armllvm_4.0.4.LTS\lib\armv6m-ti-none-eabi\c\</path>
         <kind>archive</kind>
         <file>libsysbm.a</file>
         <name>trgmsg.c.obj</name>
      </input_file>
      <input_file id="fl-fb">
         <path>D:\TI\CSS\ccs\tools\compiler\ti-cgt-armllvm_4.0.4.LTS\lib\armv6m-ti-none-eabi\</path>
         <kind>archive</kind>
         <file>libclang_rt.builtins.a</file>
         <name>addsf3.S.obj</name>
      </input_file>
      <input_file id="fl-fc">
         <path>D:\TI\CSS\ccs\tools\compiler\ti-cgt-armllvm_4.0.4.LTS\lib\armv6m-ti-none-eabi\</path>
         <kind>archive</kind>
         <file>libclang_rt.builtins.a</file>
         <name>adddf3.S.obj</name>
      </input_file>
      <input_file id="fl-fd">
         <path>D:\TI\CSS\ccs\tools\compiler\ti-cgt-armllvm_4.0.4.LTS\lib\armv6m-ti-none-eabi\</path>
         <kind>archive</kind>
         <file>libclang_rt.builtins.a</file>
         <name>muldf3.S.obj</name>
      </input_file>
      <input_file id="fl-fe">
         <path>D:\TI\CSS\ccs\tools\compiler\ti-cgt-armllvm_4.0.4.LTS\lib\armv6m-ti-none-eabi\</path>
         <kind>archive</kind>
         <file>libclang_rt.builtins.a</file>
         <name>muldsi3.S.obj</name>
      </input_file>
      <input_file id="fl-ff">
         <path>D:\TI\CSS\ccs\tools\compiler\ti-cgt-armllvm_4.0.4.LTS\lib\armv6m-ti-none-eabi\</path>
         <kind>archive</kind>
         <file>libclang_rt.builtins.a</file>
         <name>mulsf3.S.obj</name>
      </input_file>
      <input_file id="fl-100">
         <path>D:\TI\CSS\ccs\tools\compiler\ti-cgt-armllvm_4.0.4.LTS\lib\armv6m-ti-none-eabi\</path>
         <kind>archive</kind>
         <file>libclang_rt.builtins.a</file>
         <name>divsf3.S.obj</name>
      </input_file>
      <input_file id="fl-101">
         <path>D:\TI\CSS\ccs\tools\compiler\ti-cgt-armllvm_4.0.4.LTS\lib\armv6m-ti-none-eabi\</path>
         <kind>archive</kind>
         <file>libclang_rt.builtins.a</file>
         <name>divdf3.S.obj</name>
      </input_file>
      <input_file id="fl-102">
         <path>D:\TI\CSS\ccs\tools\compiler\ti-cgt-armllvm_4.0.4.LTS\lib\armv6m-ti-none-eabi\</path>
         <kind>archive</kind>
         <file>libclang_rt.builtins.a</file>
         <name>extendsfdf2.S.obj</name>
      </input_file>
      <input_file id="fl-103">
         <path>D:\TI\CSS\ccs\tools\compiler\ti-cgt-armllvm_4.0.4.LTS\lib\armv6m-ti-none-eabi\</path>
         <kind>archive</kind>
         <file>libclang_rt.builtins.a</file>
         <name>fixdfsi.S.obj</name>
      </input_file>
      <input_file id="fl-104">
         <path>D:\TI\CSS\ccs\tools\compiler\ti-cgt-armllvm_4.0.4.LTS\lib\armv6m-ti-none-eabi\</path>
         <kind>archive</kind>
         <file>libclang_rt.builtins.a</file>
         <name>fixsfsi.S.obj</name>
      </input_file>
      <input_file id="fl-105">
         <path>D:\TI\CSS\ccs\tools\compiler\ti-cgt-armllvm_4.0.4.LTS\lib\armv6m-ti-none-eabi\</path>
         <kind>archive</kind>
         <file>libclang_rt.builtins.a</file>
         <name>floatsidf.S.obj</name>
      </input_file>
      <input_file id="fl-106">
         <path>D:\TI\CSS\ccs\tools\compiler\ti-cgt-armllvm_4.0.4.LTS\lib\armv6m-ti-none-eabi\</path>
         <kind>archive</kind>
         <file>libclang_rt.builtins.a</file>
         <name>floatsisf.S.obj</name>
      </input_file>
      <input_file id="fl-107">
         <path>D:\TI\CSS\ccs\tools\compiler\ti-cgt-armllvm_4.0.4.LTS\lib\armv6m-ti-none-eabi\</path>
         <kind>archive</kind>
         <file>libclang_rt.builtins.a</file>
         <name>muldi3.S.obj</name>
      </input_file>
      <input_file id="fl-108">
         <path>D:\TI\CSS\ccs\tools\compiler\ti-cgt-armllvm_4.0.4.LTS\lib\armv6m-ti-none-eabi\</path>
         <kind>archive</kind>
         <file>libclang_rt.builtins.a</file>
         <name>aeabi_dcmp.S.obj</name>
      </input_file>
      <input_file id="fl-109">
         <path>D:\TI\CSS\ccs\tools\compiler\ti-cgt-armllvm_4.0.4.LTS\lib\armv6m-ti-none-eabi\</path>
         <kind>archive</kind>
         <file>libclang_rt.builtins.a</file>
         <name>aeabi_fcmp.S.obj</name>
      </input_file>
      <input_file id="fl-10a">
         <path>D:\TI\CSS\ccs\tools\compiler\ti-cgt-armllvm_4.0.4.LTS\lib\armv6m-ti-none-eabi\</path>
         <kind>archive</kind>
         <file>libclang_rt.builtins.a</file>
         <name>aeabi_idivmod.S.obj</name>
      </input_file>
      <input_file id="fl-10b">
         <path>D:\TI\CSS\ccs\tools\compiler\ti-cgt-armllvm_4.0.4.LTS\lib\armv6m-ti-none-eabi\</path>
         <kind>archive</kind>
         <file>libclang_rt.builtins.a</file>
         <name>aeabi_memcpy.S.obj</name>
      </input_file>
      <input_file id="fl-10c">
         <path>D:\TI\CSS\ccs\tools\compiler\ti-cgt-armllvm_4.0.4.LTS\lib\armv6m-ti-none-eabi\</path>
         <kind>archive</kind>
         <file>libclang_rt.builtins.a</file>
         <name>aeabi_memset.S.obj</name>
      </input_file>
      <input_file id="fl-10d">
         <path>D:\TI\CSS\ccs\tools\compiler\ti-cgt-armllvm_4.0.4.LTS\lib\armv6m-ti-none-eabi\</path>
         <kind>archive</kind>
         <file>libclang_rt.builtins.a</file>
         <name>aeabi_uidivmod.S.obj</name>
      </input_file>
      <input_file id="fl-10e">
         <path>D:\TI\CSS\ccs\tools\compiler\ti-cgt-armllvm_4.0.4.LTS\lib\armv6m-ti-none-eabi\</path>
         <kind>archive</kind>
         <file>libclang_rt.builtins.a</file>
         <name>aeabi_uldivmod.S.obj</name>
      </input_file>
      <input_file id="fl-10f">
         <path>D:\TI\CSS\ccs\tools\compiler\ti-cgt-armllvm_4.0.4.LTS\lib\armv6m-ti-none-eabi\</path>
         <kind>archive</kind>
         <file>libclang_rt.builtins.a</file>
         <name>comparesf2.S.obj</name>
      </input_file>
      <input_file id="fl-110">
         <path>D:\TI\CSS\ccs\tools\compiler\ti-cgt-armllvm_4.0.4.LTS\lib\armv6m-ti-none-eabi\</path>
         <kind>archive</kind>
         <file>libclang_rt.builtins.a</file>
         <name>udivmoddi4.S.obj</name>
      </input_file>
      <input_file id="fl-111">
         <path>D:\TI\CSS\ccs\tools\compiler\ti-cgt-armllvm_4.0.4.LTS\lib\armv6m-ti-none-eabi\</path>
         <kind>archive</kind>
         <file>libclang_rt.builtins.a</file>
         <name>ashldi3.S.obj</name>
      </input_file>
      <input_file id="fl-112">
         <path>D:\TI\CSS\ccs\tools\compiler\ti-cgt-armllvm_4.0.4.LTS\lib\armv6m-ti-none-eabi\</path>
         <kind>archive</kind>
         <file>libclang_rt.builtins.a</file>
         <name>comparedf2.c.obj</name>
      </input_file>
      <input_file id="fl-113">
         <path>D:\TI\CSS\ccs\tools\compiler\ti-cgt-armllvm_4.0.4.LTS\lib\armv6m-ti-none-eabi\</path>
         <kind>archive</kind>
         <file>libclang_rt.builtins.a</file>
         <name>aeabi_div0.c.obj</name>
      </input_file>
      <input_file id="fl-114">
         <path>D:\TI\CSS\ccs\tools\compiler\ti-cgt-armllvm_4.0.4.LTS\lib\armv6m-ti-none-eabi\c\</path>
         <kind>archive</kind>
         <file>libc.a</file>
         <name>memcpy16.S.obj</name>
      </input_file>
      <input_file id="fl-115">
         <path>D:\TI\CSS\ccs\tools\compiler\ti-cgt-armllvm_4.0.4.LTS\lib\armv6m-ti-none-eabi\c\</path>
         <kind>archive</kind>
         <file>libc.a</file>
         <name>memset16.S.obj</name>
      </input_file>
   </input_file_list>
   <object_component_list>
      <object_component id="oc-18">
         <name>.intvecs</name>
         <load_address>0x0</load_address>
         <readonly>true</readonly>
         <run_address>0x0</run_address>
         <size>0xc0</size>
         <alignment>0x4</alignment>
         <input_file_ref idref="fl-3"/>
      </object_component>
      <object_component id="oc-e1">
         <name>.text.OLED_Clear</name>
         <load_address>0xc0</load_address>
         <readonly>true</readonly>
         <executable>true</executable>
         <run_address>0xc0</run_address>
         <size>0xc20</size>
         <alignment>0x4</alignment>
         <input_file_ref idref="fl-9"/>
      </object_component>
      <object_component id="oc-1d7">
         <name>.text:__TI_printfi</name>
         <load_address>0xce0</load_address>
         <readonly>true</readonly>
         <executable>true</executable>
         <run_address>0xce0</run_address>
         <size>0x9d0</size>
         <alignment>0x4</alignment>
         <input_file_ref idref="fl-35"/>
      </object_component>
      <object_component id="oc-dc">
         <name>.text.OLED_Init</name>
         <load_address>0x16b0</load_address>
         <readonly>true</readonly>
         <executable>true</executable>
         <run_address>0x16b0</run_address>
         <size>0x374</size>
         <alignment>0x4</alignment>
         <input_file_ref idref="fl-9"/>
      </object_component>
      <object_component id="oc-b5">
         <name>.text.PID_ExecuteNode</name>
         <load_address>0x1a24</load_address>
         <readonly>true</readonly>
         <executable>true</executable>
         <run_address>0x1a24</run_address>
         <size>0x288</size>
         <alignment>0x4</alignment>
         <input_file_ref idref="fl-8"/>
      </object_component>
      <object_component id="oc-16b">
         <name>.text.OLED_ShowChar</name>
         <load_address>0x1cac</load_address>
         <readonly>true</readonly>
         <executable>true</executable>
         <run_address>0x1cac</run_address>
         <size>0x270</size>
         <alignment>0x4</alignment>
         <input_file_ref idref="fl-9"/>
      </object_component>
      <object_component id="oc-22e">
         <name>.text._pconv_a</name>
         <load_address>0x1f1c</load_address>
         <readonly>true</readonly>
         <executable>true</executable>
         <run_address>0x1f1c</run_address>
         <size>0x220</size>
         <alignment>0x4</alignment>
         <input_file_ref idref="fl-35"/>
      </object_component>
      <object_component id="oc-16c">
         <name>.text.PID_Node_Init</name>
         <load_address>0x213c</load_address>
         <readonly>true</readonly>
         <executable>true</executable>
         <run_address>0x213c</run_address>
         <size>0x204</size>
         <alignment>0x4</alignment>
         <input_file_ref idref="fl-8"/>
      </object_component>
      <object_component id="oc-233">
         <name>.text._pconv_g</name>
         <load_address>0x2340</load_address>
         <readonly>true</readonly>
         <executable>true</executable>
         <run_address>0x2340</run_address>
         <size>0x1dc</size>
         <alignment>0x4</alignment>
         <input_file_ref idref="fl-35"/>
      </object_component>
      <object_component id="oc-89">
         <name>.text.main</name>
         <load_address>0x251c</load_address>
         <readonly>true</readonly>
         <executable>true</executable>
         <run_address>0x251c</run_address>
         <size>0x1b8</size>
         <alignment>0x4</alignment>
         <input_file_ref idref="fl-1"/>
      </object_component>
      <object_component id="oc-278">
         <name>.text.adddf3_subdf3</name>
         <load_address>0x26d4</load_address>
         <readonly>true</readonly>
         <executable>true</executable>
         <run_address>0x26d4</run_address>
         <size>0x192</size>
         <alignment>0x4</alignment>
         <input_file_ref idref="fl-fc"/>
      </object_component>
      <object_component id="oc-33">
         <name>.text.Default_Handler</name>
         <load_address>0x2866</load_address>
         <readonly>true</readonly>
         <executable>true</executable>
         <run_address>0x2866</run_address>
         <size>0x2</size>
         <alignment>0x2</alignment>
         <input_file_ref idref="fl-3"/>
      </object_component>
      <object_component id="oc-e5">
         <name>.text.OLED_Refresh</name>
         <load_address>0x2868</load_address>
         <readonly>true</readonly>
         <executable>true</executable>
         <run_address>0x2868</run_address>
         <size>0x190</size>
         <alignment>0x4</alignment>
         <input_file_ref idref="fl-9"/>
      </object_component>
      <object_component id="oc-14a">
         <name>.text.SYSCFG_DL_GPIO_init</name>
         <load_address>0x29f8</load_address>
         <readonly>true</readonly>
         <executable>true</executable>
         <run_address>0x29f8</run_address>
         <size>0x16c</size>
         <alignment>0x4</alignment>
         <input_file_ref idref="fl-2"/>
      </object_component>
      <object_component id="oc-39">
         <name>.text.GROUP1_IRQHandler</name>
         <load_address>0x2b64</load_address>
         <readonly>true</readonly>
         <executable>true</executable>
         <run_address>0x2b64</run_address>
         <size>0x148</size>
         <alignment>0x4</alignment>
         <input_file_ref idref="fl-1"/>
      </object_component>
      <object_component id="oc-27c">
         <name>.text.fcvt</name>
         <load_address>0x2cac</load_address>
         <readonly>true</readonly>
         <executable>true</executable>
         <run_address>0x2cac</run_address>
         <size>0x13c</size>
         <alignment>0x4</alignment>
         <input_file_ref idref="fl-35"/>
      </object_component>
      <object_component id="oc-235">
         <name>.text._pconv_e</name>
         <load_address>0x2de8</load_address>
         <readonly>true</readonly>
         <executable>true</executable>
         <run_address>0x2de8</run_address>
         <size>0x120</size>
         <alignment>0x4</alignment>
         <input_file_ref idref="fl-35"/>
      </object_component>
      <object_component id="oc-70">
         <name>.text.UpdateSpeedFeedback</name>
         <load_address>0x2f08</load_address>
         <readonly>true</readonly>
         <executable>true</executable>
         <run_address>0x2f08</run_address>
         <size>0x11c</size>
         <alignment>0x4</alignment>
         <input_file_ref idref="fl-4"/>
      </object_component>
      <object_component id="oc-274">
         <name>.text.__divdf3</name>
         <load_address>0x3024</load_address>
         <readonly>true</readonly>
         <executable>true</executable>
         <run_address>0x3024</run_address>
         <size>0x10c</size>
         <alignment>0x4</alignment>
         <input_file_ref idref="fl-101"/>
      </object_component>
      <object_component id="oc-1a9">
         <name>.text.DL_Timer_initFourCCPWMMode</name>
         <load_address>0x3130</load_address>
         <readonly>true</readonly>
         <executable>true</executable>
         <run_address>0x3130</run_address>
         <size>0x104</size>
         <alignment>0x4</alignment>
         <input_file_ref idref="fl-1c"/>
      </object_component>
      <object_component id="oc-16f">
         <name>.text.PID_Node_SetLimit</name>
         <load_address>0x3234</load_address>
         <readonly>true</readonly>
         <executable>true</executable>
         <run_address>0x3234</run_address>
         <size>0x104</size>
         <alignment>0x4</alignment>
         <input_file_ref idref="fl-8"/>
      </object_component>
      <object_component id="oc-1ae">
         <name>.text.DL_Timer_initTimerMode</name>
         <load_address>0x3338</load_address>
         <readonly>true</readonly>
         <executable>true</executable>
         <run_address>0x3338</run_address>
         <size>0xfc</size>
         <alignment>0x4</alignment>
         <input_file_ref idref="fl-1c"/>
      </object_component>
      <object_component id="oc-f3">
         <name>.text.MulitKey_Scan</name>
         <load_address>0x3434</load_address>
         <readonly>true</readonly>
         <executable>true</executable>
         <run_address>0x3434</run_address>
         <size>0xf4</size>
         <alignment>0x4</alignment>
         <input_file_ref idref="fl-b"/>
      </object_component>
      <object_component id="oc-264">
         <name>.text.__muldf3</name>
         <load_address>0x3528</load_address>
         <readonly>true</readonly>
         <executable>true</executable>
         <run_address>0x3528</run_address>
         <size>0xe4</size>
         <alignment>0x4</alignment>
         <input_file_ref idref="fl-fd"/>
      </object_component>
      <object_component id="oc-f4">
         <name>.text.task1</name>
         <load_address>0x360c</load_address>
         <readonly>true</readonly>
         <executable>true</executable>
         <run_address>0x360c</run_address>
         <size>0xe0</size>
         <alignment>0x4</alignment>
         <input_file_ref idref="fl-1"/>
      </object_component>
      <object_component id="oc-253">
         <name>.text.scalbn</name>
         <load_address>0x36ec</load_address>
         <readonly>true</readonly>
         <executable>true</executable>
         <run_address>0x36ec</run_address>
         <size>0xd8</size>
         <alignment>0x4</alignment>
         <input_file_ref idref="fl-4a"/>
      </object_component>
      <object_component id="oc-a4">
         <name>.text</name>
         <load_address>0x37c4</load_address>
         <readonly>true</readonly>
         <executable>true</executable>
         <run_address>0x37c4</run_address>
         <size>0xd8</size>
         <alignment>0x4</alignment>
         <input_file_ref idref="fl-fb"/>
      </object_component>
      <object_component id="oc-e8">
         <name>.text.Control_Init</name>
         <load_address>0x389c</load_address>
         <readonly>true</readonly>
         <executable>true</executable>
         <run_address>0x389c</run_address>
         <size>0xc4</size>
         <alignment>0x4</alignment>
         <input_file_ref idref="fl-4"/>
      </object_component>
      <object_component id="oc-3f">
         <name>.text.TIMA0_IRQHandler</name>
         <load_address>0x3960</load_address>
         <readonly>true</readonly>
         <executable>true</executable>
         <run_address>0x3960</run_address>
         <size>0xb4</size>
         <alignment>0x4</alignment>
         <input_file_ref idref="fl-1"/>
      </object_component>
      <object_component id="oc-24a">
         <name>.text</name>
         <load_address>0x3a14</load_address>
         <readonly>true</readonly>
         <executable>true</executable>
         <run_address>0x3a14</run_address>
         <size>0xa2</size>
         <alignment>0x4</alignment>
         <input_file_ref idref="fl-110"/>
      </object_component>
      <object_component id="oc-c9">
         <name>.text:memcpy</name>
         <load_address>0x3ab6</load_address>
         <readonly>true</readonly>
         <executable>true</executable>
         <run_address>0x3ab6</run_address>
         <size>0x9a</size>
         <alignment>0x1</alignment>
         <input_file_ref idref="fl-114"/>
      </object_component>
      <object_component id="oc-14c">
         <name>.text.SYSCFG_DL_PWM_0_init</name>
         <load_address>0x3b50</load_address>
         <readonly>true</readonly>
         <executable>true</executable>
         <run_address>0x3b50</run_address>
         <size>0x98</size>
         <alignment>0x4</alignment>
         <input_file_ref idref="fl-2"/>
      </object_component>
      <object_component id="oc-e4">
         <name>.text.OLED_ShowString</name>
         <load_address>0x3be8</load_address>
         <readonly>true</readonly>
         <executable>true</executable>
         <run_address>0x3be8</run_address>
         <size>0x8c</size>
         <alignment>0x2</alignment>
         <input_file_ref idref="fl-9"/>
      </object_component>
      <object_component id="oc-a0">
         <name>.text.__mulsf3</name>
         <load_address>0x3c74</load_address>
         <readonly>true</readonly>
         <executable>true</executable>
         <run_address>0x3c74</run_address>
         <size>0x8c</size>
         <alignment>0x4</alignment>
         <input_file_ref idref="fl-ff"/>
      </object_component>
      <object_component id="oc-148">
         <name>.text.SYSCFG_DL_initPower</name>
         <load_address>0x3d00</load_address>
         <readonly>true</readonly>
         <executable>true</executable>
         <run_address>0x3d00</run_address>
         <size>0x88</size>
         <alignment>0x4</alignment>
         <input_file_ref idref="fl-2"/>
      </object_component>
      <object_component id="oc-98">
         <name>.text.__divsf3</name>
         <load_address>0x3d88</load_address>
         <readonly>true</readonly>
         <executable>true</executable>
         <run_address>0x3d88</run_address>
         <size>0x82</size>
         <alignment>0x4</alignment>
         <input_file_ref idref="fl-100"/>
      </object_component>
      <object_component id="oc-1a1">
         <name>.text.__aeabi_idiv0</name>
         <load_address>0x3e0a</load_address>
         <readonly>true</readonly>
         <executable>true</executable>
         <run_address>0x3e0a</run_address>
         <size>0x2</size>
         <alignment>0x2</alignment>
         <input_file_ref idref="fl-113"/>
      </object_component>
      <object_component id="oc-76">
         <name>.text.Control_UpdateSpeedPID</name>
         <load_address>0x3e0c</load_address>
         <readonly>true</readonly>
         <executable>true</executable>
         <run_address>0x3e0c</run_address>
         <size>0x7c</size>
         <alignment>0x4</alignment>
         <input_file_ref idref="fl-4"/>
      </object_component>
      <object_component id="oc-1c">
         <name>.text:decompress:lzss</name>
         <load_address>0x3e88</load_address>
         <readonly>true</readonly>
         <executable>true</executable>
         <run_address>0x3e88</run_address>
         <size>0x7c</size>
         <alignment>0x4</alignment>
         <input_file_ref idref="fl-48"/>
      </object_component>
      <object_component id="oc-272">
         <name>.text.__gedf2</name>
         <load_address>0x3f04</load_address>
         <readonly>true</readonly>
         <executable>true</executable>
         <run_address>0x3f04</run_address>
         <size>0x74</size>
         <alignment>0x4</alignment>
         <input_file_ref idref="fl-112"/>
      </object_component>
      <object_component id="oc-e3">
         <name>.text.OLED_DisPlay_On</name>
         <load_address>0x3f78</load_address>
         <readonly>true</readonly>
         <executable>true</executable>
         <run_address>0x3f78</run_address>
         <size>0x70</size>
         <alignment>0x4</alignment>
         <input_file_ref idref="fl-9"/>
      </object_component>
      <object_component id="oc-150">
         <name>.text.SYSCFG_DL_UART_0_init</name>
         <load_address>0x3fe8</load_address>
         <readonly>true</readonly>
         <executable>true</executable>
         <run_address>0x3fe8</run_address>
         <size>0x70</size>
         <alignment>0x4</alignment>
         <input_file_ref idref="fl-2"/>
      </object_component>
      <object_component id="oc-ba">
         <name>.text.Motor_setSpeed</name>
         <load_address>0x4058</load_address>
         <readonly>true</readonly>
         <executable>true</executable>
         <run_address>0x4058</run_address>
         <size>0x6c</size>
         <alignment>0x4</alignment>
         <input_file_ref idref="fl-7"/>
      </object_component>
      <object_component id="oc-26c">
         <name>.text.__ledf2</name>
         <load_address>0x40c4</load_address>
         <readonly>true</readonly>
         <executable>true</executable>
         <run_address>0x40c4</run_address>
         <size>0x68</size>
         <alignment>0x4</alignment>
         <input_file_ref idref="fl-112"/>
      </object_component>
      <object_component id="oc-26b">
         <name>.text._mcpy</name>
         <load_address>0x412c</load_address>
         <readonly>true</readonly>
         <executable>true</executable>
         <run_address>0x412c</run_address>
         <size>0x66</size>
         <alignment>0x2</alignment>
         <input_file_ref idref="fl-35"/>
      </object_component>
      <object_component id="oc-281">
         <name>.text.__aeabi_ldiv0</name>
         <load_address>0x4192</load_address>
         <readonly>true</readonly>
         <executable>true</executable>
         <run_address>0x4192</run_address>
         <size>0x2</size>
         <alignment>0x2</alignment>
         <input_file_ref idref="fl-113"/>
      </object_component>
      <object_component id="oc-22f">
         <name>.text.__aeabi_dcmp</name>
         <load_address>0x4194</load_address>
         <readonly>true</readonly>
         <executable>true</executable>
         <run_address>0x4194</run_address>
         <size>0x62</size>
         <alignment>0x4</alignment>
         <input_file_ref idref="fl-108"/>
      </object_component>
      <object_component id="oc-1d8">
         <name>.text._nop</name>
         <load_address>0x41f6</load_address>
         <readonly>true</readonly>
         <executable>true</executable>
         <run_address>0x41f6</run_address>
         <size>0x2</size>
         <alignment>0x2</alignment>
         <input_file_ref idref="fl-39"/>
      </object_component>
      <object_component id="oc-94">
         <name>.text.__aeabi_fcmp</name>
         <load_address>0x41f8</load_address>
         <readonly>true</readonly>
         <executable>true</executable>
         <run_address>0x41f8</run_address>
         <size>0x62</size>
         <alignment>0x4</alignment>
         <input_file_ref idref="fl-109"/>
      </object_component>
      <object_component id="oc-147">
         <name>.text:memset</name>
         <load_address>0x425a</load_address>
         <readonly>true</readonly>
         <executable>true</executable>
         <run_address>0x425a</run_address>
         <size>0x62</size>
         <alignment>0x1</alignment>
         <input_file_ref idref="fl-115"/>
      </object_component>
      <object_component id="oc-af">
         <name>.text.PID_Node_UpdateMeasurement</name>
         <load_address>0x42bc</load_address>
         <readonly>true</readonly>
         <executable>true</executable>
         <run_address>0x42bc</run_address>
         <size>0x60</size>
         <alignment>0x4</alignment>
         <input_file_ref idref="fl-8"/>
      </object_component>
      <object_component id="oc-151">
         <name>.text.SYSCFG_DL_UART_1_init</name>
         <load_address>0x431c</load_address>
         <readonly>true</readonly>
         <executable>true</executable>
         <run_address>0x431c</run_address>
         <size>0x60</size>
         <alignment>0x4</alignment>
         <input_file_ref idref="fl-2"/>
      </object_component>
      <object_component id="oc-152">
         <name>.text.SYSCFG_DL_UART_2_init</name>
         <load_address>0x437c</load_address>
         <readonly>true</readonly>
         <executable>true</executable>
         <run_address>0x437c</run_address>
         <size>0x60</size>
         <alignment>0x4</alignment>
         <input_file_ref idref="fl-2"/>
      </object_component>
      <object_component id="oc-24f">
         <name>.text.frexp</name>
         <load_address>0x43dc</load_address>
         <readonly>true</readonly>
         <executable>true</executable>
         <run_address>0x43dc</run_address>
         <size>0x5c</size>
         <alignment>0x4</alignment>
         <input_file_ref idref="fl-49"/>
      </object_component>
      <object_component id="oc-d5">
         <name>.text.printf</name>
         <load_address>0x4438</load_address>
         <readonly>true</readonly>
         <executable>true</executable>
         <run_address>0x4438</run_address>
         <size>0x5c</size>
         <alignment>0x4</alignment>
         <input_file_ref idref="fl-34"/>
      </object_component>
      <object_component id="oc-16e">
         <name>.text.PID_Node_SetIntegralAttenuationKp</name>
         <load_address>0x4494</load_address>
         <readonly>true</readonly>
         <executable>true</executable>
         <run_address>0x4494</run_address>
         <size>0x58</size>
         <alignment>0x4</alignment>
         <input_file_ref idref="fl-8"/>
      </object_component>
      <object_component id="oc-25b">
         <name>.text.__TI_ltoa</name>
         <load_address>0x44ec</load_address>
         <readonly>true</readonly>
         <executable>true</executable>
         <run_address>0x44ec</run_address>
         <size>0x58</size>
         <alignment>0x2</alignment>
         <input_file_ref idref="fl-3a"/>
      </object_component>
      <object_component id="oc-234">
         <name>.text._pconv_f</name>
         <load_address>0x4544</load_address>
         <readonly>true</readonly>
         <executable>true</executable>
         <run_address>0x4544</run_address>
         <size>0x58</size>
         <alignment>0x2</alignment>
         <input_file_ref idref="fl-35"/>
      </object_component>
      <object_component id="oc-28e">
         <name>.text.__aeabi_idivmod</name>
         <load_address>0x459c</load_address>
         <readonly>true</readonly>
         <executable>true</executable>
         <run_address>0x459c</run_address>
         <size>0x56</size>
         <alignment>0x4</alignment>
         <input_file_ref idref="fl-10a"/>
      </object_component>
      <object_component id="oc-ce">
         <name>.text.SYSCFG_DL_init</name>
         <load_address>0x45f4</load_address>
         <readonly>true</readonly>
         <executable>true</executable>
         <run_address>0x45f4</run_address>
         <size>0x54</size>
         <alignment>0x4</alignment>
         <input_file_ref idref="fl-2"/>
      </object_component>
      <object_component id="oc-269">
         <name>.text._ecpy</name>
         <load_address>0x4648</load_address>
         <readonly>true</readonly>
         <executable>true</executable>
         <run_address>0x4648</run_address>
         <size>0x52</size>
         <alignment>0x2</alignment>
         <input_file_ref idref="fl-35"/>
      </object_component>
      <object_component id="oc-175">
         <name>.text.PID_Node_SetSetpoint</name>
         <load_address>0x469c</load_address>
         <readonly>true</readonly>
         <executable>true</executable>
         <run_address>0x469c</run_address>
         <size>0x50</size>
         <alignment>0x4</alignment>
         <input_file_ref idref="fl-8"/>
      </object_component>
      <object_component id="oc-153">
         <name>.text.SYSCFG_DL_SPI_init</name>
         <load_address>0x46ec</load_address>
         <readonly>true</readonly>
         <executable>true</executable>
         <run_address>0x46ec</run_address>
         <size>0x4c</size>
         <alignment>0x4</alignment>
         <input_file_ref idref="fl-2"/>
      </object_component>
      <object_component id="oc-14b">
         <name>.text.SYSCFG_DL_SYSCTL_init</name>
         <load_address>0x4738</load_address>
         <readonly>true</readonly>
         <executable>true</executable>
         <run_address>0x4738</run_address>
         <size>0x4c</size>
         <alignment>0x4</alignment>
         <input_file_ref idref="fl-2"/>
      </object_component>
      <object_component id="oc-17c">
         <name>.text.snprintf</name>
         <load_address>0x4784</load_address>
         <readonly>true</readonly>
         <executable>true</executable>
         <run_address>0x4784</run_address>
         <size>0x4c</size>
         <alignment>0x4</alignment>
         <input_file_ref idref="fl-36"/>
      </object_component>
      <object_component id="oc-257">
         <name>.text.__fixdfsi</name>
         <load_address>0x47d0</load_address>
         <readonly>true</readonly>
         <executable>true</executable>
         <run_address>0x47d0</run_address>
         <size>0x4a</size>
         <alignment>0x4</alignment>
         <input_file_ref idref="fl-103"/>
      </object_component>
      <object_component id="oc-1e1">
         <name>.text.fputs</name>
         <load_address>0x481a</load_address>
         <readonly>true</readonly>
         <executable>true</executable>
         <run_address>0x481a</run_address>
         <size>0x4a</size>
         <alignment>0x2</alignment>
         <input_file_ref idref="fl-1"/>
      </object_component>
      <object_component id="oc-1c0">
         <name>.text.DL_UART_init</name>
         <load_address>0x4864</load_address>
         <readonly>true</readonly>
         <executable>true</executable>
         <run_address>0x4864</run_address>
         <size>0x48</size>
         <alignment>0x4</alignment>
         <input_file_ref idref="fl-1d"/>
      </object_component>
      <object_component id="oc-1cd">
         <name>.text.DL_SPI_init</name>
         <load_address>0x48ac</load_address>
         <readonly>true</readonly>
         <executable>true</executable>
         <run_address>0x48ac</run_address>
         <size>0x44</size>
         <alignment>0x4</alignment>
         <input_file_ref idref="fl-1b"/>
      </object_component>
      <object_component id="oc-13b">
         <name>.text.__aeabi_uidivmod</name>
         <load_address>0x48f0</load_address>
         <readonly>true</readonly>
         <executable>true</executable>
         <run_address>0x48f0</run_address>
         <size>0x40</size>
         <alignment>0x4</alignment>
         <input_file_ref idref="fl-10d"/>
      </object_component>
      <object_component id="oc-184">
         <name>.text.__extendsfdf2</name>
         <load_address>0x4930</load_address>
         <readonly>true</readonly>
         <executable>true</executable>
         <run_address>0x4930</run_address>
         <size>0x40</size>
         <alignment>0x4</alignment>
         <input_file_ref idref="fl-102"/>
      </object_component>
      <object_component id="oc-218">
         <name>.text.atoi</name>
         <load_address>0x4970</load_address>
         <readonly>true</readonly>
         <executable>true</executable>
         <run_address>0x4970</run_address>
         <size>0x40</size>
         <alignment>0x4</alignment>
         <input_file_ref idref="fl-3c"/>
      </object_component>
      <object_component id="oc-9c">
         <name>.text.__floatsisf</name>
         <load_address>0x49b0</load_address>
         <readonly>true</readonly>
         <executable>true</executable>
         <run_address>0x49b0</run_address>
         <size>0x3c</size>
         <alignment>0x4</alignment>
         <input_file_ref idref="fl-106"/>
      </object_component>
      <object_component id="oc-128">
         <name>.text.__gtsf2</name>
         <load_address>0x49ec</load_address>
         <readonly>true</readonly>
         <executable>true</executable>
         <run_address>0x49ec</run_address>
         <size>0x3c</size>
         <alignment>0x4</alignment>
         <input_file_ref idref="fl-10f"/>
      </object_component>
      <object_component id="oc-f2">
         <name>.text.uart0_send_string</name>
         <load_address>0x4a28</load_address>
         <readonly>true</readonly>
         <executable>true</executable>
         <run_address>0x4a28</run_address>
         <size>0x3c</size>
         <alignment>0x2</alignment>
         <input_file_ref idref="fl-1"/>
      </object_component>
      <object_component id="oc-111">
         <name>.text:__TI_auto_init_nobinit_nopinit</name>
         <load_address>0x4a64</load_address>
         <readonly>true</readonly>
         <executable>true</executable>
         <run_address>0x4a64</run_address>
         <size>0x3c</size>
         <alignment>0x4</alignment>
         <input_file_ref idref="fl-43"/>
      </object_component>
      <object_component id="oc-123">
         <name>.text.__eqsf2</name>
         <load_address>0x4aa0</load_address>
         <readonly>true</readonly>
         <executable>true</executable>
         <run_address>0x4aa0</run_address>
         <size>0x3a</size>
         <alignment>0x4</alignment>
         <input_file_ref idref="fl-10f"/>
      </object_component>
      <object_component id="oc-12c">
         <name>.text.__muldsi3</name>
         <load_address>0x4adc</load_address>
         <readonly>true</readonly>
         <executable>true</executable>
         <run_address>0x4adc</run_address>
         <size>0x3a</size>
         <alignment>0x4</alignment>
         <input_file_ref idref="fl-fe"/>
      </object_component>
      <object_component id="oc-14d">
         <name>.text.SYSCFG_DL_TIMER_0_init</name>
         <load_address>0x4b18</load_address>
         <readonly>true</readonly>
         <executable>true</executable>
         <run_address>0x4b18</run_address>
         <size>0x38</size>
         <alignment>0x4</alignment>
         <input_file_ref idref="fl-2"/>
      </object_component>
      <object_component id="oc-b6">
         <name>.text.__fixsfsi</name>
         <load_address>0x4b50</load_address>
         <readonly>true</readonly>
         <executable>true</executable>
         <run_address>0x4b50</run_address>
         <size>0x38</size>
         <alignment>0x4</alignment>
         <input_file_ref idref="fl-104"/>
      </object_component>
      <object_component id="oc-fe">
         <name>.text.SetMotor1IN1</name>
         <load_address>0x4b88</load_address>
         <readonly>true</readonly>
         <executable>true</executable>
         <run_address>0x4b88</run_address>
         <size>0x34</size>
         <alignment>0x4</alignment>
         <input_file_ref idref="fl-1"/>
      </object_component>
      <object_component id="oc-101">
         <name>.text.SetMotor2IN1</name>
         <load_address>0x4bbc</load_address>
         <readonly>true</readonly>
         <executable>true</executable>
         <run_address>0x4bbc</run_address>
         <size>0x34</size>
         <alignment>0x4</alignment>
         <input_file_ref idref="fl-1"/>
      </object_component>
      <object_component id="oc-e9">
         <name>.text.Control_Speed_SetPID</name>
         <load_address>0x4bf0</load_address>
         <readonly>true</readonly>
         <executable>true</executable>
         <run_address>0x4bf0</run_address>
         <size>0x30</size>
         <alignment>0x4</alignment>
         <input_file_ref idref="fl-4"/>
      </object_component>
      <object_component id="oc-23a">
         <name>.text.DL_UART_transmitDataBlocking</name>
         <load_address>0x4c20</load_address>
         <readonly>true</readonly>
         <executable>true</executable>
         <run_address>0x4c20</run_address>
         <size>0x30</size>
         <alignment>0x4</alignment>
         <input_file_ref idref="fl-1d"/>
      </object_component>
      <object_component id="oc-14f">
         <name>.text.SYSCFG_DL_I2C_6050_init</name>
         <load_address>0x4c50</load_address>
         <readonly>true</readonly>
         <executable>true</executable>
         <run_address>0x4c50</run_address>
         <size>0x30</size>
         <alignment>0x4</alignment>
         <input_file_ref idref="fl-2"/>
      </object_component>
      <object_component id="oc-154">
         <name>.text.SYSCFG_DL_SYSTICK_init</name>
         <load_address>0x4c80</load_address>
         <readonly>true</readonly>
         <executable>true</executable>
         <run_address>0x4c80</run_address>
         <size>0x30</size>
         <alignment>0x4</alignment>
         <input_file_ref idref="fl-2"/>
      </object_component>
      <object_component id="oc-26a">
         <name>.text._fcpy</name>
         <load_address>0x4cb0</load_address>
         <readonly>true</readonly>
         <executable>true</executable>
         <run_address>0x4cb0</run_address>
         <size>0x30</size>
         <alignment>0x2</alignment>
         <input_file_ref idref="fl-35"/>
      </object_component>
      <object_component id="oc-1fa">
         <name>.text._outs</name>
         <load_address>0x4ce0</load_address>
         <readonly>true</readonly>
         <executable>true</executable>
         <run_address>0x4ce0</run_address>
         <size>0x30</size>
         <alignment>0x2</alignment>
         <input_file_ref idref="fl-36"/>
      </object_component>
      <object_component id="oc-14e">
         <name>.text.SYSCFG_DL_TIMER_1_init</name>
         <load_address>0x4d10</load_address>
         <readonly>true</readonly>
         <executable>true</executable>
         <run_address>0x4d10</run_address>
         <size>0x2c</size>
         <alignment>0x4</alignment>
         <input_file_ref idref="fl-2"/>
      </object_component>
      <object_component id="oc-d3">
         <name>.text.__NVIC_ClearPendingIRQ</name>
         <load_address>0x4d3c</load_address>
         <readonly>true</readonly>
         <executable>true</executable>
         <run_address>0x4d3c</run_address>
         <size>0x2c</size>
         <alignment>0x4</alignment>
         <input_file_ref idref="fl-1"/>
      </object_component>
      <object_component id="oc-d4">
         <name>.text.__NVIC_EnableIRQ</name>
         <load_address>0x4d68</load_address>
         <readonly>true</readonly>
         <executable>true</executable>
         <run_address>0x4d68</run_address>
         <size>0x2c</size>
         <alignment>0x4</alignment>
         <input_file_ref idref="fl-1"/>
      </object_component>
      <object_component id="oc-25f">
         <name>.text.__floatsidf</name>
         <load_address>0x4d94</load_address>
         <readonly>true</readonly>
         <executable>true</executable>
         <run_address>0x4d94</run_address>
         <size>0x2c</size>
         <alignment>0x4</alignment>
         <input_file_ref idref="fl-105"/>
      </object_component>
      <object_component id="oc-178">
         <name>.text.uart0_send_char</name>
         <load_address>0x4dc0</load_address>
         <readonly>true</readonly>
         <executable>true</executable>
         <run_address>0x4dc0</run_address>
         <size>0x2c</size>
         <alignment>0x4</alignment>
         <input_file_ref idref="fl-1"/>
      </object_component>
      <object_component id="oc-16d">
         <name>.text.PID_Node_SetEnabled</name>
         <load_address>0x4dec</load_address>
         <readonly>true</readonly>
         <executable>true</executable>
         <run_address>0x4dec</run_address>
         <size>0x28</size>
         <alignment>0x4</alignment>
         <input_file_ref idref="fl-8"/>
      </object_component>
      <object_component id="oc-174">
         <name>.text.PID_Node_SetKd</name>
         <load_address>0x4e14</load_address>
         <readonly>true</readonly>
         <executable>true</executable>
         <run_address>0x4e14</run_address>
         <size>0x28</size>
         <alignment>0x4</alignment>
         <input_file_ref idref="fl-8"/>
      </object_component>
      <object_component id="oc-173">
         <name>.text.PID_Node_SetKi</name>
         <load_address>0x4e3c</load_address>
         <readonly>true</readonly>
         <executable>true</executable>
         <run_address>0x4e3c</run_address>
         <size>0x28</size>
         <alignment>0x4</alignment>
         <input_file_ref idref="fl-8"/>
      </object_component>
      <object_component id="oc-172">
         <name>.text.PID_Node_SetKp</name>
         <load_address>0x4e64</load_address>
         <readonly>true</readonly>
         <executable>true</executable>
         <run_address>0x4e64</run_address>
         <size>0x28</size>
         <alignment>0x4</alignment>
         <input_file_ref idref="fl-8"/>
      </object_component>
      <object_component id="oc-3e">
         <name>.text.UART0_IRQHandler</name>
         <load_address>0x4e8c</load_address>
         <readonly>true</readonly>
         <executable>true</executable>
         <run_address>0x4e8c</run_address>
         <size>0x28</size>
         <alignment>0x4</alignment>
         <input_file_ref idref="fl-1"/>
      </object_component>
      <object_component id="oc-5b">
         <name>.text:_c_int00_noargs</name>
         <load_address>0x4eb4</load_address>
         <readonly>true</readonly>
         <executable>true</executable>
         <run_address>0x4eb4</run_address>
         <size>0x28</size>
         <alignment>0x4</alignment>
         <input_file_ref idref="fl-41"/>
      </object_component>
      <object_component id="oc-1b3">
         <name>.text.DL_I2C_setClockConfig</name>
         <load_address>0x4edc</load_address>
         <readonly>true</readonly>
         <executable>true</executable>
         <run_address>0x4edc</run_address>
         <size>0x26</size>
         <alignment>0x2</alignment>
         <input_file_ref idref="fl-1a"/>
      </object_component>
      <object_component id="oc-34">
         <name>.text.SysTick_Handler</name>
         <load_address>0x4f04</load_address>
         <readonly>true</readonly>
         <executable>true</executable>
         <run_address>0x4f04</run_address>
         <size>0x24</size>
         <alignment>0x4</alignment>
         <input_file_ref idref="fl-5"/>
      </object_component>
      <object_component id="oc-225">
         <name>.text.__muldi3</name>
         <load_address>0x4f28</load_address>
         <readonly>true</readonly>
         <executable>true</executable>
         <run_address>0x4f28</run_address>
         <size>0x24</size>
         <alignment>0x4</alignment>
         <input_file_ref idref="fl-107"/>
      </object_component>
      <object_component id="oc-211">
         <name>.text.memccpy</name>
         <load_address>0x4f4c</load_address>
         <readonly>true</readonly>
         <executable>true</executable>
         <run_address>0x4f4c</run_address>
         <size>0x22</size>
         <alignment>0x2</alignment>
         <input_file_ref idref="fl-3e"/>
      </object_component>
      <object_component id="oc-ea">
         <name>.text.Control_Speed_SetSetPoint</name>
         <load_address>0x4f70</load_address>
         <readonly>true</readonly>
         <executable>true</executable>
         <run_address>0x4f70</run_address>
         <size>0x20</size>
         <alignment>0x4</alignment>
         <input_file_ref idref="fl-4"/>
      </object_component>
      <object_component id="oc-103">
         <name>.text.Key1ReadPinCallback</name>
         <load_address>0x4f90</load_address>
         <readonly>true</readonly>
         <executable>true</executable>
         <run_address>0x4f90</run_address>
         <size>0x20</size>
         <alignment>0x4</alignment>
         <input_file_ref idref="fl-1"/>
      </object_component>
      <object_component id="oc-282">
         <name>.text.__ashldi3</name>
         <load_address>0x4fb0</load_address>
         <readonly>true</readonly>
         <executable>true</executable>
         <run_address>0x4fb0</run_address>
         <size>0x1e</size>
         <alignment>0x4</alignment>
         <input_file_ref idref="fl-111"/>
      </object_component>
      <object_component id="oc-67">
         <name>.text.DL_GPIO_clearInterruptStatus</name>
         <load_address>0x4fd0</load_address>
         <readonly>true</readonly>
         <executable>true</executable>
         <run_address>0x4fd0</run_address>
         <size>0x1c</size>
         <alignment>0x4</alignment>
         <input_file_ref idref="fl-1"/>
      </object_component>
      <object_component id="oc-1ab">
         <name>.text.DL_Timer_setCaptCompUpdateMethod</name>
         <load_address>0x4fec</load_address>
         <readonly>true</readonly>
         <executable>true</executable>
         <run_address>0x4fec</run_address>
         <size>0x1c</size>
         <alignment>0x4</alignment>
         <input_file_ref idref="fl-1c"/>
      </object_component>
      <object_component id="oc-1a8">
         <name>.text.DL_Timer_setClockConfig</name>
         <load_address>0x5008</load_address>
         <readonly>true</readonly>
         <executable>true</executable>
         <run_address>0x5008</run_address>
         <size>0x1c</size>
         <alignment>0x4</alignment>
         <input_file_ref idref="fl-1c"/>
      </object_component>
      <object_component id="oc-fd">
         <name>.text.SetMotor1PWM</name>
         <load_address>0x5024</load_address>
         <readonly>true</readonly>
         <executable>true</executable>
         <run_address>0x5024</run_address>
         <size>0x1c</size>
         <alignment>0x4</alignment>
         <input_file_ref idref="fl-1"/>
      </object_component>
      <object_component id="oc-100">
         <name>.text.SetMotor2PWM</name>
         <load_address>0x5040</load_address>
         <readonly>true</readonly>
         <executable>true</executable>
         <run_address>0x5040</run_address>
         <size>0x1c</size>
         <alignment>0x4</alignment>
         <input_file_ref idref="fl-1"/>
      </object_component>
      <object_component id="oc-1e2">
         <name>.text.fputc</name>
         <load_address>0x505c</load_address>
         <readonly>true</readonly>
         <executable>true</executable>
         <run_address>0x505c</run_address>
         <size>0x1c</size>
         <alignment>0x4</alignment>
         <input_file_ref idref="fl-1"/>
      </object_component>
      <object_component id="oc-183">
         <name>.text.Control_Speed_GetActualSpeed</name>
         <load_address>0x5078</load_address>
         <readonly>true</readonly>
         <executable>true</executable>
         <run_address>0x5078</run_address>
         <size>0x18</size>
         <alignment>0x4</alignment>
         <input_file_ref idref="fl-4"/>
      </object_component>
      <object_component id="oc-65">
         <name>.text.DL_GPIO_getEnabledInterruptStatus</name>
         <load_address>0x5090</load_address>
         <readonly>true</readonly>
         <executable>true</executable>
         <run_address>0x5090</run_address>
         <size>0x18</size>
         <alignment>0x4</alignment>
         <input_file_ref idref="fl-1"/>
      </object_component>
      <object_component id="oc-f7">
         <name>.text.DL_GPIO_setPins</name>
         <load_address>0x50a8</load_address>
         <readonly>true</readonly>
         <executable>true</executable>
         <run_address>0x50a8</run_address>
         <size>0x18</size>
         <alignment>0x4</alignment>
         <input_file_ref idref="fl-1"/>
      </object_component>
      <object_component id="oc-1aa">
         <name>.text.DL_Timer_setCaptureCompareOutCtl</name>
         <load_address>0x50c0</load_address>
         <readonly>true</readonly>
         <executable>true</executable>
         <run_address>0x50c0</run_address>
         <size>0x18</size>
         <alignment>0x4</alignment>
         <input_file_ref idref="fl-1c"/>
      </object_component>
      <object_component id="oc-db">
         <name>.text.DL_Timer_startCounter</name>
         <load_address>0x50d8</load_address>
         <readonly>true</readonly>
         <executable>true</executable>
         <run_address>0x50d8</run_address>
         <size>0x18</size>
         <alignment>0x4</alignment>
         <input_file_ref idref="fl-1"/>
      </object_component>
      <object_component id="oc-1f8">
         <name>.text.DL_UART_isBusy</name>
         <load_address>0x50f0</load_address>
         <readonly>true</readonly>
         <executable>true</executable>
         <run_address>0x50f0</run_address>
         <size>0x18</size>
         <alignment>0x4</alignment>
         <input_file_ref idref="fl-1"/>
      </object_component>
      <object_component id="oc-1fb">
         <name>.text._outc</name>
         <load_address>0x5108</load_address>
         <readonly>true</readonly>
         <executable>true</executable>
         <run_address>0x5108</run_address>
         <size>0x18</size>
         <alignment>0x2</alignment>
         <input_file_ref idref="fl-36"/>
      </object_component>
      <object_component id="oc-66">
         <name>.text.DL_GPIO_readPins</name>
         <load_address>0x5120</load_address>
         <readonly>true</readonly>
         <executable>true</executable>
         <run_address>0x5120</run_address>
         <size>0x16</size>
         <alignment>0x2</alignment>
         <input_file_ref idref="fl-1"/>
      </object_component>
      <object_component id="oc-1f9">
         <name>.text.DL_UART_transmitData</name>
         <load_address>0x5136</load_address>
         <readonly>true</readonly>
         <executable>true</executable>
         <run_address>0x5136</run_address>
         <size>0x16</size>
         <alignment>0x2</alignment>
         <input_file_ref idref="fl-1"/>
      </object_component>
      <object_component id="oc-eb">
         <name>.text.MulitKey_Init</name>
         <load_address>0x514c</load_address>
         <readonly>true</readonly>
         <executable>true</executable>
         <run_address>0x514c</run_address>
         <size>0x16</size>
         <alignment>0x2</alignment>
         <input_file_ref idref="fl-b"/>
      </object_component>
      <object_component id="oc-182">
         <name>.text.Control_Speed_PID_Hander</name>
         <load_address>0x5164</load_address>
         <readonly>true</readonly>
         <executable>true</executable>
         <run_address>0x5164</run_address>
         <size>0x14</size>
         <alignment>0x4</alignment>
         <input_file_ref idref="fl-4"/>
      </object_component>
      <object_component id="oc-f6">
         <name>.text.DL_GPIO_clearPins</name>
         <load_address>0x5178</load_address>
         <readonly>true</readonly>
         <executable>true</executable>
         <run_address>0x5178</run_address>
         <size>0x14</size>
         <alignment>0x2</alignment>
         <input_file_ref idref="fl-1"/>
      </object_component>
      <object_component id="oc-6d">
         <name>.text.DL_UART_receiveData</name>
         <load_address>0x518c</load_address>
         <readonly>true</readonly>
         <executable>true</executable>
         <run_address>0x518c</run_address>
         <size>0x14</size>
         <alignment>0x4</alignment>
         <input_file_ref idref="fl-1"/>
      </object_component>
      <object_component id="oc-e6">
         <name>.text.MotorInit_AT46950</name>
         <load_address>0x51a0</load_address>
         <readonly>true</readonly>
         <executable>true</executable>
         <run_address>0x51a0</run_address>
         <size>0x14</size>
         <alignment>0x2</alignment>
         <input_file_ref idref="fl-7"/>
      </object_component>
      <object_component id="oc-22a">
         <name>.text.__aeabi_uldivmod</name>
         <load_address>0x51b4</load_address>
         <readonly>true</readonly>
         <executable>true</executable>
         <run_address>0x51b4</run_address>
         <size>0x14</size>
         <alignment>0x4</alignment>
         <input_file_ref idref="fl-10e"/>
      </object_component>
      <object_component id="oc-268">
         <name>.text.strchr</name>
         <load_address>0x51c8</load_address>
         <readonly>true</readonly>
         <executable>true</executable>
         <run_address>0x51c8</run_address>
         <size>0x14</size>
         <alignment>0x2</alignment>
         <input_file_ref idref="fl-35"/>
      </object_component>
      <object_component id="oc-1c7">
         <name>.text.DL_SPI_setClockConfig</name>
         <load_address>0x51dc</load_address>
         <readonly>true</readonly>
         <executable>true</executable>
         <run_address>0x51dc</run_address>
         <size>0x12</size>
         <alignment>0x2</alignment>
         <input_file_ref idref="fl-1b"/>
      </object_component>
      <object_component id="oc-6f">
         <name>.text.DL_Timer_getPendingInterrupt</name>
         <load_address>0x51ee</load_address>
         <readonly>true</readonly>
         <executable>true</executable>
         <run_address>0x51ee</run_address>
         <size>0x12</size>
         <alignment>0x2</alignment>
         <input_file_ref idref="fl-1"/>
      </object_component>
      <object_component id="oc-6c">
         <name>.text.DL_UART_getPendingInterrupt</name>
         <load_address>0x5200</load_address>
         <readonly>true</readonly>
         <executable>true</executable>
         <run_address>0x5200</run_address>
         <size>0x12</size>
         <alignment>0x2</alignment>
         <input_file_ref idref="fl-1"/>
      </object_component>
      <object_component id="oc-1ba">
         <name>.text.DL_UART_setClockConfig</name>
         <load_address>0x5212</load_address>
         <readonly>true</readonly>
         <executable>true</executable>
         <run_address>0x5212</run_address>
         <size>0x12</size>
         <alignment>0x2</alignment>
         <input_file_ref idref="fl-1d"/>
      </object_component>
      <object_component id="oc-f1">
         <name>.text.PT_INIT</name>
         <load_address>0x5224</load_address>
         <readonly>true</readonly>
         <executable>true</executable>
         <run_address>0x5224</run_address>
         <size>0x12</size>
         <alignment>0x2</alignment>
         <input_file_ref idref="fl-1"/>
      </object_component>
      <object_component id="oc-20">
         <name>.text:decompress:none</name>
         <load_address>0x5236</load_address>
         <readonly>true</readonly>
         <executable>true</executable>
         <run_address>0x5236</run_address>
         <size>0x12</size>
         <alignment>0x2</alignment>
         <input_file_ref idref="fl-47"/>
      </object_component>
      <object_component id="oc-18c">
         <name>.text.DL_Timer_setCaptureCompareValue</name>
         <load_address>0x5248</load_address>
         <readonly>true</readonly>
         <executable>true</executable>
         <run_address>0x5248</run_address>
         <size>0x10</size>
         <alignment>0x4</alignment>
         <input_file_ref idref="fl-1c"/>
      </object_component>
      <object_component id="oc-21c">
         <name>.text.wcslen</name>
         <load_address>0x5258</load_address>
         <readonly>true</readonly>
         <executable>true</executable>
         <run_address>0x5258</run_address>
         <size>0x10</size>
         <alignment>0x2</alignment>
         <input_file_ref idref="fl-4b"/>
      </object_component>
      <object_component id="oc-58">
         <name>.text:decompress:ZI</name>
         <load_address>0x5268</load_address>
         <readonly>true</readonly>
         <executable>true</executable>
         <run_address>0x5268</run_address>
         <size>0x10</size>
         <alignment>0x2</alignment>
         <input_file_ref idref="fl-46"/>
      </object_component>
      <object_component id="oc-210">
         <name>.text.__aeabi_memset</name>
         <load_address>0x5278</load_address>
         <readonly>true</readonly>
         <executable>true</executable>
         <run_address>0x5278</run_address>
         <size>0xe</size>
         <alignment>0x4</alignment>
         <input_file_ref idref="fl-10c"/>
      </object_component>
      <object_component id="oc-20f">
         <name>.text.strlen</name>
         <load_address>0x5286</load_address>
         <readonly>true</readonly>
         <executable>true</executable>
         <run_address>0x5286</run_address>
         <size>0xe</size>
         <alignment>0x2</alignment>
         <input_file_ref idref="fl-35"/>
      </object_component>
      <object_component id="oc-236">
         <name>.text.strlen</name>
         <load_address>0x5294</load_address>
         <readonly>true</readonly>
         <executable>true</executable>
         <run_address>0x5294</run_address>
         <size>0xe</size>
         <alignment>0x2</alignment>
         <input_file_ref idref="fl-40"/>
      </object_component>
      <object_component id="oc-f5">
         <name>.text.DL_GetTick</name>
         <load_address>0x52a4</load_address>
         <readonly>true</readonly>
         <executable>true</executable>
         <run_address>0x52a4</run_address>
         <size>0xc</size>
         <alignment>0x4</alignment>
         <input_file_ref idref="fl-5"/>
      </object_component>
      <object_component id="oc-80">
         <name>.text.__aeabi_memclr</name>
         <load_address>0x52b0</load_address>
         <readonly>true</readonly>
         <executable>true</executable>
         <run_address>0x52b0</run_address>
         <size>0xc</size>
         <alignment>0x4</alignment>
         <input_file_ref idref="fl-10c"/>
      </object_component>
      <object_component id="oc-164">
         <name>.text.DL_Common_delayCycles</name>
         <load_address>0x52bc</load_address>
         <readonly>true</readonly>
         <executable>true</executable>
         <run_address>0x52bc</run_address>
         <size>0xa</size>
         <alignment>0x2</alignment>
         <input_file_ref idref="fl-19"/>
      </object_component>
      <object_component id="oc-263">
         <name>.text.OUTLINED_FUNCTION_0</name>
         <load_address>0x52c6</load_address>
         <readonly>true</readonly>
         <executable>true</executable>
         <run_address>0x52c6</run_address>
         <size>0xa</size>
         <alignment>0x2</alignment>
         <input_file_ref idref="fl-35"/>
      </object_component>
      <object_component id="oc-2e4">
         <name>.tramp.__aeabi_dsub.1</name>
         <load_address>0x52d0</load_address>
         <readonly>true</readonly>
         <executable>true</executable>
         <run_address>0x52d0</run_address>
         <size>0x10</size>
         <alignment>0x4</alignment>
         <input_file_ref idref="fl-fc"/>
      </object_component>
      <object_component id="oc-27d">
         <name>.text.OUTLINED_FUNCTION_1</name>
         <load_address>0x52e0</load_address>
         <readonly>true</readonly>
         <executable>true</executable>
         <run_address>0x52e0</run_address>
         <size>0xa</size>
         <alignment>0x2</alignment>
         <input_file_ref idref="fl-35"/>
      </object_component>
      <object_component id="oc-104">
         <name>.text.Key1PressdCallback</name>
         <load_address>0x52ea</load_address>
         <readonly>true</readonly>
         <executable>true</executable>
         <run_address>0x52ea</run_address>
         <size>0x8</size>
         <alignment>0x2</alignment>
         <input_file_ref idref="fl-1"/>
      </object_component>
      <object_component id="oc-e7">
         <name>.text.SetDefaultDirection</name>
         <load_address>0x52f2</load_address>
         <readonly>true</readonly>
         <executable>true</executable>
         <run_address>0x52f2</run_address>
         <size>0x8</size>
         <alignment>0x2</alignment>
         <input_file_ref idref="fl-7"/>
      </object_component>
      <object_component id="oc-220">
         <name>.text.__aeabi_errno_addr</name>
         <load_address>0x52fc</load_address>
         <readonly>true</readonly>
         <executable>true</executable>
         <run_address>0x52fc</run_address>
         <size>0x8</size>
         <alignment>0x4</alignment>
         <input_file_ref idref="fl-38"/>
      </object_component>
      <object_component id="oc-4b">
         <name>.text.__aeabi_memcpy</name>
         <load_address>0x5304</load_address>
         <readonly>true</readonly>
         <executable>true</executable>
         <run_address>0x5304</run_address>
         <size>0x8</size>
         <alignment>0x4</alignment>
         <input_file_ref idref="fl-10b"/>
      </object_component>
      <object_component id="oc-160">
         <name>.text._outc</name>
         <load_address>0x530c</load_address>
         <readonly>true</readonly>
         <executable>true</executable>
         <run_address>0x530c</run_address>
         <size>0x8</size>
         <alignment>0x2</alignment>
         <input_file_ref idref="fl-34"/>
      </object_component>
      <object_component id="oc-15f">
         <name>.text._outs</name>
         <load_address>0x5314</load_address>
         <readonly>true</readonly>
         <executable>true</executable>
         <run_address>0x5314</run_address>
         <size>0x8</size>
         <alignment>0x2</alignment>
         <input_file_ref idref="fl-34"/>
      </object_component>
      <object_component id="oc-10a">
         <name>.text:abort</name>
         <load_address>0x531c</load_address>
         <readonly>true</readonly>
         <executable>true</executable>
         <run_address>0x531c</run_address>
         <size>0x6</size>
         <alignment>0x2</alignment>
         <input_file_ref idref="fl-4f"/>
      </object_component>
      <object_component id="oc-192">
         <name>.text.HOSTexit</name>
         <load_address>0x5322</load_address>
         <readonly>true</readonly>
         <executable>true</executable>
         <run_address>0x5322</run_address>
         <size>0x4</size>
         <alignment>0x2</alignment>
         <input_file_ref idref="fl-f0"/>
      </object_component>
      <object_component id="oc-2f">
         <name>.text.Reset_Handler</name>
         <load_address>0x5326</load_address>
         <readonly>true</readonly>
         <executable>true</executable>
         <run_address>0x5326</run_address>
         <size>0x4</size>
         <alignment>0x2</alignment>
         <input_file_ref idref="fl-3"/>
      </object_component>
[...]
         <name>__TI_ATRegion0_trg_addr</name>
         <value>0x0</value>
      </symbol>
      <symbol id="sm-227">
         <name>__TI_ATRegion0_region_sz</name>
         <value>0x0</value>
      </symbol>
      <symbol id="sm-228">
         <name>__TI_ATRegion1_src_addr</name>
         <value>0x0</value>
      </symbol>
      <symbol id="sm-229">
         <name>__TI_ATRegion1_trg_addr</name>
         <value>0x0</value>
      </symbol>
      <symbol id="sm-22a">
         <name>__TI_ATRegion1_region_sz</name>
         <value>0x0</value>
      </symbol>
      <symbol id="sm-22b">
         <name>__TI_ATRegion2_src_addr</name>
         <value>0x0</value>
      </symbol>
      <symbol id="sm-22c">
         <name>__TI_ATRegion2_trg_addr</name>
         <value>0x0</value>
      </symbol>
      <symbol id="sm-22d">
         <name>__TI_ATRegion2_region_sz</name>
         <value>0x0</value>
      </symbol>
      <symbol id="sm-236">
         <name>DL_Common_delayCycles</name>
         <value>0x52bd</value>
         <object_component_ref idref="oc-164"/>
      </symbol>
      <symbol id="sm-240">
         <name>DL_I2C_setClockConfig</name>
         <value>0x4edd</value>
         <object_component_ref idref="oc-1b3"/>
      </symbol>
      <symbol id="sm-24d">
         <name>DL_SPI_init</name>
         <value>0x48ad</value>
         <object_component_ref idref="oc-1cd"/>
      </symbol>
      <symbol id="sm-24e">
         <name>DL_SPI_setClockConfig</name>
         <value>0x51dd</value>
         <object_component_ref idref="oc-1c7"/>
      </symbol>
      <symbol id="sm-26a">
         <name>DL_Timer_setClockConfig</name>
         <value>0x5009</value>
         <object_component_ref idref="oc-1a8"/>
      </symbol>
      <symbol id="sm-26b">
         <name>DL_Timer_initTimerMode</name>
         <value>0x3339</value>
         <object_component_ref idref="oc-1ae"/>
      </symbol>
      <symbol id="sm-26c">
         <name>DL_Timer_setCaptureCompareValue</name>
         <value>0x5249</value>
         <object_component_ref idref="oc-18c"/>
      </symbol>
      <symbol id="sm-26d">
         <name>DL_Timer_setCaptCompUpdateMethod</name>
         <value>0x4fed</value>
         <object_component_ref idref="oc-1ab"/>
      </symbol>
      <symbol id="sm-26e">
         <name>DL_Timer_setCaptureCompareOutCtl</name>
         <value>0x50c1</value>
         <object_component_ref idref="oc-1aa"/>
      </symbol>
      <symbol id="sm-26f">
         <name>DL_Timer_initFourCCPWMMode</name>
         <value>0x3131</value>
         <object_component_ref idref="oc-1a9"/>
      </symbol>
      <symbol id="sm-27f">
         <name>DL_UART_init</name>
         <value>0x4865</value>
         <object_component_ref idref="oc-1c0"/>
      </symbol>
      <symbol id="sm-280">
         <name>DL_UART_setClockConfig</name>
         <value>0x5213</value>
         <object_component_ref idref="oc-1ba"/>
      </symbol>
      <symbol id="sm-281">
         <name>DL_UART_transmitDataBlocking</name>
         <value>0x4c21</value>
         <object_component_ref idref="oc-23a"/>
      </symbol>
      <symbol id="sm-292">
         <name>printf</name>
         <value>0x4439</value>
         <object_component_ref idref="oc-d5"/>
      </symbol>
      <symbol id="sm-2db">
         <name>__TI_printfi</name>
         <value>0xce1</value>
         <object_component_ref idref="oc-1d7"/>
      </symbol>
      <symbol id="sm-2ec">
         <name>snprintf</name>
         <value>0x4785</value>
         <object_component_ref idref="oc-17c"/>
      </symbol>
      <symbol id="sm-2f7">
         <name>__aeabi_errno_addr</name>
         <value>0x52fd</value>
         <object_component_ref idref="oc-220"/>
      </symbol>
      <symbol id="sm-2f8">
         <name>__aeabi_errno</name>
         <value>0x20200974</value>
         <object_component_ref idref="oc-245"/>
      </symbol>
      <symbol id="sm-301">
         <name>_nop</name>
         <value>0x41f7</value>
         <object_component_ref idref="oc-1d8"/>
      </symbol>
      <symbol id="sm-302">
         <name>_lock</name>
         <value>0x20200978</value>
         <object_component_ref idref="oc-15b"/>
      </symbol>
      <symbol id="sm-303">
         <name>_unlock</name>
         <value>0x2020097c</value>
         <object_component_ref idref="oc-161"/>
      </symbol>
      <symbol id="sm-30c">
         <name>__TI_ltoa</name>
         <value>0x44ed</value>
         <object_component_ref idref="oc-25b"/>
      </symbol>
      <symbol id="sm-317">
         <name>atoi</name>
         <value>0x4971</value>
         <object_component_ref idref="oc-218"/>
      </symbol>
      <symbol id="sm-31c">
         <name>_ftable</name>
         <value>0x20200868</value>
         <object_component_ref idref="oc-15d"/>
      </symbol>
      <symbol id="sm-325">
         <name>memccpy</name>
         <value>0x4f4d</value>
         <object_component_ref idref="oc-211"/>
      </symbol>
      <symbol id="sm-32f">
         <name>strlen</name>
         <value>0x5295</value>
         <object_component_ref idref="oc-236"/>
      </symbol>
      <symbol id="sm-33a">
         <name>_c_int00_noargs</name>
         <value>0x4eb5</value>
         <object_component_ref idref="oc-5b"/>
      </symbol>
      <symbol id="sm-33b">
         <name>__stack</name>
         <value>0x20207e00</value>
         <object_component_ref idref="oc-1a"/>
      </symbol>
      <symbol id="sm-347">
         <name>__TI_auto_init_nobinit_nopinit</name>
         <value>0x4a65</value>
         <object_component_ref idref="oc-111"/>
      </symbol>
      <symbol id="sm-34f">
         <name>_system_pre_init</name>
         <value>0x532b</value>
         <object_component_ref idref="oc-85"/>
      </symbol>
      <symbol id="sm-35a">
         <name>__TI_zero_init</name>
         <value>0x5269</value>
         <object_component_ref idref="oc-58"/>
      </symbol>
      <symbol id="sm-363">
         <name>__TI_decompress_none</name>
         <value>0x5237</value>
         <object_component_ref idref="oc-20"/>
      </symbol>
      <symbol id="sm-36e">
         <name>__TI_decompress_lzss</name>
         <value>0x3e89</value>
         <object_component_ref idref="oc-1c"/>
      </symbol>
      <symbol id="sm-378">
         <name>frexp</name>
         <value>0x43dd</value>
         <object_component_ref idref="oc-24f"/>
      </symbol>
      <symbol id="sm-379">
         <name>frexpl</name>
         <value>0x43dd</value>
         <object_component_ref idref="oc-24f"/>
      </symbol>
      <symbol id="sm-383">
         <name>scalbn</name>
         <value>0x36ed</value>
         <object_component_ref idref="oc-253"/>
      </symbol>
      <symbol id="sm-384">
         <name>ldexp</name>
         <value>0x36ed</value>
         <object_component_ref idref="oc-253"/>
      </symbol>
      <symbol id="sm-385">
         <name>scalbnl</name>
         <value>0x36ed</value>
         <object_component_ref idref="oc-253"/>
      </symbol>
      <symbol id="sm-386">
         <name>ldexpl</name>
         <value>0x36ed</value>
         <object_component_ref idref="oc-253"/>
      </symbol>
      <symbol id="sm-38f">
         <name>wcslen</name>
         <value>0x5259</value>
         <object_component_ref idref="oc-21c"/>
      </symbol>
      <symbol id="sm-392">
         <name>__aeabi_ctype_table_</name>
         <value>0x6d20</value>
         <object_component_ref idref="oc-23e"/>
      </symbol>
      <symbol id="sm-393">
         <name>__aeabi_ctype_table_C</name>
         <value>0x6d20</value>
         <object_component_ref idref="oc-23e"/>
      </symbol>
      <symbol id="sm-39d">
         <name>abort</name>
         <value>0x531d</value>
         <object_component_ref idref="oc-10a"/>
      </symbol>
      <symbol id="sm-3a6">
         <name>HOSTexit</name>
         <value>0x5323</value>
         <object_component_ref idref="oc-192"/>
      </symbol>
      <symbol id="sm-3a7">
         <name>C$$EXIT</name>
         <value>0x5322</value>
         <object_component_ref idref="oc-192"/>
      </symbol>
      <symbol id="sm-3b7">
         <name>__aeabi_fadd</name>
         <value>0x37cf</value>
         <object_component_ref idref="oc-a4"/>
      </symbol>
      <symbol id="sm-3b8">
         <name>__addsf3</name>
         <value>0x37cf</value>
         <object_component_ref idref="oc-a4"/>
      </symbol>
      <symbol id="sm-3b9">
         <name>__aeabi_fsub</name>
         <value>0x37c5</value>
         <object_component_ref idref="oc-a4"/>
      </symbol>
      <symbol id="sm-3ba">
         <name>__subsf3</name>
         <value>0x37c5</value>
         <object_component_ref idref="oc-a4"/>
      </symbol>
      <symbol id="sm-3c0">
         <name>__aeabi_dadd</name>
         <value>0x26df</value>
         <object_component_ref idref="oc-278"/>
      </symbol>
      <symbol id="sm-3c1">
         <name>__adddf3</name>
         <value>0x26df</value>
         <object_component_ref idref="oc-278"/>
      </symbol>
      <symbol id="sm-3c2">
         <name>__aeabi_dsub</name>
         <value>0x26d5</value>
         <object_component_ref idref="oc-278"/>
      </symbol>
      <symbol id="sm-3c3">
         <name>__subdf3</name>
         <value>0x26d5</value>
         <object_component_ref idref="oc-278"/>
      </symbol>
      <symbol id="sm-3cc">
         <name>__aeabi_dmul</name>
         <value>0x3529</value>
         <object_component_ref idref="oc-264"/>
      </symbol>
      <symbol id="sm-3cd">
         <name>__muldf3</name>
         <value>0x3529</value>
         <object_component_ref idref="oc-264"/>
      </symbol>
      <symbol id="sm-3d3">
         <name>__muldsi3</name>
         <value>0x4add</value>
         <object_component_ref idref="oc-12c"/>
      </symbol>
      <symbol id="sm-3d9">
         <name>__aeabi_fmul</name>
         <value>0x3c75</value>
         <object_component_ref idref="oc-a0"/>
      </symbol>
      <symbol id="sm-3da">
         <name>__mulsf3</name>
         <value>0x3c75</value>
         <object_component_ref idref="oc-a0"/>
      </symbol>
      <symbol id="sm-3e0">
         <name>__aeabi_fdiv</name>
         <value>0x3d89</value>
         <object_component_ref idref="oc-98"/>
      </symbol>
      <symbol id="sm-3e1">
         <name>__divsf3</name>
         <value>0x3d89</value>
         <object_component_ref idref="oc-98"/>
      </symbol>
      <symbol id="sm-3e7">
         <name>__aeabi_ddiv</name>
         <value>0x3025</value>
         <object_component_ref idref="oc-274"/>
      </symbol>
      <symbol id="sm-3e8">
         <name>__divdf3</name>
         <value>0x3025</value>
         <object_component_ref idref="oc-274"/>
      </symbol>
      <symbol id="sm-3ee">
         <name>__aeabi_f2d</name>
         <value>0x4931</value>
         <object_component_ref idref="oc-184"/>
      </symbol>
      <symbol id="sm-3ef">
         <name>__extendsfdf2</name>
         <value>0x4931</value>
         <object_component_ref idref="oc-184"/>
      </symbol>
      <symbol id="sm-3f5">
         <name>__aeabi_d2iz</name>
         <value>0x47d1</value>
         <object_component_ref idref="oc-257"/>
      </symbol>
      <symbol id="sm-3f6">
         <name>__fixdfsi</name>
         <value>0x47d1</value>
         <object_component_ref idref="oc-257"/>
      </symbol>
      <symbol id="sm-3fc">
         <name>__aeabi_f2iz</name>
         <value>0x4b51</value>
         <object_component_ref idref="oc-b6"/>
      </symbol>
      <symbol id="sm-3fd">
         <name>__fixsfsi</name>
         <value>0x4b51</value>
         <object_component_ref idref="oc-b6"/>
      </symbol>
      <symbol id="sm-403">
         <name>__aeabi_i2d</name>
         <value>0x4d95</value>
         <object_component_ref idref="oc-25f"/>
      </symbol>
      <symbol id="sm-404">
         <name>__floatsidf</name>
         <value>0x4d95</value>
         <object_component_ref idref="oc-25f"/>
      </symbol>
      <symbol id="sm-40a">
         <name>__aeabi_i2f</name>
         <value>0x49b1</value>
         <object_component_ref idref="oc-9c"/>
      </symbol>
      <symbol id="sm-40b">
         <name>__floatsisf</name>
         <value>0x49b1</value>
         <object_component_ref idref="oc-9c"/>
      </symbol>
      <symbol id="sm-411">
         <name>__aeabi_lmul</name>
         <value>0x4f29</value>
         <object_component_ref idref="oc-225"/>
      </symbol>
      <symbol id="sm-412">
         <name>__muldi3</name>
         <value>0x4f29</value>
         <object_component_ref idref="oc-225"/>
      </symbol>
      <symbol id="sm-418">
         <name>__aeabi_dcmpeq</name>
         <value>0x4195</value>
         <object_component_ref idref="oc-22f"/>
      </symbol>
      <symbol id="sm-419">
         <name>__aeabi_dcmplt</name>
         <value>0x41a9</value>
         <object_component_ref idref="oc-22f"/>
      </symbol>
      <symbol id="sm-41a">
         <name>__aeabi_dcmple</name>
         <value>0x41bd</value>
         <object_component_ref idref="oc-22f"/>
      </symbol>
      <symbol id="sm-41b">
         <name>__aeabi_dcmpge</name>
         <value>0x41d1</value>
         <object_component_ref idref="oc-22f"/>
      </symbol>
      <symbol id="sm-41c">
         <name>__aeabi_dcmpgt</name>
         <value>0x41e5</value>
         <object_component_ref idref="oc-22f"/>
      </symbol>
      <symbol id="sm-422">
         <name>__aeabi_fcmpeq</name>
         <value>0x41f9</value>
         <object_component_ref idref="oc-94"/>
      </symbol>
      <symbol id="sm-423">
         <name>__aeabi_fcmplt</name>
         <value>0x420d</value>
         <object_component_ref idref="oc-94"/>
      </symbol>
      <symbol id="sm-424">
         <name>__aeabi_fcmple</name>
         <value>0x4221</value>
         <object_component_ref idref="oc-94"/>
      </symbol>
      <symbol id="sm-425">
         <name>__aeabi_fcmpge</name>
         <value>0x4235</value>
         <object_component_ref idref="oc-94"/>
      </symbol>
      <symbol id="sm-426">
         <name>__aeabi_fcmpgt</name>
         <value>0x4249</value>
         <object_component_ref idref="oc-94"/>
      </symbol>
      <symbol id="sm-42c">
         <name>__aeabi_idiv</name>
         <value>0x459d</value>
         <object_component_ref idref="oc-28e"/>
      </symbol>
      <symbol id="sm-42d">
         <name>__aeabi_idivmod</name>
         <value>0x459d</value>
         <object_component_ref idref="oc-28e"/>
      </symbol>
      <symbol id="sm-433">
         <name>__aeabi_memcpy</name>
         <value>0x5305</value>
         <object_component_ref idref="oc-4b"/>
      </symbol>
      <symbol id="sm-434">
         <name>__aeabi_memcpy4</name>
         <value>0x5305</value>
         <object_component_ref idref="oc-4b"/>
      </symbol>
      <symbol id="sm-435">
         <name>__aeabi_memcpy8</name>
         <value>0x5305</value>
         <object_component_ref idref="oc-4b"/>
      </symbol>
      <symbol id="sm-43e">
         <name>__aeabi_memset</name>
         <value>0x5279</value>
         <object_component_ref idref="oc-210"/>
      </symbol>
      <symbol id="sm-43f">
         <name>__aeabi_memset4</name>
         <value>0x5279</value>
         <object_component_ref idref="oc-210"/>
      </symbol>
      <symbol id="sm-440">
         <name>__aeabi_memset8</name>
         <value>0x5279</value>
         <object_component_ref idref="oc-210"/>
      </symbol>
      <symbol id="sm-441">
         <name>__aeabi_memclr</name>
         <value>0x52b1</value>
         <object_component_ref idref="oc-80"/>
      </symbol>
      <symbol id="sm-442">
         <name>__aeabi_memclr4</name>
         <value>0x52b1</value>
         <object_component_ref idref="oc-80"/>
      </symbol>
      <symbol id="sm-443">
         <name>__aeabi_memclr8</name>
         <value>0x52b1</value>
         <object_component_ref idref="oc-80"/>
      </symbol>
      <symbol id="sm-449">
         <name>__aeabi_uidiv</name>
         <value>0x48f1</value>
         <object_component_ref idref="oc-13b"/>
      </symbol>
      <symbol id="sm-44a">
         <name>__aeabi_uidivmod</name>
         <value>0x48f1</value>
         <object_component_ref idref="oc-13b"/>
      </symbol>
      <symbol id="sm-450">
         <name>__aeabi_uldivmod</name>
         <value>0x51b5</value>
         <object_component_ref idref="oc-22a"/>
      </symbol>
      <symbol id="sm-459">
         <name>__eqsf2</name>
         <value>0x4aa1</value>
         <object_component_ref idref="oc-123"/>
      </symbol>
      <symbol id="sm-45a">
         <name>__lesf2</name>
         <value>0x4aa1</value>
         <object_component_ref idref="oc-123"/>
      </symbol>
      <symbol id="sm-45b">
         <name>__ltsf2</name>
         <value>0x4aa1</value>
         <object_component_ref idref="oc-123"/>
      </symbol>
      <symbol id="sm-45c">
         <name>__nesf2</name>
         <value>0x4aa1</value>
         <object_component_ref idref="oc-123"/>
      </symbol>
      <symbol id="sm-45d">
         <name>__cmpsf2</name>
         <value>0x4aa1</value>
         <object_component_ref idref="oc-123"/>
      </symbol>
      <symbol id="sm-45e">
         <name>__gtsf2</name>
         <value>0x49ed</value>
         <object_component_ref idref="oc-128"/>
      </symbol>
      <symbol id="sm-45f">
         <name>__gesf2</name>
         <value>0x49ed</value>
         <object_component_ref idref="oc-128"/>
      </symbol>
      <symbol id="sm-465">
         <name>__udivmoddi4</name>
         <value>0x3a15</value>
         <object_component_ref idref="oc-24a"/>
      </symbol>
      <symbol id="sm-46b">
         <name>__aeabi_llsl</name>
         <value>0x4fb1</value>
         <object_component_ref idref="oc-282"/>
      </symbol>
      <symbol id="sm-46c">
         <name>__ashldi3</name>
         <value>0x4fb1</value>
         <object_component_ref idref="oc-282"/>
      </symbol>
      <symbol id="sm-47a">
         <name>__ledf2</name>
         <value>0x40c5</value>
         <object_component_ref idref="oc-26c"/>
      </symbol>
      <symbol id="sm-47b">
         <name>__gedf2</name>
         <value>0x3f05</value>
         <object_component_ref idref="oc-272"/>
      </symbol>
      <symbol id="sm-47c">
         <name>__cmpdf2</name>
         <value>0x40c5</value>
         <object_component_ref idref="oc-26c"/>
      </symbol>
      <symbol id="sm-47d">
         <name>__eqdf2</name>
         <value>0x40c5</value>
         <object_component_ref idref="oc-26c"/>
      </symbol>
      <symbol id="sm-47e">
         <name>__ltdf2</name>
         <value>0x40c5</value>
         <object_component_ref idref="oc-26c"/>
      </symbol>
      <symbol id="sm-47f">
         <name>__nedf2</name>
         <value>0x40c5</value>
         <object_component_ref idref="oc-26c"/>
      </symbol>
      <symbol id="sm-480">
         <name>__gtdf2</name>
         <value>0x3f05</value>
         <object_component_ref idref="oc-272"/>
      </symbol>
      <symbol id="sm-48c">
         <name>__aeabi_idiv0</name>
         <value>0x3e0b</value>
         <object_component_ref idref="oc-1a1"/>
      </symbol>
      <symbol id="sm-48d">
         <name>__aeabi_ldiv0</name>
         <value>0x4193</value>
         <object_component_ref idref="oc-281"/>
      </symbol>
      <symbol id="sm-4a6">
         <name>memcpy</name>
         <value>0x3ab7</value>
         <object_component_ref idref="oc-c9"/>
      </symbol>
      <symbol id="sm-4b5">
         <name>memset</name>
         <value>0x425b</value>
         <object_component_ref idref="oc-147"/>
      </symbol>
      <symbol id="sm-4b6">
         <name>__TI_static_base__</name>
         <value>0x0</value>
      </symbol>
      <symbol id="sm-4ba">
         <name>__mpu_init</name>
         <value>0x0</value>
      </symbol>
      <symbol id="sm-4bb">
         <name>_system_post_cinit</name>
         <value>0x0</value>
      </symbol>
   </symbol_table>
   <title>Link successful</title>
</link_info>
