<?xml version="1.0" encoding="ISO-8859-1" ?>
<link_info>
   <banner>TI ARM Clang Linker PC v4.0.4.LTS</banner>
   <copyright>Copyright (c) 1996-2018 Texas Instruments Incorporated</copyright>
   <command_line>D:\TI\CSS\ccs\tools\compiler\ti-cgt-armllvm_4.0.4.LTS\bin\tiarmlnk -ID:\TI\CSS\ccs\tools\compiler\ti-cgt-armllvm_4.0.4.LTS\lib -o TI_UART.out -mTI_UART.map -iD:/TI/CSS/mspm0_sdk_2_10_00_04/source -iD:/mspm0g3507_projects/TI_UART -iD:/mspm0g3507_projects/TI_UART/Debug/syscfg -iD:/TI/CSS/ccs/tools/compiler/ti-cgt-armllvm_4.0.4.LTS/lib --diag_wrap=off --display_error_number --warn_sections --xml_link_info=TI_UART_linkInfo.xml --rom_model ./empty.o ./ti_msp_dl_config.o ./startup_mspm0g350x_ticlang.o ./Control_Speed/Control_Speed.o ./DL_GetTick_Folder/DL_Tick.o ./HSM/HSM_Core.o ./Log/Log.o ./MPU_6050/MadgwickAHRS.o ./MPU_6050/mpu6050.o ./MPU_6050/mpu6050_i2c_ti.o ./MPU_6050/mpu6050_user.o ./Motor/Motor_AT4950.o ./PID_Node/PID_Node.o ./SPI_OLED/oled.o ./app_fsm/app_fsm_follow.o ./app_fsm/app_fsm_lead.o ./app_protocol/app_protocol.o ./distance_sensor/distance_sensor.o ./fork_decide/fork_decide.o ./grayscale/grayscale.o ./key_control/key_control.o ./multikey/multikey.o ./protocol/protocol.o ./tasks/tasks.o -l./device_linker.cmd -ldevice.cmd.genlibs -llibc.a --start-group -llibc++.a -llibc++abi.a -llibc.a -llibsys.a -llibsysbm.a -llibclang_rt.builtins.a -llibclang_rt.profile.a --end-group --cg_opt_level=2</command_line>
   <link_time>0x6a3640ca</link_time>
   <link_errors>0x0</link_errors>
   <output_file>D:\mspm0g3507_projects\TI_UART\Debug\TI_UART.out</output_file>
   <entry_point>
      <name>_c_int00_noargs</name>
      <address>0x8b81</address>
   </entry_point>
   <input_file_list>
      <input_file id="fl-1">
         <path>D:\mspm0g3507_projects\TI_UART\Debug\.\</path>
         <kind>object</kind>
         <file>empty.o</file>
         <name>empty.o</name>
      </input_file>
      <input_file id="fl-2">
         <path>D:\mspm0g3507_projects\TI_UART\Debug\.\</path>
         <kind>object</kind>
         <file>ti_msp_dl_config.o</file>
         <name>ti_msp_dl_config.o</name>
      </input_file>
      <input_file id="fl-3">
         <path>D:\mspm0g3507_projects\TI_UART\Debug\.\</path>
         <kind>object</kind>
         <file>startup_mspm0g350x_ticlang.o</file>
         <name>startup_mspm0g350x_ticlang.o</name>
      </input_file>
      <input_file id="fl-4">
         <path>D:\mspm0g3507_projects\TI_UART\Debug\.\Control_Speed\</path>
         <kind>object</kind>
         <file>Control_Speed.o</file>
         <name>Control_Speed.o</name>
      </input_file>
      <input_file id="fl-5">
         <path>D:\mspm0g3507_projects\TI_UART\Debug\.\DL_GetTick_Folder\</path>
         <kind>object</kind>
         <file>DL_Tick.o</file>
         <name>DL_Tick.o</name>
      </input_file>
      <input_file id="fl-6">
         <path>D:\mspm0g3507_projects\TI_UART\Debug\.\HSM\</path>
         <kind>object</kind>
         <file>HSM_Core.o</file>
         <name>HSM_Core.o</name>
      </input_file>
      <input_file id="fl-7">
         <path>D:\mspm0g3507_projects\TI_UART\Debug\.\Log\</path>
         <kind>object</kind>
         <file>Log.o</file>
         <name>Log.o</name>
      </input_file>
      <input_file id="fl-8">
         <path>D:\mspm0g3507_projects\TI_UART\Debug\.\MPU_6050\</path>
         <kind>object</kind>
         <file>MadgwickAHRS.o</file>
         <name>MadgwickAHRS.o</name>
      </input_file>
      <input_file id="fl-9">
         <path>D:\mspm0g3507_projects\TI_UART\Debug\.\MPU_6050\</path>
         <kind>object</kind>
         <file>mpu6050.o</file>
         <name>mpu6050.o</name>
      </input_file>
      <input_file id="fl-a">
         <path>D:\mspm0g3507_projects\TI_UART\Debug\.\MPU_6050\</path>
         <kind>object</kind>
         <file>mpu6050_i2c_ti.o</file>
         <name>mpu6050_i2c_ti.o</name>
      </input_file>
      <input_file id="fl-b">
         <path>D:\mspm0g3507_projects\TI_UART\Debug\.\MPU_6050\</path>
         <kind>object</kind>
         <file>mpu6050_user.o</file>
         <name>mpu6050_user.o</name>
      </input_file>
      <input_file id="fl-c">
         <path>D:\mspm0g3507_projects\TI_UART\Debug\.\Motor\</path>
         <kind>object</kind>
         <file>Motor_AT4950.o</file>
         <name>Motor_AT4950.o</name>
      </input_file>
      <input_file id="fl-d">
         <path>D:\mspm0g3507_projects\TI_UART\Debug\.\PID_Node\</path>
         <kind>object</kind>
         <file>PID_Node.o</file>
         <name>PID_Node.o</name>
      </input_file>
      <input_file id="fl-e">
         <path>D:\mspm0g3507_projects\TI_UART\Debug\.\SPI_OLED\</path>
         <kind>object</kind>
         <file>oled.o</file>
         <name>oled.o</name>
      </input_file>
      <input_file id="fl-f">
         <path>D:\mspm0g3507_projects\TI_UART\Debug\.\app_fsm\</path>
         <kind>object</kind>
         <file>app_fsm_follow.o</file>
         <name>app_fsm_follow.o</name>
      </input_file>
      <input_file id="fl-10">
         <path>D:\mspm0g3507_projects\TI_UART\Debug\.\app_fsm\</path>
         <kind>object</kind>
         <file>app_fsm_lead.o</file>
         <name>app_fsm_lead.o</name>
      </input_file>
      <input_file id="fl-11">
         <path>D:\mspm0g3507_projects\TI_UART\Debug\.\app_protocol\</path>
         <kind>object</kind>
         <file>app_protocol.o</file>
         <name>app_protocol.o</name>
      </input_file>
      <input_file id="fl-12">
         <path>D:\mspm0g3507_projects\TI_UART\Debug\.\distance_sensor\</path>
         <kind>object</kind>
         <file>distance_sensor.o</file>
         <name>distance_sensor.o</name>
      </input_file>
      <input_file id="fl-13">
         <path>D:\mspm0g3507_projects\TI_UART\Debug\.\fork_decide\</path>
         <kind>object</kind>
         <file>fork_decide.o</file>
         <name>fork_decide.o</name>
      </input_file>
      <input_file id="fl-14">
         <path>D:\mspm0g3507_projects\TI_UART\Debug\.\grayscale\</path>
         <kind>object</kind>
         <file>grayscale.o</file>
         <name>grayscale.o</name>
      </input_file>
      <input_file id="fl-15">
         <path>D:\mspm0g3507_projects\TI_UART\Debug\.\key_control\</path>
         <kind>object</kind>
         <file>key_control.o</file>
         <name>key_control.o</name>
      </input_file>
      <input_file id="fl-16">
         <path>D:\mspm0g3507_projects\TI_UART\Debug\.\multikey\</path>
         <kind>object</kind>
         <file>multikey.o</file>
         <name>multikey.o</name>
      </input_file>
      <input_file id="fl-17">
         <path>D:\mspm0g3507_projects\TI_UART\Debug\.\protocol\</path>
         <kind>object</kind>
         <file>protocol.o</file>
         <name>protocol.o</name>
      </input_file>
      <input_file id="fl-18">
         <path>D:\mspm0g3507_projects\TI_UART\Debug\.\tasks\</path>
         <kind>object</kind>
         <file>tasks.o</file>
         <name>tasks.o</name>
      </input_file>
      <input_file id="fl-25">
         <path>D:\mspm0g3507_projects\TI_UART\Debug\</path>
         <kind>object</kind>
         <file>&lt;internal&gt;</file>
         <name>&lt;internal&gt;</name>
      </input_file>
      <input_file id="fl-26">
         <path>D:\TI\CSS\mspm0_sdk_2_10_00_04\source\ti\driverlib\lib\ticlang\m0p\mspm0g1x0x_g3x0x\</path>
         <kind>archive</kind>
         <file>driverlib.a</file>
         <name>dl_common.o</name>
      </input_file>
      <input_file id="fl-27">
         <path>D:\TI\CSS\mspm0_sdk_2_10_00_04\source\ti\driverlib\lib\ticlang\m0p\mspm0g1x0x_g3x0x\</path>
         <kind>archive</kind>
         <file>driverlib.a</file>
         <name>dl_i2c.o</name>
      </input_file>
      <input_file id="fl-28">
         <path>D:\TI\CSS\mspm0_sdk_2_10_00_04\source\ti\driverlib\lib\ticlang\m0p\mspm0g1x0x_g3x0x\</path>
         <kind>archive</kind>
         <file>driverlib.a</file>
         <name>dl_spi.o</name>
      </input_file>
      <input_file id="fl-29">
         <path>D:\TI\CSS\mspm0_sdk_2_10_00_04\source\ti\driverlib\lib\ticlang\m0p\mspm0g1x0x_g3x0x\</path>
         <kind>archive</kind>
         <file>driverlib.a</file>
         <name>dl_timer.o</name>
      </input_file>
      <input_file id="fl-2a">
         <path>D:\TI\CSS\mspm0_sdk_2_10_00_04\source\ti\driverlib\lib\ticlang\m0p\mspm0g1x0x_g3x0x\</path>
         <kind>archive</kind>
         <file>driverlib.a</file>
         <name>dl_uart.o</name>
      </input_file>
      <input_file id="fl-41">
         <path>D:\TI\CSS\ccs\tools\compiler\ti-cgt-armllvm_4.0.4.LTS\lib\armv6m-ti-none-eabi\c\</path>
         <kind>archive</kind>
         <file>libc.a</file>
         <name>e_asinf.c.obj</name>
      </input_file>
      <input_file id="fl-42">
         <path>D:\TI\CSS\ccs\tools\compiler\ti-cgt-armllvm_4.0.4.LTS\lib\armv6m-ti-none-eabi\c\</path>
         <kind>archive</kind>
         <file>libc.a</file>
         <name>e_atan2f.c.obj</name>
      </input_file>
      <input_file id="fl-43">
         <path>D:\TI\CSS\ccs\tools\compiler\ti-cgt-armllvm_4.0.4.LTS\lib\armv6m-ti-none-eabi\c\</path>
         <kind>archive</kind>
         <file>libc.a</file>
         <name>e_sqrtf.c.obj</name>
      </input_file>
      <input_file id="fl-44">
         <path>D:\TI\CSS\ccs\tools\compiler\ti-cgt-armllvm_4.0.4.LTS\lib\armv6m-ti-none-eabi\c\</path>
         <kind>archive</kind>
         <file>libc.a</file>
         <name>s_atanf.c.obj</name>
      </input_file>
      <input_file id="fl-45">
         <path>D:\TI\CSS\ccs\tools\compiler\ti-cgt-armllvm_4.0.4.LTS\lib\armv6m-ti-none-eabi\c\</path>
         <kind>archive</kind>
         <file>libc.a</file>
         <name>printf.c.obj</name>
      </input_file>
      <input_file id="fl-46">
         <path>D:\TI\CSS\ccs\tools\compiler\ti-cgt-armllvm_4.0.4.LTS\lib\armv6m-ti-none-eabi\c\</path>
         <kind>archive</kind>
         <file>libc.a</file>
         <name>_printfi.c.obj</name>
      </input_file>
      <input_file id="fl-47">
         <path>D:\TI\CSS\ccs\tools\compiler\ti-cgt-armllvm_4.0.4.LTS\lib\armv6m-ti-none-eabi\c\</path>
         <kind>archive</kind>
         <file>libc.a</file>
         <name>snprintf.c.obj</name>
      </input_file>
      <input_file id="fl-48">
         <path>D:\TI\CSS\ccs\tools\compiler\ti-cgt-armllvm_4.0.4.LTS\lib\armv6m-ti-none-eabi\c\</path>
         <kind>archive</kind>
         <file>libc.a</file>
         <name>strcmp-armv6m.S.obj</name>
      </input_file>
      <input_file id="fl-49">
         <path>D:\TI\CSS\ccs\tools\compiler\ti-cgt-armllvm_4.0.4.LTS\lib\armv6m-ti-none-eabi\c\</path>
         <kind>archive</kind>
         <file>libc.a</file>
         <name>aeabi_portable.c.obj</name>
      </input_file>
      <input_file id="fl-4a">
         <path>D:\TI\CSS\ccs\tools\compiler\ti-cgt-armllvm_4.0.4.LTS\lib\armv6m-ti-none-eabi\c\</path>
         <kind>archive</kind>
         <file>libc.a</file>
         <name>_lock.c.obj</name>
      </input_file>
      <input_file id="fl-4b">
         <path>D:\TI\CSS\ccs\tools\compiler\ti-cgt-armllvm_4.0.4.LTS\lib\armv6m-ti-none-eabi\c\</path>
         <kind>archive</kind>
         <file>libc.a</file>
         <name>_ltoa.c.obj</name>
      </input_file>
      <input_file id="fl-4c">
         <path>D:\TI\CSS\ccs\tools\compiler\ti-cgt-armllvm_4.0.4.LTS\lib\armv6m-ti-none-eabi\c\</path>
         <kind>archive</kind>
         <file>libc.a</file>
         <name>assert.c.obj</name>
      </input_file>
      <input_file id="fl-4d">
         <path>D:\TI\CSS\ccs\tools\compiler\ti-cgt-armllvm_4.0.4.LTS\lib\armv6m-ti-none-eabi\c\</path>
         <kind>archive</kind>
         <file>libc.a</file>
         <name>atoi.c.obj</name>
      </input_file>
      <input_file id="fl-4e">
         <path>D:\TI\CSS\ccs\tools\compiler\ti-cgt-armllvm_4.0.4.LTS\lib\armv6m-ti-none-eabi\c\</path>
         <kind>archive</kind>
         <file>libc.a</file>
         <name>defs.c.obj</name>
      </input_file>
      <input_file id="fl-4f">
         <path>D:\TI\CSS\ccs\tools\compiler\ti-cgt-armllvm_4.0.4.LTS\lib\armv6m-ti-none-eabi\c\</path>
         <kind>archive</kind>
         <file>libc.a</file>
         <name>memccpy.c.obj</name>
      </input_file>
      <input_file id="fl-50">
         <path>D:\TI\CSS\ccs\tools\compiler\ti-cgt-armllvm_4.0.4.LTS\lib\armv6m-ti-none-eabi\c\</path>
         <kind>archive</kind>
         <file>libc.a</file>
         <name>memory.c.obj</name>
      </input_file>
      <input_file id="fl-51">
         <path>D:\TI\CSS\ccs\tools\compiler\ti-cgt-armllvm_4.0.4.LTS\lib\armv6m-ti-none-eabi\c\</path>
         <kind>archive</kind>
         <file>libc.a</file>
         <name>strlen.c.obj</name>
      </input_file>
      <input_file id="fl-52">
         <path>D:\TI\CSS\ccs\tools\compiler\ti-cgt-armllvm_4.0.4.LTS\lib\armv6m-ti-none-eabi\c\</path>
         <kind>archive</kind>
         <file>libc.a</file>
         <name>boot_cortex_m.c.obj</name>
      </input_file>
      <input_file id="fl-53">
         <path>D:\TI\CSS\ccs\tools\compiler\ti-cgt-armllvm_4.0.4.LTS\lib\armv6m-ti-none-eabi\c\</path>
         <kind>archive</kind>
         <file>libc.a</file>
         <name>mathacl_init.c.obj</name>
      </input_file>
      <input_file id="fl-54">
         <path>D:\TI\CSS\ccs\tools\compiler\ti-cgt-armllvm_4.0.4.LTS\lib\armv6m-ti-none-eabi\c\</path>
         <kind>archive</kind>
         <file>libc.a</file>
         <name>autoinit.c.obj</name>
      </input_file>
      <input_file id="fl-55">
         <path>D:\TI\CSS\ccs\tools\compiler\ti-cgt-armllvm_4.0.4.LTS\lib\armv6m-ti-none-eabi\c\</path>
         <kind>archive</kind>
         <file>libc.a</file>
         <name>pre_init.c.obj</name>
      </input_file>
      <input_file id="fl-56">
         <path>D:\TI\CSS\ccs\tools\compiler\ti-cgt-armllvm_4.0.4.LTS\lib\armv6m-ti-none-eabi\c\</path>
         <kind>archive</kind>
         <file>libc.a</file>
         <name>cpy_tbl.c.obj</name>
      </input_file>
      <input_file id="fl-57">
         <path>D:\TI\CSS\ccs\tools\compiler\ti-cgt-armllvm_4.0.4.LTS\lib\armv6m-ti-none-eabi\c\</path>
         <kind>archive</kind>
         <file>libc.a</file>
         <name>copy_zero_init.c.obj</name>
      </input_file>
      <input_file id="fl-58">
         <path>D:\TI\CSS\ccs\tools\compiler\ti-cgt-armllvm_4.0.4.LTS\lib\armv6m-ti-none-eabi\c\</path>
         <kind>archive</kind>
         <file>libc.a</file>
         <name>copy_decompress_none.c.obj</name>
      </input_file>
      <input_file id="fl-59">
         <path>D:\TI\CSS\ccs\tools\compiler\ti-cgt-armllvm_4.0.4.LTS\lib\armv6m-ti-none-eabi\c\</path>
         <kind>archive</kind>
         <file>libc.a</file>
         <name>copy_decompress_lzss.c.obj</name>
      </input_file>
      <input_file id="fl-5a">
         <path>D:\TI\CSS\ccs\tools\compiler\ti-cgt-armllvm_4.0.4.LTS\lib\armv6m-ti-none-eabi\c\</path>
         <kind>archive</kind>
         <file>libc.a</file>
         <name>e_sqrt.c.obj</name>
      </input_file>
      <input_file id="fl-5b">
         <path>D:\TI\CSS\ccs\tools\compiler\ti-cgt-armllvm_4.0.4.LTS\lib\armv6m-ti-none-eabi\c\</path>
         <kind>archive</kind>
         <file>libc.a</file>
         <name>s_frexp.c.obj</name>
      </input_file>
      <input_file id="fl-5c">
         <path>D:\TI\CSS\ccs\tools\compiler\ti-cgt-armllvm_4.0.4.LTS\lib\armv6m-ti-none-eabi\c\</path>
         <kind>archive</kind>
         <file>libc.a</file>
         <name>s_scalbn.c.obj</name>
      </input_file>
      <input_file id="fl-5d">
         <path>D:\TI\CSS\ccs\tools\compiler\ti-cgt-armllvm_4.0.4.LTS\lib\armv6m-ti-none-eabi\c\</path>
         <kind>archive</kind>
         <file>libc.a</file>
         <name>wcslen.c.obj</name>
      </input_file>
      <input_file id="fl-5e">
         <path>D:\TI\CSS\ccs\tools\compiler\ti-cgt-armllvm_4.0.4.LTS\lib\armv6m-ti-none-eabi\c\</path>
         <kind>archive</kind>
         <file>libc.a</file>
         <name>sprintf.c.obj</name>
      </input_file>
      <input_file id="fl-5f">
         <path>D:\TI\CSS\ccs\tools\compiler\ti-cgt-armllvm_4.0.4.LTS\lib\armv6m-ti-none-eabi\c\</path>
         <kind>archive</kind>
         <file>libc.a</file>
         <name>fflush.c.obj</name>
      </input_file>
      <input_file id="fl-60">
         <path>D:\TI\CSS\ccs\tools\compiler\ti-cgt-armllvm_4.0.4.LTS\lib\armv6m-ti-none-eabi\c\</path>
         <kind>archive</kind>
         <file>libc.a</file>
         <name>aeabi_ctype.S.obj</name>
      </input_file>
      <input_file id="fl-61">
         <path>D:\TI\CSS\ccs\tools\compiler\ti-cgt-armllvm_4.0.4.LTS\lib\armv6m-ti-none-eabi\c\</path>
         <kind>archive</kind>
         <file>libc.a</file>
         <name>exit.c.obj</name>
      </input_file>
      <input_file id="fl-62">
         <path>D:\TI\CSS\ccs\tools\compiler\ti-cgt-armllvm_4.0.4.LTS\lib\armv6m-ti-none-eabi\c\</path>
         <kind>archive</kind>
         <file>libc.a</file>
         <name>args_main.c.obj</name>
      </input_file>
      <input_file id="fl-102">
         <path>D:\TI\CSS\ccs\tools\compiler\ti-cgt-armllvm_4.0.4.LTS\lib\armv6m-ti-none-eabi\c\</path>
         <kind>archive</kind>
         <file>libsysbm.a</file>
         <name>hostexit.c.obj</name>
      </input_file>
      <input_file id="fl-103">
         <path>D:\TI\CSS\ccs\tools\compiler\ti-cgt-armllvm_4.0.4.LTS\lib\armv6m-ti-none-eabi\c\</path>
         <kind>archive</kind>
         <file>libsysbm.a</file>
         <name>write.c.obj</name>
      </input_file>
      <input_file id="fl-104">
         <path>D:\TI\CSS\ccs\tools\compiler\ti-cgt-armllvm_4.0.4.LTS\lib\armv6m-ti-none-eabi\c\</path>
         <kind>archive</kind>
         <file>libsysbm.a</file>
         <name>host_device.c.obj</name>
      </input_file>
      <input_file id="fl-105">
         <path>D:\TI\CSS\ccs\tools\compiler\ti-cgt-armllvm_4.0.4.LTS\lib\armv6m-ti-none-eabi\c\</path>
         <kind>archive</kind>
         <file>libsysbm.a</file>
         <name>hostclose.c.obj</name>
      </input_file>
      <input_file id="fl-106">
         <path>D:\TI\CSS\ccs\tools\compiler\ti-cgt-armllvm_4.0.4.LTS\lib\armv6m-ti-none-eabi\c\</path>
         <kind>archive</kind>
         <file>libsysbm.a</file>
         <name>hostlseek.c.obj</name>
      </input_file>
      <input_file id="fl-107">
         <path>D:\TI\CSS\ccs\tools\compiler\ti-cgt-armllvm_4.0.4.LTS\lib\armv6m-ti-none-eabi\c\</path>
         <kind>archive</kind>
         <file>libsysbm.a</file>
         <name>hostopen.c.obj</name>
      </input_file>
      <input_file id="fl-108">
         <path>D:\TI\CSS\ccs\tools\compiler\ti-cgt-armllvm_4.0.4.LTS\lib\armv6m-ti-none-eabi\c\</path>
         <kind>archive</kind>
         <file>libsysbm.a</file>
         <name>hostread.c.obj</name>
      </input_file>
      <input_file id="fl-109">
         <path>D:\TI\CSS\ccs\tools\compiler\ti-cgt-armllvm_4.0.4.LTS\lib\armv6m-ti-none-eabi\c\</path>
         <kind>archive</kind>
         <file>libsysbm.a</file>
         <name>hostrename.c.obj</name>
      </input_file>
      <input_file id="fl-10a">
         <path>D:\TI\CSS\ccs\tools\compiler\ti-cgt-armllvm_4.0.4.LTS\lib\armv6m-ti-none-eabi\c\</path>
         <kind>archive</kind>
         <file>libsysbm.a</file>
         <name>hostunlink.c.obj</name>
      </input_file>
      <input_file id="fl-10b">
         <path>D:\TI\CSS\ccs\tools\compiler\ti-cgt-armllvm_4.0.4.LTS\lib\armv6m-ti-none-eabi\c\</path>
         <kind>archive</kind>
         <file>libsysbm.a</file>
         <name>hostwrite.c.obj</name>
      </input_file>
      <input_file id="fl-10c">
         <path>D:\TI\CSS\ccs\tools\compiler\ti-cgt-armllvm_4.0.4.LTS\lib\armv6m-ti-none-eabi\c\</path>
         <kind>archive</kind>
         <file>libsysbm.a</file>
         <name>trgmsg.c.obj</name>
      </input_file>
      <input_file id="fl-10d">
         <path>D:\TI\CSS\ccs\tools\compiler\ti-cgt-armllvm_4.0.4.LTS\lib\armv6m-ti-none-eabi\</path>
         <kind>archive</kind>
         <file>libclang_rt.builtins.a</file>
         <name>addsf3.S.obj</name>
      </input_file>
      <input_file id="fl-10e">
         <path>D:\TI\CSS\ccs\tools\compiler\ti-cgt-armllvm_4.0.4.LTS\lib\armv6m-ti-none-eabi\</path>
         <kind>archive</kind>
         <file>libclang_rt.builtins.a</file>
         <name>adddf3.S.obj</name>
      </input_file>
      <input_file id="fl-10f">
         <path>D:\TI\CSS\ccs\tools\compiler\ti-cgt-armllvm_4.0.4.LTS\lib\armv6m-ti-none-eabi\</path>
         <kind>archive</kind>
         <file>libclang_rt.builtins.a</file>
         <name>muldf3.S.obj</name>
      </input_file>
      <input_file id="fl-110">
         <path>D:\TI\CSS\ccs\tools\compiler\ti-cgt-armllvm_4.0.4.LTS\lib\armv6m-ti-none-eabi\</path>
         <kind>archive</kind>
         <file>libclang_rt.builtins.a</file>
         <name>muldsi3.S.obj</name>
      </input_file>
      <input_file id="fl-111">
         <path>D:\TI\CSS\ccs\tools\compiler\ti-cgt-armllvm_4.0.4.LTS\lib\armv6m-ti-none-eabi\</path>
         <kind>archive</kind>
         <file>libclang_rt.builtins.a</file>
         <name>mulsf3.S.obj</name>
      </input_file>
      <input_file id="fl-112">
         <path>D:\TI\CSS\ccs\tools\compiler\ti-cgt-armllvm_4.0.4.LTS\lib\armv6m-ti-none-eabi\</path>
         <kind>archive</kind>
         <file>libclang_rt.builtins.a</file>
         <name>divsf3.S.obj</name>
      </input_file>
      <input_file id="fl-113">
         <path>D:\TI\CSS\ccs\tools\compiler\ti-cgt-armllvm_4.0.4.LTS\lib\armv6m-ti-none-eabi\</path>
         <kind>archive</kind>
         <file>libclang_rt.builtins.a</file>
         <name>divdf3.S.obj</name>
      </input_file>
      <input_file id="fl-114">
         <path>D:\TI\CSS\ccs\tools\compiler\ti-cgt-armllvm_4.0.4.LTS\lib\armv6m-ti-none-eabi\</path>
         <kind>archive</kind>
         <file>libclang_rt.builtins.a</file>
         <name>extendsfdf2.S.obj</name>
      </input_file>
      <input_file id="fl-115">
         <path>D:\TI\CSS\ccs\tools\compiler\ti-cgt-armllvm_4.0.4.LTS\lib\armv6m-ti-none-eabi\</path>
         <kind>archive</kind>
         <file>libclang_rt.builtins.a</file>
         <name>fixdfsi.S.obj</name>
      </input_file>
      <input_file id="fl-116">
         <path>D:\TI\CSS\ccs\tools\compiler\ti-cgt-armllvm_4.0.4.LTS\lib\armv6m-ti-none-eabi\</path>
         <kind>archive</kind>
         <file>libclang_rt.builtins.a</file>
         <name>fixsfsi.S.obj</name>
      </input_file>
      <input_file id="fl-117">
         <path>D:\TI\CSS\ccs\tools\compiler\ti-cgt-armllvm_4.0.4.LTS\lib\armv6m-ti-none-eabi\</path>
         <kind>archive</kind>
         <file>libclang_rt.builtins.a</file>
         <name>floatsidf.S.obj</name>
      </input_file>
      <input_file id="fl-118">
         <path>D:\TI\CSS\ccs\tools\compiler\ti-cgt-armllvm_4.0.4.LTS\lib\armv6m-ti-none-eabi\</path>
         <kind>archive</kind>
         <file>libclang_rt.builtins.a</file>
         <name>floatsisf.S.obj</name>
      </input_file>
      <input_file id="fl-119">
         <path>D:\TI\CSS\ccs\tools\compiler\ti-cgt-armllvm_4.0.4.LTS\lib\armv6m-ti-none-eabi\</path>
         <kind>archive</kind>
         <file>libclang_rt.builtins.a</file>
         <name>floatunsisf.S.obj</name>
      </input_file>
      <input_file id="fl-11a">
         <path>D:\TI\CSS\ccs\tools\compiler\ti-cgt-armllvm_4.0.4.LTS\lib\armv6m-ti-none-eabi\</path>
         <kind>archive</kind>
         <file>libclang_rt.builtins.a</file>
         <name>muldi3.S.obj</name>
      </input_file>
      <input_file id="fl-11b">
         <path>D:\TI\CSS\ccs\tools\compiler\ti-cgt-armllvm_4.0.4.LTS\lib\armv6m-ti-none-eabi\</path>
         <kind>archive</kind>
         <file>libclang_rt.builtins.a</file>
         <name>truncdfsf2.S.obj</name>
      </input_file>
      <input_file id="fl-11c">
         <path>D:\TI\CSS\ccs\tools\compiler\ti-cgt-armllvm_4.0.4.LTS\lib\armv6m-ti-none-eabi\</path>
         <kind>archive</kind>
         <file>libclang_rt.builtins.a</file>
         <name>aeabi_dcmp.S.obj</name>
      </input_file>
      <input_file id="fl-11d">
         <path>D:\TI\CSS\ccs\tools\compiler\ti-cgt-armllvm_4.0.4.LTS\lib\armv6m-ti-none-eabi\</path>
         <kind>archive</kind>
         <file>libclang_rt.builtins.a</file>
         <name>aeabi_fcmp.S.obj</name>
      </input_file>
      <input_file id="fl-11e">
         <path>D:\TI\CSS\ccs\tools\compiler\ti-cgt-armllvm_4.0.4.LTS\lib\armv6m-ti-none-eabi\</path>
         <kind>archive</kind>
         <file>libclang_rt.builtins.a</file>
         <name>aeabi_idivmod.S.obj</name>
      </input_file>
      <input_file id="fl-11f">
         <path>D:\TI\CSS\ccs\tools\compiler\ti-cgt-armllvm_4.0.4.LTS\lib\armv6m-ti-none-eabi\</path>
         <kind>archive</kind>
         <file>libclang_rt.builtins.a</file>
         <name>aeabi_memcpy.S.obj</name>
      </input_file>
      <input_file id="fl-120">
         <path>D:\TI\CSS\ccs\tools\compiler\ti-cgt-armllvm_4.0.4.LTS\lib\armv6m-ti-none-eabi\</path>
         <kind>archive</kind>
         <file>libclang_rt.builtins.a</file>
         <name>aeabi_memset.S.obj</name>
      </input_file>
      <input_file id="fl-121">
         <path>D:\TI\CSS\ccs\tools\compiler\ti-cgt-armllvm_4.0.4.LTS\lib\armv6m-ti-none-eabi\</path>
         <kind>archive</kind>
         <file>libclang_rt.builtins.a</file>
         <name>aeabi_uidivmod.S.obj</name>
      </input_file>
      <input_file id="fl-122">
         <path>D:\TI\CSS\ccs\tools\compiler\ti-cgt-armllvm_4.0.4.LTS\lib\armv6m-ti-none-eabi\</path>
         <kind>archive</kind>
         <file>libclang_rt.builtins.a</file>
         <name>aeabi_uldivmod.S.obj</name>
      </input_file>
      <input_file id="fl-123">
         <path>D:\TI\CSS\ccs\tools\compiler\ti-cgt-armllvm_4.0.4.LTS\lib\armv6m-ti-none-eabi\</path>
         <kind>archive</kind>
         <file>libclang_rt.builtins.a</file>
         <name>comparesf2.S.obj</name>
      </input_file>
      <input_file id="fl-124">
         <path>D:\TI\CSS\ccs\tools\compiler\ti-cgt-armllvm_4.0.4.LTS\lib\armv6m-ti-none-eabi\</path>
         <kind>archive</kind>
         <file>libclang_rt.builtins.a</file>
         <name>udivmoddi4.S.obj</name>
      </input_file>
      <input_file id="fl-125">
         <path>D:\TI\CSS\ccs\tools\compiler\ti-cgt-armllvm_4.0.4.LTS\lib\armv6m-ti-none-eabi\</path>
         <kind>archive</kind>
         <file>libclang_rt.builtins.a</file>
         <name>ashldi3.S.obj</name>
      </input_file>
      <input_file id="fl-126">
         <path>D:\TI\CSS\ccs\tools\compiler\ti-cgt-armllvm_4.0.4.LTS\lib\armv6m-ti-none-eabi\</path>
         <kind>archive</kind>
         <file>libclang_rt.builtins.a</file>
         <name>comparedf2.c.obj</name>
      </input_file>
      <input_file id="fl-127">
         <path>D:\TI\CSS\ccs\tools\compiler\ti-cgt-armllvm_4.0.4.LTS\lib\armv6m-ti-none-eabi\</path>
         <kind>archive</kind>
         <file>libclang_rt.builtins.a</file>
         <name>aeabi_div0.c.obj</name>
      </input_file>
      <input_file id="fl-128">
         <path>D:\TI\CSS\ccs\tools\compiler\ti-cgt-armllvm_4.0.4.LTS\lib\armv6m-ti-none-eabi\c\</path>
         <kind>archive</kind>
         <file>libc.a</file>
         <name>memcpy16.S.obj</name>
      </input_file>
      <input_file id="fl-129">
         <path>D:\TI\CSS\ccs\tools\compiler\ti-cgt-armllvm_4.0.4.LTS\lib\armv6m-ti-none-eabi\c\</path>
         <kind>archive</kind>
         <file>libc.a</file>
         <name>memset16.S.obj</name>
      </input_file>
   </input_file_list>
   <object_component_list>
      <object_component id="oc-18">
         <name>.intvecs</name>
         <load_address>0x0</load_address>
         <readonly>true</readonly>
         <run_address>0x0</run_address>
         <size>0xc0</size>
         <alignment>0x4</alignment>
         <input_file_ref idref="fl-3"/>
      </object_component>
      <object_component id="oc-13c">
         <name>.text.OLED_Clear</name>
         <load_address>0xc0</load_address>
         <readonly>true</readonly>
         <executable>true</executable>
         <run_address>0xc0</run_address>
         <size>0xc20</size>
         <alignment>0x4</alignment>
         <input_file_ref idref="fl-e"/>
      </object_component>
      <object_component id="oc-295">
         <name>.text:__TI_printfi</name>
         <load_address>0xce0</load_address>
         <readonly>true</readonly>
         <executable>true</executable>
         <run_address>0xce0</run_address>
         <size>0x9d0</size>
         <alignment>0x4</alignment>
         <input_file_ref idref="fl-46"/>
      </object_component>
      <object_component id="oc-101">
         <name>.text.MadgwickAHRSupdateIMU</name>
         <load_address>0x16b0</load_address>
         <readonly>true</readonly>
         <executable>true</executable>
         <run_address>0x16b0</run_address>
         <size>0x564</size>
         <alignment>0x4</alignment>
         <input_file_ref idref="fl-8"/>
      </object_component>
      <object_component id="oc-137">
         <name>.text.OLED_Init</name>
         <load_address>0x1c14</load_address>
         <readonly>true</readonly>
         <executable>true</executable>
         <run_address>0x1c14</run_address>
         <size>0x374</size>
         <alignment>0x4</alignment>
         <input_file_ref idref="fl-e"/>
      </object_component>
      <object_component id="oc-168">
         <name>.text.OLED_Task</name>
         <load_address>0x1f88</load_address>
         <readonly>true</readonly>
         <executable>true</executable>
         <run_address>0x1f88</run_address>
         <size>0x35c</size>
         <alignment>0x4</alignment>
         <input_file_ref idref="fl-18"/>
      </object_component>
      <object_component id="oc-36f">
         <name>.text._ZN8HSM_Core8DumpTreeEP8HSM_Nodei</name>
         <load_address>0x22e4</load_address>
         <readonly>true</readonly>
         <executable>true</executable>
         <run_address>0x22e4</run_address>
         <size>0x2dc</size>
         <alignment>0x4</alignment>
         <input_file_ref idref="fl-6"/>
      </object_component>
      <object_component id="oc-e7">
         <name>.text.PID_ExecuteNode</name>
         <load_address>0x25c0</load_address>
         <readonly>true</readonly>
         <executable>true</executable>
         <run_address>0x25c0</run_address>
         <size>0x2a0</size>
         <alignment>0x4</alignment>
         <input_file_ref idref="fl-d"/>
      </object_component>
      <object_component id="oc-b2">
         <name>.text.main</name>
         <load_address>0x2860</load_address>
         <readonly>true</readonly>
         <executable>true</executable>
         <run_address>0x2860</run_address>
         <size>0x290</size>
         <alignment>0x4</alignment>
         <input_file_ref idref="fl-1"/>
      </object_component>
      <object_component id="oc-309">
         <name>.text._ZN8HSM_Core13BuildFromDefsEP8HSM_NodejPK12HSM_StateDefj</name>
         <load_address>0x2af0</load_address>
         <readonly>true</readonly>
         <executable>true</executable>
         <run_address>0x2af0</run_address>
         <size>0x280</size>
         <alignment>0x4</alignment>
         <input_file_ref idref="fl-6"/>
      </object_component>
      <object_component id="oc-218">
         <name>.text.OLED_ShowChar</name>
         <load_address>0x2d70</load_address>
         <readonly>true</readonly>
         <executable>true</executable>
         <run_address>0x2d70</run_address>
         <size>0x270</size>
         <alignment>0x4</alignment>
         <input_file_ref idref="fl-e"/>
      </object_component>
      <object_component id="oc-8f">
         <name>.text.MPU6050_Update</name>
         <load_address>0x2fe0</load_address>
         <readonly>true</readonly>
         <executable>true</executable>
         <run_address>0x2fe0</run_address>
         <size>0x234</size>
         <alignment>0x4</alignment>
         <input_file_ref idref="fl-b"/>
      </object_component>
      <object_component id="oc-34c">
         <name>.text._pconv_a</name>
         <load_address>0x3214</load_address>
         <readonly>true</readonly>
         <executable>true</executable>
         <run_address>0x3214</run_address>
         <size>0x220</size>
         <alignment>0x4</alignment>
         <input_file_ref idref="fl-46"/>
      </object_component>
      <object_component id="oc-38a">
         <name>.text._ZN8HSM_Core3LCAEP8HSM_NodeS1_</name>
         <load_address>0x3434</load_address>
         <readonly>true</readonly>
         <executable>true</executable>
         <run_address>0x3434</run_address>
         <size>0x20c</size>
         <alignment>0x4</alignment>
         <input_file_ref idref="fl-6"/>
      </object_component>
      <object_component id="oc-151">
         <name>.text.Control_Init</name>
         <load_address>0x3640</load_address>
         <readonly>true</readonly>
         <executable>true</executable>
         <run_address>0x3640</run_address>
         <size>0x200</size>
         <alignment>0x4</alignment>
         <input_file_ref idref="fl-4"/>
      </object_component>
      <object_component id="oc-351">
         <name>.text._pconv_g</name>
         <load_address>0x3840</load_address>
         <readonly>true</readonly>
         <executable>true</executable>
         <run_address>0x3840</run_address>
         <size>0x1dc</size>
         <alignment>0x4</alignment>
         <input_file_ref idref="fl-46"/>
      </object_component>
      <object_component id="oc-270">
         <name>.text.Uart_Protocol_Loop</name>
         <load_address>0x3a1c</load_address>
         <readonly>true</readonly>
         <executable>true</executable>
         <run_address>0x3a1c</run_address>
         <size>0x1d8</size>
         <alignment>0x4</alignment>
         <input_file_ref idref="fl-17"/>
      </object_component>
      <object_component id="oc-68">
         <name>.text.Encoder_Transition</name>
         <load_address>0x3bf4</load_address>
         <readonly>true</readonly>
         <executable>true</executable>
         <run_address>0x3bf4</run_address>
         <size>0x1d0</size>
         <alignment>0x2</alignment>
         <input_file_ref idref="fl-1"/>
      </object_component>
      <object_component id="oc-325">
         <name>.text._ZN8HSM_Core10TransitionEP8HSM_Node17HSM_Event_Package</name>
         <load_address>0x3dc4</load_address>
         <readonly>true</readonly>
         <executable>true</executable>
         <run_address>0x3dc4</run_address>
         <size>0x1c8</size>
         <alignment>0x4</alignment>
         <input_file_ref idref="fl-6"/>
      </object_component>
      <object_component id="oc-2b7">
         <name>.text.atanf</name>
         <load_address>0x3f8c</load_address>
         <readonly>true</readonly>
         <executable>true</executable>
         <run_address>0x3f8c</run_address>
         <size>0x1c8</size>
         <alignment>0x4</alignment>
         <input_file_ref idref="fl-44"/>
      </object_component>
      <object_component id="oc-228">
         <name>.text.PID_Node_Init</name>
         <load_address>0x4154</load_address>
         <readonly>true</readonly>
         <executable>true</executable>
         <run_address>0x4154</run_address>
         <size>0x1c4</size>
         <alignment>0x4</alignment>
         <input_file_ref idref="fl-d"/>
      </object_component>
      <object_component id="oc-1d1">
         <name>.text.TI_I2C_ReadLen</name>
         <load_address>0x4318</load_address>
         <readonly>true</readonly>
         <executable>true</executable>
         <run_address>0x4318</run_address>
         <size>0x1b0</size>
         <alignment>0x4</alignment>
         <input_file_ref idref="fl-a"/>
      </object_component>
      <object_component id="oc-384">
         <name>.text.Uart_Protocol_Analysis_WaitingTail2</name>
         <load_address>0x44c8</load_address>
         <readonly>true</readonly>
         <executable>true</executable>
         <run_address>0x44c8</run_address>
         <size>0x1b0</size>
         <alignment>0x4</alignment>
         <input_file_ref idref="fl-17"/>
      </object_component>
      <object_component id="oc-2ca">
         <name>.text.adddf3_subdf3</name>
         <load_address>0x4678</load_address>
         <readonly>true</readonly>
         <executable>true</executable>
         <run_address>0x4678</run_address>
         <size>0x192</size>
         <alignment>0x4</alignment>
         <input_file_ref idref="fl-10e"/>
      </object_component>
      <object_component id="oc-33">
         <name>.text.Default_Handler</name>
         <load_address>0x480a</load_address>
         <readonly>true</readonly>
         <executable>true</executable>
         <run_address>0x480a</run_address>
         <size>0x2</size>
         <alignment>0x2</alignment>
         <input_file_ref idref="fl-3"/>
      </object_component>
      <object_component id="oc-14d">
         <name>.text.MPU6050_Calibrate</name>
         <load_address>0x480c</load_address>
         <readonly>true</readonly>
         <executable>true</executable>
         <run_address>0x480c</run_address>
         <size>0x190</size>
         <alignment>0x4</alignment>
         <input_file_ref idref="fl-b"/>
      </object_component>
      <object_component id="oc-140">
         <name>.text.OLED_Refresh</name>
         <load_address>0x499c</load_address>
         <readonly>true</readonly>
         <executable>true</executable>
         <run_address>0x499c</run_address>
         <size>0x190</size>
         <alignment>0x4</alignment>
         <input_file_ref idref="fl-e"/>
      </object_component>
      <object_component id="oc-273">
         <name>.text._ZN8HSM_Core9SendEventE17HSM_Event_Package</name>
         <load_address>0x4b2c</load_address>
         <readonly>true</readonly>
         <executable>true</executable>
         <run_address>0x4b2c</run_address>
         <size>0x188</size>
         <alignment>0x4</alignment>
         <input_file_ref idref="fl-6"/>
      </object_component>
      <object_component id="oc-2c6">
         <name>.text.sqrt</name>
         <load_address>0x4cb4</load_address>
         <readonly>true</readonly>
         <executable>true</executable>
         <run_address>0x4cb4</run_address>
         <size>0x170</size>
         <alignment>0x4</alignment>
         <input_file_ref idref="fl-5a"/>
      </object_component>
      <object_component id="oc-205">
         <name>.text.SYSCFG_DL_GPIO_init</name>
         <load_address>0x4e24</load_address>
         <readonly>true</readonly>
         <executable>true</executable>
         <run_address>0x4e24</run_address>
         <size>0x16c</size>
         <alignment>0x4</alignment>
         <input_file_ref idref="fl-2"/>
      </object_component>
      <object_component id="oc-107">
         <name>.text.Get_Euler_Angles</name>
         <load_address>0x4f90</load_address>
         <readonly>true</readonly>
         <executable>true</executable>
         <run_address>0x4f90</run_address>
         <size>0x168</size>
         <alignment>0x4</alignment>
         <input_file_ref idref="fl-8"/>
      </object_component>
      <object_component id="oc-1e5">
         <name>.text.asinf</name>
         <load_address>0x50f8</load_address>
         <readonly>true</readonly>
         <executable>true</executable>
         <run_address>0x50f8</run_address>
         <size>0x160</size>
         <alignment>0x4</alignment>
         <input_file_ref idref="fl-41"/>
      </object_component>
      <object_component id="oc-30d">
         <name>.text._ZN8HSM_Core5StartEP8HSM_Node</name>
         <load_address>0x5258</load_address>
         <readonly>true</readonly>
         <executable>true</executable>
         <run_address>0x5258</run_address>
         <size>0x15c</size>
         <alignment>0x4</alignment>
         <input_file_ref idref="fl-6"/>
      </object_component>
      <object_component id="oc-39">
         <name>.text.GROUP1_IRQHandler</name>
         <load_address>0x53b4</load_address>
         <readonly>true</readonly>
         <executable>true</executable>
         <run_address>0x53b4</run_address>
         <size>0x13c</size>
         <alignment>0x4</alignment>
         <input_file_ref idref="fl-1"/>
      </object_component>
      <object_component id="oc-3c7">
         <name>.text.fcvt</name>
         <load_address>0x54f0</load_address>
         <readonly>true</readonly>
         <executable>true</executable>
         <run_address>0x54f0</run_address>
         <size>0x13c</size>
         <alignment>0x4</alignment>
         <input_file_ref idref="fl-46"/>
      </object_component>
      <object_component id="oc-353">
         <name>.text._pconv_e</name>
         <load_address>0x562c</load_address>
         <readonly>true</readonly>
         <executable>true</executable>
         <run_address>0x562c</run_address>
         <size>0x120</size>
         <alignment>0x4</alignment>
         <input_file_ref idref="fl-46"/>
      </object_component>
      <object_component id="oc-40">
         <name>.text.TIMA0_IRQHandler</name>
         <load_address>0x574c</load_address>
         <readonly>true</readonly>
         <executable>true</executable>
         <run_address>0x574c</run_address>
         <size>0x11c</size>
         <alignment>0x4</alignment>
         <input_file_ref idref="fl-1"/>
      </object_component>
      <object_component id="oc-95">
         <name>.text.UpdateSpeedFeedback</name>
         <load_address>0x5868</load_address>
         <readonly>true</readonly>
         <executable>true</executable>
         <run_address>0x5868</run_address>
         <size>0x11c</size>
         <alignment>0x4</alignment>
         <input_file_ref idref="fl-4"/>
      </object_component>
      <object_component id="oc-1e1">
         <name>.text.atan2f</name>
         <load_address>0x5984</load_address>
         <readonly>true</readonly>
         <executable>true</executable>
         <run_address>0x5984</run_address>
         <size>0x118</size>
         <alignment>0x4</alignment>
         <input_file_ref idref="fl-42"/>
      </object_component>
      <object_component id="oc-324">
         <name>.text._ZN8HSM_Core17RequestTransitionEP8HSM_Node17HSM_Event_Package</name>
         <load_address>0x5a9c</load_address>
         <readonly>true</readonly>
         <executable>true</executable>
         <run_address>0x5a9c</run_address>
         <size>0x10c</size>
         <alignment>0x4</alignment>
         <input_file_ref idref="fl-6"/>
      </object_component>
      <object_component id="oc-3c3">
         <name>.text.__divdf3</name>
         <load_address>0x5ba8</load_address>
         <readonly>true</readonly>
         <executable>true</executable>
         <run_address>0x5ba8</run_address>
         <size>0x10c</size>
         <alignment>0x4</alignment>
         <input_file_ref idref="fl-113"/>
      </object_component>
      <object_component id="oc-2d5">
         <name>.text.DL_Timer_initFourCCPWMMode</name>
         <load_address>0x5cb4</load_address>
         <readonly>true</readonly>
         <executable>true</executable>
         <run_address>0x5cb4</run_address>
         <size>0x104</size>
         <alignment>0x4</alignment>
         <input_file_ref idref="fl-29"/>
      </object_component>
      <object_component id="oc-22c">
         <name>.text.PID_Node_SetLimit</name>
         <load_address>0x5db8</load_address>
         <readonly>true</readonly>
         <executable>true</executable>
         <run_address>0x5db8</run_address>
         <size>0x104</size>
         <alignment>0x4</alignment>
         <input_file_ref idref="fl-d"/>
      </object_component>
      <object_component id="oc-2da">
         <name>.text.DL_Timer_initTimerMode</name>
         <load_address>0x5ebc</load_address>
         <readonly>true</readonly>
         <executable>true</executable>
         <run_address>0x5ebc</run_address>
         <size>0xfc</size>
         <alignment>0x4</alignment>
         <input_file_ref idref="fl-29"/>
      </object_component>
      <object_component id="oc-21b">
         <name>.text.TI_I2C_ReadByte</name>
         <load_address>0x5fb8</load_address>
         <readonly>true</readonly>
         <executable>true</executable>
         <run_address>0x5fb8</run_address>
         <size>0xf8</size>
         <alignment>0x4</alignment>
         <input_file_ref idref="fl-a"/>
      </object_component>
      <object_component id="oc-25a">
         <name>.text.MulitKey_Scan</name>
         <load_address>0x60b0</load_address>
         <readonly>true</readonly>
         <executable>true</executable>
         <run_address>0x60b0</run_address>
         <size>0xf4</size>
         <alignment>0x4</alignment>
         <input_file_ref idref="fl-16"/>
      </object_component>
      <object_component id="oc-329">
         <name>.text._ZN8HSM_Core7ProcessEv</name>
         <load_address>0x61a4</load_address>
         <readonly>true</readonly>
         <executable>true</executable>
         <run_address>0x61a4</run_address>
         <size>0xf0</size>
         <alignment>0x4</alignment>
         <input_file_ref idref="fl-6"/>
      </object_component>
      <object_component id="oc-24c">
         <name>.text.HSM_Create</name>
         <load_address>0x6294</load_address>
         <readonly>true</readonly>
         <executable>true</executable>
         <run_address>0x6294</run_address>
         <size>0xec</size>
         <alignment>0x4</alignment>
         <input_file_ref idref="fl-6"/>
      </object_component>
      <object_component id="oc-142">
         <name>.text.MPU_Init</name>
         <load_address>0x6380</load_address>
         <readonly>true</readonly>
         <executable>true</executable>
         <run_address>0x6380</run_address>
         <size>0xe8</size>
         <alignment>0x4</alignment>
         <input_file_ref idref="fl-9"/>
      </object_component>
      <object_component id="oc-16a">
         <name>.text.App_Protocol_DequeueCmdWithPayload</name>
         <load_address>0x6468</load_address>
         <readonly>true</readonly>
         <executable>true</executable>
         <run_address>0x6468</run_address>
         <size>0xe4</size>
         <alignment>0x4</alignment>
         <input_file_ref idref="fl-11"/>
      </object_component>
      <object_component id="oc-1ef">
         <name>.text.__muldf3</name>
         <load_address>0x654c</load_address>
         <readonly>true</readonly>
         <executable>true</executable>
         <run_address>0x654c</run_address>
         <size>0xe4</size>
         <alignment>0x4</alignment>
         <input_file_ref idref="fl-10f"/>
      </object_component>
      <object_component id="oc-24b">
         <name>.text.on_bt_frame_received</name>
         <load_address>0x6630</load_address>
         <readonly>true</readonly>
         <executable>true</executable>
         <run_address>0x6630</run_address>
         <size>0xd8</size>
         <alignment>0x4</alignment>
         <input_file_ref idref="fl-11"/>
      </object_component>
      <object_component id="oc-3a6">
         <name>.text.scalbn</name>
         <load_address>0x6708</load_address>
         <readonly>true</readonly>
         <executable>true</executable>
         <run_address>0x6708</run_address>
         <size>0xd8</size>
         <alignment>0x4</alignment>
         <input_file_ref idref="fl-5c"/>
      </object_component>
      <object_component id="oc-d2">
         <name>.text</name>
         <load_address>0x67e0</load_address>
         <readonly>true</readonly>
         <executable>true</executable>
         <run_address>0x67e0</run_address>
         <size>0xd8</size>
         <alignment>0x4</alignment>
         <input_file_ref idref="fl-10d"/>
      </object_component>
      <object_component id="oc-83">
         <name>.text.CalculateGrayError</name>
         <load_address>0x68b8</load_address>
         <readonly>true</readonly>
         <executable>true</executable>
         <run_address>0x68b8</run_address>
         <size>0xb0</size>
         <alignment>0x4</alignment>
         <input_file_ref idref="fl-14"/>
      </object_component>
      <object_component id="oc-24d">
         <name>.text.HSM_FindNode</name>
         <load_address>0x6968</load_address>
         <readonly>true</readonly>
         <executable>true</executable>
         <run_address>0x6968</run_address>
         <size>0xac</size>
         <alignment>0x4</alignment>
         <input_file_ref idref="fl-6"/>
      </object_component>
      <object_component id="oc-89">
         <name>.text.Control_SetGrayTarget</name>
         <load_address>0x6a14</load_address>
         <readonly>true</readonly>
         <executable>true</executable>
         <run_address>0x6a14</run_address>
         <size>0xa8</size>
         <alignment>0x4</alignment>
         <input_file_ref idref="fl-4"/>
      </object_component>
      <object_component id="oc-39d">
         <name>.text</name>
         <load_address>0x6abc</load_address>
         <readonly>true</readonly>
         <executable>true</executable>
         <run_address>0x6abc</run_address>
         <size>0xa2</size>
         <alignment>0x4</alignment>
         <input_file_ref idref="fl-124"/>
      </object_component>
      <object_component id="oc-23c">
         <name>.text.Key1_OnPressed</name>
         <load_address>0x6b5e</load_address>
         <readonly>true</readonly>
         <executable>true</executable>
         <run_address>0x6b5e</run_address>
         <size>0x2</size>
         <alignment>0x2</alignment>
         <input_file_ref idref="fl-15"/>
      </object_component>
      <object_component id="oc-2b2">
         <name>.text.sqrtf</name>
         <load_address>0x6b60</load_address>
         <readonly>true</readonly>
         <executable>true</executable>
         <run_address>0x6b60</run_address>
         <size>0xa0</size>
         <alignment>0x4</alignment>
         <input_file_ref idref="fl-43"/>
      </object_component>
      <object_component id="oc-12a">
         <name>.text:memcpy</name>
         <load_address>0x6c00</load_address>
         <readonly>true</readonly>
         <executable>true</executable>
         <run_address>0x6c00</run_address>
         <size>0x9a</size>
         <alignment>0x1</alignment>
         <input_file_ref idref="fl-128"/>
      </object_component>
      <object_component id="oc-2a1">
         <name>.text.__aeabi_idiv0</name>
         <load_address>0x6c9a</load_address>
         <readonly>true</readonly>
         <executable>true</executable>
         <run_address>0x6c9a</run_address>
         <size>0x2</size>
         <alignment>0x2</alignment>
         <input_file_ref idref="fl-127"/>
      </object_component>
      <object_component id="oc-207">
         <name>.text.SYSCFG_DL_PWM_0_init</name>
         <load_address>0x6c9c</load_address>
         <readonly>true</readonly>
         <executable>true</executable>
         <run_address>0x6c9c</run_address>
         <size>0x98</size>
         <alignment>0x4</alignment>
         <input_file_ref idref="fl-2"/>
      </object_component>
      <object_component id="oc-311">
         <name>.text.handler_Idle</name>
         <load_address>0x6d34</load_address>
         <readonly>true</readonly>
         <executable>true</executable>
         <run_address>0x6d34</run_address>
         <size>0x98</size>
         <alignment>0x4</alignment>
         <input_file_ref idref="fl-f"/>
      </object_component>
      <object_component id="oc-219">
         <name>.text.TI_I2C_WriteByte</name>
         <load_address>0x6dcc</load_address>
         <readonly>true</readonly>
         <executable>true</executable>
         <run_address>0x6dcc</run_address>
         <size>0x94</size>
         <alignment>0x4</alignment>
         <input_file_ref idref="fl-a"/>
      </object_component>
      <object_component id="oc-248">
         <name>.text.Uart_Protocol_Init</name>
         <load_address>0x6e60</load_address>
         <readonly>true</readonly>
         <executable>true</executable>
         <run_address>0x6e60</run_address>
         <size>0x94</size>
         <alignment>0x4</alignment>
         <input_file_ref idref="fl-17"/>
      </object_component>
      <object_component id="oc-c9">
         <name>.text.Uart_Protocol_ProcessReceivedData8bit</name>
         <load_address>0x6ef4</load_address>
         <readonly>true</readonly>
         <executable>true</executable>
         <run_address>0x6ef4</run_address>
         <size>0x94</size>
         <alignment>0x4</alignment>
         <input_file_ref idref="fl-17"/>
      </object_component>
      <object_component id="oc-13f">
         <name>.text.OLED_ShowString</name>
         <load_address>0x6f88</load_address>
         <readonly>true</readonly>
         <executable>true</executable>
         <run_address>0x6f88</run_address>
         <size>0x8c</size>
         <alignment>0x2</alignment>
         <input_file_ref idref="fl-e"/>
      </object_component>
      <object_component id="oc-e8">
         <name>.text.__mulsf3</name>
         <load_address>0x7014</load_address>
         <readonly>true</readonly>
         <executable>true</executable>
         <run_address>0x7014</run_address>
         <size>0x8c</size>
         <alignment>0x4</alignment>
         <input_file_ref idref="fl-111"/>
      </object_component>
      <object_component id="oc-24a">
         <name>.text.uart_bt_send</name>
         <load_address>0x70a0</load_address>
         <readonly>true</readonly>
         <executable>true</executable>
         <run_address>0x70a0</run_address>
         <size>0x8c</size>
         <alignment>0x4</alignment>
         <input_file_ref idref="fl-11"/>
      </object_component>
      <object_component id="oc-203">
         <name>.text.SYSCFG_DL_initPower</name>
         <load_address>0x712c</load_address>
         <readonly>true</readonly>
         <executable>true</executable>
         <run_address>0x712c</run_address>
         <size>0x88</size>
         <alignment>0x4</alignment>
         <input_file_ref idref="fl-2"/>
      </object_component>
      <object_component id="oc-135">
         <name>.text.__NVIC_SetPriority</name>
         <load_address>0x71b4</load_address>
         <readonly>true</readonly>
         <executable>true</executable>
         <run_address>0x71b4</run_address>
         <size>0x84</size>
         <alignment>0x4</alignment>
         <input_file_ref idref="fl-1"/>
      </object_component>
      <object_component id="oc-da">
         <name>.text.__divsf3</name>
         <load_address>0x7238</load_address>
         <readonly>true</readonly>
         <executable>true</executable>
         <run_address>0x7238</run_address>
         <size>0x82</size>
         <alignment>0x4</alignment>
         <input_file_ref idref="fl-112"/>
      </object_component>
      <object_component id="oc-3d5">
         <name>.text.__aeabi_ldiv0</name>
         <load_address>0x72ba</load_address>
         <readonly>true</readonly>
         <executable>true</executable>
         <run_address>0x72ba</run_address>
         <size>0x2</size>
         <alignment>0x2</alignment>
         <input_file_ref idref="fl-127"/>
      </object_component>
      <object_component id="oc-94">
         <name>.text.Control_UpdateSpeedPID</name>
         <load_address>0x72bc</load_address>
         <readonly>true</readonly>
         <executable>true</executable>
         <run_address>0x72bc</run_address>
         <size>0x7c</size>
         <alignment>0x4</alignment>
         <input_file_ref idref="fl-4"/>
      </object_component>
      <object_component id="oc-1c">
         <name>.text:decompress:lzss</name>
         <load_address>0x7338</load_address>
         <readonly>true</readonly>
         <executable>true</executable>
         <run_address>0x7338</run_address>
         <size>0x7c</size>
         <alignment>0x4</alignment>
         <input_file_ref idref="fl-59"/>
      </object_component>
      <object_component id="oc-1dd">
         <name>.text.invSqrt</name>
         <load_address>0x73b4</load_address>
         <readonly>true</readonly>
         <executable>true</executable>
         <run_address>0x73b4</run_address>
         <size>0x78</size>
         <alignment>0x4</alignment>
         <input_file_ref idref="fl-8"/>
      </object_component>
      <object_component id="oc-3c1">
         <name>.text.__gedf2</name>
         <load_address>0x742c</load_address>
         <readonly>true</readonly>
         <executable>true</executable>
         <run_address>0x742c</run_address>
         <size>0x74</size>
         <alignment>0x4</alignment>
         <input_file_ref idref="fl-126"/>
      </object_component>
      <object_component id="oc-1f3">
         <name>.text.__truncdfsf2</name>
         <load_address>0x74a0</load_address>
         <readonly>true</readonly>
         <executable>true</executable>
         <run_address>0x74a0</run_address>
         <size>0x74</size>
         <alignment>0x10</alignment>
         <input_file_ref idref="fl-11b"/>
      </object_component>
      <object_component id="oc-153">
         <name>.text.KeyControl_Init</name>
         <load_address>0x7514</load_address>
         <readonly>true</readonly>
         <executable>true</executable>
         <run_address>0x7514</run_address>
         <size>0x70</size>
         <alignment>0x4</alignment>
         <input_file_ref idref="fl-15"/>
      </object_component>
      <object_component id="oc-13e">
         <name>.text.OLED_DisPlay_On</name>
         <load_address>0x7584</load_address>
         <readonly>true</readonly>
         <executable>true</executable>
         <run_address>0x7584</run_address>
         <size>0x70</size>
         <alignment>0x4</alignment>
         <input_file_ref idref="fl-e"/>
      </object_component>
      <object_component id="oc-20b">
         <name>.text.SYSCFG_DL_UART_0_init</name>
         <load_address>0x75f4</load_address>
         <readonly>true</readonly>
         <executable>true</executable>
         <run_address>0x75f4</run_address>
         <size>0x70</size>
         <alignment>0x4</alignment>
         <input_file_ref idref="fl-2"/>
      </object_component>
      <object_component id="oc-111">
         <name>.text.Motor_setSpeed</name>
         <load_address>0x7664</load_address>
         <readonly>true</readonly>
         <executable>true</executable>
         <run_address>0x7664</run_address>
         <size>0x6c</size>
         <alignment>0x4</alignment>
         <input_file_ref idref="fl-c"/>
      </object_component>
      <object_component id="oc-310">
         <name>.text.handler_Root</name>
         <load_address>0x76d0</load_address>
         <readonly>true</readonly>
         <executable>true</executable>
         <run_address>0x76d0</run_address>
         <size>0x6c</size>
         <alignment>0x4</alignment>
         <input_file_ref idref="fl-f"/>
      </object_component>
      <object_component id="oc-3bb">
         <name>.text.__ledf2</name>
         <load_address>0x773c</load_address>
         <readonly>true</readonly>
         <executable>true</executable>
         <run_address>0x773c</run_address>
         <size>0x68</size>
         <alignment>0x4</alignment>
         <input_file_ref idref="fl-126"/>
      </object_component>
      <object_component id="oc-3ba">
         <name>.text._mcpy</name>
         <load_address>0x77a4</load_address>
         <readonly>true</readonly>
         <executable>true</executable>
         <run_address>0x77a4</run_address>
         <size>0x66</size>
         <alignment>0x2</alignment>
         <input_file_ref idref="fl-46"/>
      </object_component>
      <object_component id="oc-296">
         <name>.text._nop</name>
         <load_address>0x780a</load_address>
         <readonly>true</readonly>
         <executable>true</executable>
         <run_address>0x780a</run_address>
         <size>0x2</size>
         <alignment>0x2</alignment>
         <input_file_ref idref="fl-4a"/>
      </object_component>
      <object_component id="oc-34d">
         <name>.text.__aeabi_dcmp</name>
         <load_address>0x780c</load_address>
         <readonly>true</readonly>
         <executable>true</executable>
         <run_address>0x780c</run_address>
         <size>0x62</size>
         <alignment>0x4</alignment>
         <input_file_ref idref="fl-11c"/>
      </object_component>
      <object_component id="oc-ec">
         <name>.text.__aeabi_fcmp</name>
         <load_address>0x7870</load_address>
         <readonly>true</readonly>
         <executable>true</executable>
         <run_address>0x7870</run_address>
         <size>0x62</size>
         <alignment>0x4</alignment>
         <input_file_ref idref="fl-11d"/>
      </object_component>
      <object_component id="oc-202">
         <name>.text:memset</name>
         <load_address>0x78d2</load_address>
         <readonly>true</readonly>
         <executable>true</executable>
         <run_address>0x78d2</run_address>
         <size>0x62</size>
         <alignment>0x1</alignment>
         <input_file_ref idref="fl-129"/>
      </object_component>
      <object_component id="oc-e1">
         <name>.text.PID_Node_UpdateMeasurement</name>
         <load_address>0x7934</load_address>
         <readonly>true</readonly>
         <executable>true</executable>
         <run_address>0x7934</run_address>
         <size>0x60</size>
         <alignment>0x4</alignment>
         <input_file_ref idref="fl-d"/>
      </object_component>
      <object_component id="oc-20c">
         <name>.text.SYSCFG_DL_UART_1_init</name>
         <load_address>0x7994</load_address>
         <readonly>true</readonly>
         <executable>true</executable>
         <run_address>0x7994</run_address>
         <size>0x60</size>
         <alignment>0x4</alignment>
         <input_file_ref idref="fl-2"/>
      </object_component>
      <object_component id="oc-20d">
         <name>.text.SYSCFG_DL_UART_2_init</name>
         <load_address>0x79f4</load_address>
         <readonly>true</readonly>
         <executable>true</executable>
         <run_address>0x79f4</run_address>
         <size>0x60</size>
         <alignment>0x4</alignment>
         <input_file_ref idref="fl-2"/>
      </object_component>
      <object_component id="oc-2a9">
         <name>.text.DL_I2C_fillControllerTXFIFO</name>
         <load_address>0x7a54</load_address>
         <readonly>true</readonly>
         <executable>true</executable>
         <run_address>0x7a54</run_address>
         <size>0x5e</size>
         <alignment>0x2</alignment>
         <input_file_ref idref="fl-27"/>
      </object_component>
      <object_component id="oc-3a2">
         <name>.text.frexp</name>
         <load_address>0x7ab4</load_address>
         <readonly>true</readonly>
         <executable>true</executable>
         <run_address>0x7ab4</run_address>
         <size>0x5c</size>
         <alignment>0x4</alignment>
         <input_file_ref idref="fl-5b"/>
      </object_component>
      <object_component id="oc-bd">
         <name>.text.printf</name>
         <load_address>0x7b10</load_address>
         <readonly>true</readonly>
         <executable>true</executable>
         <run_address>0x7b10</run_address>
         <size>0x5c</size>
         <alignment>0x4</alignment>
         <input_file_ref idref="fl-45"/>
      </object_component>
      <object_component id="oc-22b">
         <name>.text.PID_Node_SetIntegralAttenuationKp</name>
         <load_address>0x7b6c</load_address>
         <readonly>true</readonly>
         <executable>true</executable>
         <run_address>0x7b6c</run_address>
         <size>0x58</size>
         <alignment>0x4</alignment>
         <input_file_ref idref="fl-d"/>
      </object_component>
      <object_component id="oc-3ae">
         <name>.text.__TI_ltoa</name>
         <load_address>0x7bc4</load_address>
         <readonly>true</readonly>
         <executable>true</executable>
         <run_address>0x7bc4</run_address>
         <size>0x58</size>
         <alignment>0x2</alignment>
         <input_file_ref idref="fl-4b"/>
      </object_component>
      <object_component id="oc-352">
         <name>.text._pconv_f</name>
         <load_address>0x7c1c</load_address>
         <readonly>true</readonly>
         <executable>true</executable>
         <run_address>0x7c1c</run_address>
         <size>0x58</size>
         <alignment>0x2</alignment>
         <input_file_ref idref="fl-46"/>
      </object_component>
      <object_component id="oc-3e2">
         <name>.text.__aeabi_idivmod</name>
         <load_address>0x7c74</load_address>
         <readonly>true</readonly>
         <executable>true</executable>
         <run_address>0x7c74</run_address>
         <size>0x56</size>
         <alignment>0x4</alignment>
         <input_file_ref idref="fl-11e"/>
      </object_component>
      <object_component id="oc-20a">
         <name>.text.SYSCFG_DL_I2C_6050_init</name>
         <load_address>0x7ccc</load_address>
         <readonly>true</readonly>
         <executable>true</executable>
         <run_address>0x7ccc</run_address>
         <size>0x54</size>
         <alignment>0x4</alignment>
         <input_file_ref idref="fl-2"/>
      </object_component>
      <object_component id="oc-12f">
         <name>.text.SYSCFG_DL_init</name>
         <load_address>0x7d20</load_address>
         <readonly>true</readonly>
         <executable>true</executable>
         <run_address>0x7d20</run_address>
         <size>0x54</size>
         <alignment>0x4</alignment>
         <input_file_ref idref="fl-2"/>
      </object_component>
      <object_component id="oc-3b8">
         <name>.text._ecpy</name>
         <load_address>0x7d74</load_address>
         <readonly>true</readonly>
         <executable>true</executable>
         <run_address>0x7d74</run_address>
         <size>0x52</size>
         <alignment>0x2</alignment>
         <input_file_ref idref="fl-46"/>
      </object_component>
      <object_component id="oc-f0">
         <name>.text.PID_Node_SetSetpoint</name>
         <load_address>0x7dc8</load_address>
         <readonly>true</readonly>
         <executable>true</executable>
         <run_address>0x7dc8</run_address>
         <size>0x50</size>
         <alignment>0x4</alignment>
         <input_file_ref idref="fl-d"/>
      </object_component>
      <object_component id="oc-233">
         <name>.text.AngleErrorCallback</name>
         <load_address>0x7e18</load_address>
         <readonly>true</readonly>
         <executable>true</executable>
         <run_address>0x7e18</run_address>
         <size>0x4c</size>
         <alignment>0x4</alignment>
         <input_file_ref idref="fl-4"/>
      </object_component>
      <object_component id="oc-20e">
         <name>.text.SYSCFG_DL_SPI_init</name>
         <load_address>0x7e64</load_address>
         <readonly>true</readonly>
         <executable>true</executable>
         <run_address>0x7e64</run_address>
         <size>0x4c</size>
         <alignment>0x4</alignment>
         <input_file_ref idref="fl-2"/>
      </object_component>
      <object_component id="oc-206">
         <name>.text.SYSCFG_DL_SYSCTL_init</name>
         <load_address>0x7eb0</load_address>
         <readonly>true</readonly>
         <executable>true</executable>
         <run_address>0x7eb0</run_address>
         <size>0x4c</size>
         <alignment>0x4</alignment>
         <input_file_ref idref="fl-2"/>
      </object_component>
      <object_component id="oc-74">
         <name>.text.distance_sensor_process_byte</name>
         <load_address>0x7efc</load_address>
         <readonly>true</readonly>
         <executable>true</executable>
         <run_address>0x7efc</run_address>
         <size>0x4c</size>
         <alignment>0x4</alignment>
         <input_file_ref idref="fl-12"/>
      </object_component>
      <object_component id="oc-143">
         <name>.text.snprintf</name>
         <load_address>0x7f48</load_address>
         <readonly>true</readonly>
         <executable>true</executable>
         <run_address>0x7f48</run_address>
         <size>0x4c</size>
         <alignment>0x4</alignment>
         <input_file_ref idref="fl-47"/>
      </object_component>
      <object_component id="oc-3aa">
         <name>.text.__fixdfsi</name>
         <load_address>0x7f94</load_address>
         <readonly>true</readonly>
         <executable>true</executable>
         <run_address>0x7f94</run_address>
         <size>0x4a</size>
         <alignment>0x4</alignment>
         <input_file_ref idref="fl-115"/>
      </object_component>
      <object_component id="oc-29f">
         <name>.text.fputs</name>
         <load_address>0x7fde</load_address>
         <readonly>true</readonly>
         <executable>true</executable>
         <run_address>0x7fde</run_address>
         <size>0x4a</size>
         <alignment>0x2</alignment>
         <input_file_ref idref="fl-1"/>
      </object_component>
      <object_component id="oc-2e2">
         <name>.text.DL_UART_init</name>
         <load_address>0x8028</load_address>
         <readonly>true</readonly>
         <executable>true</executable>
         <run_address>0x8028</run_address>
         <size>0x48</size>
         <alignment>0x4</alignment>
         <input_file_ref idref="fl-2a"/>
      </object_component>
      <object_component id="oc-314">
         <name>.text.entry_Follow</name>
         <load_address>0x8070</load_address>
         <readonly>true</readonly>
         <executable>true</executable>
         <run_address>0x8070</run_address>
         <size>0x48</size>
         <alignment>0x4</alignment>
         <input_file_ref idref="fl-f"/>
      </object_component>
      <object_component id="oc-2ef">
         <name>.text.DL_SPI_init</name>
         <load_address>0x80b8</load_address>
         <readonly>true</readonly>
         <executable>true</executable>
         <run_address>0x80b8</run_address>
         <size>0x44</size>
         <alignment>0x4</alignment>
         <input_file_ref idref="fl-28"/>
      </object_component>
      <object_component id="oc-159">
         <name>.text.Follow_FSM_Init</name>
         <load_address>0x80fc</load_address>
         <readonly>true</readonly>
         <executable>true</executable>
         <run_address>0x80fc</run_address>
         <size>0x40</size>
         <alignment>0x4</alignment>
         <input_file_ref idref="fl-f"/>
      </object_component>
      <object_component id="oc-1af">
         <name>.text.__aeabi_uidivmod</name>
         <load_address>0x813c</load_address>
         <readonly>true</readonly>
         <executable>true</executable>
         <run_address>0x813c</run_address>
         <size>0x40</size>
         <alignment>0x4</alignment>
         <input_file_ref idref="fl-121"/>
      </object_component>
      <object_component id="oc-1eb">
         <name>.text.__extendsfdf2</name>
         <load_address>0x817c</load_address>
         <readonly>true</readonly>
         <executable>true</executable>
         <run_address>0x817c</run_address>
         <size>0x40</size>
         <alignment>0x4</alignment>
         <input_file_ref idref="fl-114"/>
      </object_component>
      <object_component id="oc-33b">
         <name>.text.atoi</name>
         <load_address>0x81bc</load_address>
         <readonly>true</readonly>
         <executable>true</executable>
         <run_address>0x81bc</run_address>
         <size>0x40</size>
         <alignment>0x4</alignment>
         <input_file_ref idref="fl-4d"/>
      </object_component>
      <object_component id="oc-37a">
         <name>.text.Control_Stop</name>
         <load_address>0x81fc</load_address>
         <readonly>true</readonly>
         <executable>true</executable>
         <run_address>0x81fc</run_address>
         <size>0x3c</size>
         <alignment>0x4</alignment>
         <input_file_ref idref="fl-4"/>
      </object_component>
      <object_component id="oc-2af">
         <name>.text.DL_I2C_flushControllerTXFIFO</name>
         <load_address>0x8238</load_address>
         <readonly>true</readonly>
         <executable>true</executable>
         <run_address>0x8238</run_address>
         <size>0x3c</size>
         <alignment>0x4</alignment>
         <input_file_ref idref="fl-27"/>
      </object_component>
      <object_component id="oc-375">
         <name>.text.HSM_RequestTransition</name>
         <load_address>0x8274</load_address>
         <readonly>true</readonly>
         <executable>true</executable>
         <run_address>0x8274</run_address>
         <size>0x3c</size>
         <alignment>0x4</alignment>
         <input_file_ref idref="fl-6"/>
      </object_component>
      <object_component id="oc-d6">
         <name>.text.__floatsisf</name>
         <load_address>0x82b0</load_address>
         <readonly>true</readonly>
         <executable>true</executable>
         <run_address>0x82b0</run_address>
         <size>0x3c</size>
         <alignment>0x4</alignment>
         <input_file_ref idref="fl-118"/>
      </object_component>
      <object_component id="oc-1ce">
         <name>.text.__gtsf2</name>
         <load_address>0x82ec</load_address>
         <readonly>true</readonly>
         <executable>true</executable>
         <run_address>0x82ec</run_address>
         <size>0x3c</size>
         <alignment>0x4</alignment>
         <input_file_ref idref="fl-123"/>
      </object_component>
      <object_component id="oc-166">
         <name>.text.uart0_send_string</name>
         <load_address>0x8328</load_address>
         <readonly>true</readonly>
         <executable>true</executable>
         <run_address>0x8328</run_address>
         <size>0x3c</size>
         <alignment>0x2</alignment>
         <input_file_ref idref="fl-1"/>
      </object_component>
      <object_component id="oc-18c">
         <name>.text:__TI_auto_init_nobinit_nopinit</name>
         <load_address>0x8364</load_address>
         <readonly>true</readonly>
         <executable>true</executable>
         <run_address>0x8364</run_address>
         <size>0x3c</size>
         <alignment>0x4</alignment>
         <input_file_ref idref="fl-54"/>
      </object_component>
      <object_component id="oc-1c9">
         <name>.text.__eqsf2</name>
         <load_address>0x83a0</load_address>
         <readonly>true</readonly>
         <executable>true</executable>
         <run_address>0x83a0</run_address>
         <size>0x3a</size>
         <alignment>0x4</alignment>
         <input_file_ref idref="fl-123"/>
      </object_component>
      <object_component id="oc-1c4">
         <name>.text.__muldsi3</name>
         <load_address>0x83dc</load_address>
         <readonly>true</readonly>
         <executable>true</executable>
         <run_address>0x83dc</run_address>
         <size>0x3a</size>
         <alignment>0x4</alignment>
         <input_file_ref idref="fl-110"/>
      </object_component>
      <object_component id="oc-16c">
         <name>.text.HSM_SendEvent</name>
         <load_address>0x8418</load_address>
         <readonly>true</readonly>
         <executable>true</executable>
         <run_address>0x8418</run_address>
         <size>0x38</size>
         <alignment>0x4</alignment>
         <input_file_ref idref="fl-6"/>
      </object_component>
      <object_component id="oc-208">
         <name>.text.SYSCFG_DL_TIMER_0_init</name>
         <load_address>0x8450</load_address>
         <readonly>true</readonly>
         <executable>true</executable>
         <run_address>0x8450</run_address>
         <size>0x38</size>
         <alignment>0x4</alignment>
         <input_file_ref idref="fl-2"/>
      </object_component>
      <object_component id="oc-10d">
         <name>.text.__fixsfsi</name>
         <load_address>0x8488</load_address>
         <readonly>true</readonly>
         <executable>true</executable>
         <run_address>0x8488</run_address>
         <size>0x38</size>
         <alignment>0x4</alignment>
         <input_file_ref idref="fl-116"/>
      </object_component>
      <object_component id="oc-fa">
         <name>.text.MPU_Get_Accelerometer</name>
         <load_address>0x84c0</load_address>
         <readonly>true</readonly>
         <executable>true</executable>
         <run_address>0x84c0</run_address>
         <size>0x36</size>
         <alignment>0x2</alignment>
         <input_file_ref idref="fl-9"/>
      </object_component>
      <object_component id="oc-100">
         <name>.text.MPU_Get_Gyroscope</name>
         <load_address>0x84f6</load_address>
         <readonly>true</readonly>
         <executable>true</executable>
         <run_address>0x84f6</run_address>
         <size>0x36</size>
         <alignment>0x2</alignment>
         <input_file_ref idref="fl-9"/>
      </object_component>
      <object_component id="oc-96">
         <name>.text.Distance_SendQuery</name>
         <load_address>0x852c</load_address>
         <readonly>true</readonly>
         <executable>true</executable>
         <run_address>0x852c</run_address>
         <size>0x34</size>
         <alignment>0x4</alignment>
         <input_file_ref idref="fl-1"/>
      </object_component>
      <object_component id="oc-376">
         <name>.text.Grayscale_SetMode</name>
         <load_address>0x8560</load_address>
         <readonly>true</readonly>
         <executable>true</executable>
         <run_address>0x8560</run_address>
         <size>0x34</size>
         <alignment>0x4</alignment>
         <input_file_ref idref="fl-14"/>
      </object_component>
      <object_component id="oc-17d">
         <name>.text.SetMotor1IN1</name>
         <load_address>0x8594</load_address>
         <readonly>true</readonly>
         <executable>true</executable>
         <run_address>0x8594</run_address>
         <size>0x34</size>
         <alignment>0x4</alignment>
         <input_file_ref idref="fl-1"/>
      </object_component>
      <object_component id="oc-180">
         <name>.text.SetMotor2IN1</name>
         <load_address>0x85c8</load_address>
         <readonly>true</readonly>
         <executable>true</executable>
         <run_address>0x85c8</run_address>
         <size>0x34</size>
         <alignment>0x4</alignment>
         <input_file_ref idref="fl-1"/>
      </object_component>
      <object_component id="oc-1a9">
         <name>.text.distance_analysis_waiting_header2_action</name>
         <load_address>0x85fc</load_address>
         <readonly>true</readonly>
         <executable>true</executable>
         <run_address>0x85fc</run_address>
         <size>0x34</size>
         <alignment>0x4</alignment>
         <input_file_ref idref="fl-12"/>
      </object_component>
      <object_component id="oc-1aa">
         <name>.text.distance_analysis_waiting_length_action</name>
         <load_address>0x8630</load_address>
         <readonly>true</readonly>
         <executable>true</executable>
         <run_address>0x8630</run_address>
         <size>0x34</size>
         <alignment>0x4</alignment>
         <input_file_ref idref="fl-12"/>
      </object_component>
      <object_component id="oc-97">
         <name>.text.distance_sensor_get_distance</name>
         <load_address>0x8664</load_address>
         <readonly>true</readonly>
         <executable>true</executable>
         <run_address>0x8664</run_address>
         <size>0x34</size>
         <alignment>0x4</alignment>
         <input_file_ref idref="fl-12"/>
      </object_component>
      <object_component id="oc-158">
         <name>.text.App_Protocol_Init</name>
         <load_address>0x8698</load_address>
         <readonly>true</readonly>
         <executable>true</executable>
         <run_address>0x8698</run_address>
         <size>0x30</size>
         <alignment>0x4</alignment>
         <input_file_ref idref="fl-11"/>
      </object_component>
      <object_component id="oc-37b">
         <name>.text.Control_Start</name>
         <load_address>0x86c8</load_address>
         <readonly>true</readonly>
         <executable>true</executable>
         <run_address>0x86c8</run_address>
         <size>0x30</size>
[...]
      </symbol>
      <symbol id="sm-49e">
         <name>DL_Timer_setClockConfig</name>
         <value>0x8d65</value>
         <object_component_ref idref="oc-2d4"/>
      </symbol>
      <symbol id="sm-49f">
         <name>DL_Timer_initTimerMode</name>
         <value>0x5ebd</value>
         <object_component_ref idref="oc-2da"/>
      </symbol>
      <symbol id="sm-4a0">
         <name>DL_Timer_setCaptureCompareValue</name>
         <value>0x9041</value>
         <object_component_ref idref="oc-279"/>
      </symbol>
      <symbol id="sm-4a1">
         <name>DL_Timer_setCaptCompUpdateMethod</name>
         <value>0x8d49</value>
         <object_component_ref idref="oc-2d7"/>
      </symbol>
      <symbol id="sm-4a2">
         <name>DL_Timer_setCaptureCompareOutCtl</name>
         <value>0x8e6d</value>
         <object_component_ref idref="oc-2d6"/>
      </symbol>
      <symbol id="sm-4a3">
         <name>DL_Timer_initFourCCPWMMode</name>
         <value>0x5cb5</value>
         <object_component_ref idref="oc-2d5"/>
      </symbol>
      <symbol id="sm-4b3">
         <name>DL_UART_init</name>
         <value>0x8029</value>
         <object_component_ref idref="oc-2e2"/>
      </symbol>
      <symbol id="sm-4b4">
         <name>DL_UART_setClockConfig</name>
         <value>0x8fd7</value>
         <object_component_ref idref="oc-2e1"/>
      </symbol>
      <symbol id="sm-4b5">
         <name>DL_UART_transmitDataBlocking</name>
         <value>0x8729</value>
         <object_component_ref idref="oc-11c"/>
      </symbol>
      <symbol id="sm-4c3">
         <name>asinf</name>
         <value>0x50f9</value>
         <object_component_ref idref="oc-1e5"/>
      </symbol>
      <symbol id="sm-4d1">
         <name>atan2f</name>
         <value>0x5985</value>
         <object_component_ref idref="oc-1e1"/>
      </symbol>
      <symbol id="sm-4db">
         <name>sqrtf</name>
         <value>0x6b61</value>
         <object_component_ref idref="oc-2b2"/>
      </symbol>
      <symbol id="sm-4ef">
         <name>atanf</name>
         <value>0x3f8d</value>
         <object_component_ref idref="oc-2b7"/>
      </symbol>
      <symbol id="sm-500">
         <name>printf</name>
         <value>0x7b11</value>
         <object_component_ref idref="oc-bd"/>
      </symbol>
      <symbol id="sm-549">
         <name>__TI_printfi</name>
         <value>0xce1</value>
         <object_component_ref idref="oc-295"/>
      </symbol>
      <symbol id="sm-55a">
         <name>snprintf</name>
         <value>0x7f49</value>
         <object_component_ref idref="oc-143"/>
      </symbol>
      <symbol id="sm-565">
         <name>__aeabi_errno_addr</name>
         <value>0x9191</value>
         <object_component_ref idref="oc-2c0"/>
      </symbol>
      <symbol id="sm-566">
         <name>__aeabi_errno</name>
         <value>0x20201168</value>
         <object_component_ref idref="oc-365"/>
      </symbol>
      <symbol id="sm-56f">
         <name>_nop</name>
         <value>0x780b</value>
         <object_component_ref idref="oc-296"/>
      </symbol>
      <symbol id="sm-570">
         <name>_lock</name>
         <value>0x2020116c</value>
         <object_component_ref idref="oc-19f"/>
      </symbol>
      <symbol id="sm-571">
         <name>_unlock</name>
         <value>0x20201170</value>
         <object_component_ref idref="oc-1a5"/>
      </symbol>
      <symbol id="sm-57a">
         <name>__TI_ltoa</name>
         <value>0x7bc5</value>
         <object_component_ref idref="oc-3ae"/>
      </symbol>
      <symbol id="sm-585">
         <name>atoi</name>
         <value>0x81bd</value>
         <object_component_ref idref="oc-33b"/>
      </symbol>
      <symbol id="sm-58a">
         <name>_ftable</name>
         <value>0x20201044</value>
         <object_component_ref idref="oc-1a1"/>
      </symbol>
      <symbol id="sm-593">
         <name>memccpy</name>
         <value>0x8ca9</value>
         <object_component_ref idref="oc-334"/>
      </symbol>
      <symbol id="sm-59d">
         <name>strlen</name>
         <value>0x90fd</value>
         <object_component_ref idref="oc-354"/>
      </symbol>
      <symbol id="sm-5a8">
         <name>_c_int00_noargs</name>
         <value>0x8b81</value>
         <object_component_ref idref="oc-5c"/>
      </symbol>
      <symbol id="sm-5a9">
         <name>__stack</name>
         <value>0x20207e00</value>
         <object_component_ref idref="oc-1a"/>
      </symbol>
      <symbol id="sm-5b5">
         <name>__TI_auto_init_nobinit_nopinit</name>
         <value>0x8365</value>
         <object_component_ref idref="oc-18c"/>
      </symbol>
      <symbol id="sm-5bd">
         <name>_system_pre_init</name>
         <value>0x9205</value>
         <object_component_ref idref="oc-ae"/>
      </symbol>
      <symbol id="sm-5c8">
         <name>__TI_zero_init</name>
         <value>0x90c1</value>
         <object_component_ref idref="oc-59"/>
      </symbol>
      <symbol id="sm-5d1">
         <name>__TI_decompress_none</name>
         <value>0x900d</value>
         <object_component_ref idref="oc-20"/>
      </symbol>
      <symbol id="sm-5dc">
         <name>__TI_decompress_lzss</name>
         <value>0x7339</value>
         <object_component_ref idref="oc-1c"/>
      </symbol>
      <symbol id="sm-5e6">
         <name>sqrt</name>
         <value>0x4cb5</value>
         <object_component_ref idref="oc-2c6"/>
      </symbol>
      <symbol id="sm-5e7">
         <name>sqrtl</name>
         <value>0x4cb5</value>
         <object_component_ref idref="oc-2c6"/>
      </symbol>
      <symbol id="sm-5f1">
         <name>frexp</name>
         <value>0x7ab5</value>
         <object_component_ref idref="oc-3a2"/>
      </symbol>
      <symbol id="sm-5f2">
         <name>frexpl</name>
         <value>0x7ab5</value>
         <object_component_ref idref="oc-3a2"/>
      </symbol>
      <symbol id="sm-5fc">
         <name>scalbn</name>
         <value>0x6709</value>
         <object_component_ref idref="oc-3a6"/>
      </symbol>
      <symbol id="sm-5fd">
         <name>ldexp</name>
         <value>0x6709</value>
         <object_component_ref idref="oc-3a6"/>
      </symbol>
      <symbol id="sm-5fe">
         <name>scalbnl</name>
         <value>0x6709</value>
         <object_component_ref idref="oc-3a6"/>
      </symbol>
      <symbol id="sm-5ff">
         <name>ldexpl</name>
         <value>0x6709</value>
         <object_component_ref idref="oc-3a6"/>
      </symbol>
      <symbol id="sm-608">
         <name>wcslen</name>
         <value>0x90b1</value>
         <object_component_ref idref="oc-33f"/>
      </symbol>
      <symbol id="sm-60b">
         <name>__aeabi_ctype_table_</name>
         <value>0xac00</value>
         <object_component_ref idref="oc-395"/>
      </symbol>
      <symbol id="sm-60c">
         <name>__aeabi_ctype_table_C</name>
         <value>0xac00</value>
         <object_component_ref idref="oc-395"/>
      </symbol>
      <symbol id="sm-616">
         <name>abort</name>
         <value>0x91e1</value>
         <object_component_ref idref="oc-185"/>
      </symbol>
      <symbol id="sm-61f">
         <name>HOSTexit</name>
         <value>0x91e7</value>
         <object_component_ref idref="oc-281"/>
      </symbol>
      <symbol id="sm-620">
         <name>C$$EXIT</name>
         <value>0x91e6</value>
         <object_component_ref idref="oc-281"/>
      </symbol>
      <symbol id="sm-630">
         <name>__aeabi_fadd</name>
         <value>0x67eb</value>
         <object_component_ref idref="oc-d2"/>
      </symbol>
      <symbol id="sm-631">
         <name>__addsf3</name>
         <value>0x67eb</value>
         <object_component_ref idref="oc-d2"/>
      </symbol>
      <symbol id="sm-632">
         <name>__aeabi_fsub</name>
         <value>0x67e1</value>
         <object_component_ref idref="oc-d2"/>
      </symbol>
      <symbol id="sm-633">
         <name>__subsf3</name>
         <value>0x67e1</value>
         <object_component_ref idref="oc-d2"/>
      </symbol>
      <symbol id="sm-63c">
         <name>__aeabi_dadd</name>
         <value>0x4683</value>
         <object_component_ref idref="oc-2ca"/>
      </symbol>
      <symbol id="sm-63d">
         <name>__adddf3</name>
         <value>0x4683</value>
         <object_component_ref idref="oc-2ca"/>
      </symbol>
      <symbol id="sm-63e">
         <name>__aeabi_dsub</name>
         <value>0x4679</value>
         <object_component_ref idref="oc-2ca"/>
      </symbol>
      <symbol id="sm-63f">
         <name>__subdf3</name>
         <value>0x4679</value>
         <object_component_ref idref="oc-2ca"/>
      </symbol>
      <symbol id="sm-648">
         <name>__aeabi_dmul</name>
         <value>0x654d</value>
         <object_component_ref idref="oc-1ef"/>
      </symbol>
      <symbol id="sm-649">
         <name>__muldf3</name>
         <value>0x654d</value>
         <object_component_ref idref="oc-1ef"/>
      </symbol>
      <symbol id="sm-64f">
         <name>__muldsi3</name>
         <value>0x83dd</value>
         <object_component_ref idref="oc-1c4"/>
      </symbol>
      <symbol id="sm-655">
         <name>__aeabi_fmul</name>
         <value>0x7015</value>
         <object_component_ref idref="oc-e8"/>
      </symbol>
      <symbol id="sm-656">
         <name>__mulsf3</name>
         <value>0x7015</value>
         <object_component_ref idref="oc-e8"/>
      </symbol>
      <symbol id="sm-65f">
         <name>__aeabi_fdiv</name>
         <value>0x7239</value>
         <object_component_ref idref="oc-da"/>
      </symbol>
      <symbol id="sm-660">
         <name>__divsf3</name>
         <value>0x7239</value>
         <object_component_ref idref="oc-da"/>
      </symbol>
      <symbol id="sm-669">
         <name>__aeabi_ddiv</name>
         <value>0x5ba9</value>
         <object_component_ref idref="oc-3c3"/>
      </symbol>
      <symbol id="sm-66a">
         <name>__divdf3</name>
         <value>0x5ba9</value>
         <object_component_ref idref="oc-3c3"/>
      </symbol>
      <symbol id="sm-670">
         <name>__aeabi_f2d</name>
         <value>0x817d</value>
         <object_component_ref idref="oc-1eb"/>
      </symbol>
      <symbol id="sm-671">
         <name>__extendsfdf2</name>
         <value>0x817d</value>
         <object_component_ref idref="oc-1eb"/>
      </symbol>
      <symbol id="sm-677">
         <name>__aeabi_d2iz</name>
         <value>0x7f95</value>
         <object_component_ref idref="oc-3aa"/>
      </symbol>
      <symbol id="sm-678">
         <name>__fixdfsi</name>
         <value>0x7f95</value>
         <object_component_ref idref="oc-3aa"/>
      </symbol>
      <symbol id="sm-67e">
         <name>__aeabi_f2iz</name>
         <value>0x8489</value>
         <object_component_ref idref="oc-10d"/>
      </symbol>
      <symbol id="sm-67f">
         <name>__fixsfsi</name>
         <value>0x8489</value>
         <object_component_ref idref="oc-10d"/>
      </symbol>
      <symbol id="sm-685">
         <name>__aeabi_i2d</name>
         <value>0x89dd</value>
         <object_component_ref idref="oc-3b2"/>
      </symbol>
      <symbol id="sm-686">
         <name>__floatsidf</name>
         <value>0x89dd</value>
         <object_component_ref idref="oc-3b2"/>
      </symbol>
      <symbol id="sm-68c">
         <name>__aeabi_i2f</name>
         <value>0x82b1</value>
         <object_component_ref idref="oc-d6"/>
      </symbol>
      <symbol id="sm-68d">
         <name>__floatsisf</name>
         <value>0x82b1</value>
         <object_component_ref idref="oc-d6"/>
      </symbol>
      <symbol id="sm-693">
         <name>__aeabi_ui2f</name>
         <value>0x8b59</value>
         <object_component_ref idref="oc-98"/>
      </symbol>
      <symbol id="sm-694">
         <name>__floatunsisf</name>
         <value>0x8b59</value>
         <object_component_ref idref="oc-98"/>
      </symbol>
      <symbol id="sm-69a">
         <name>__aeabi_lmul</name>
         <value>0x8c3d</value>
         <object_component_ref idref="oc-343"/>
      </symbol>
      <symbol id="sm-69b">
         <name>__muldi3</name>
         <value>0x8c3d</value>
         <object_component_ref idref="oc-343"/>
      </symbol>
      <symbol id="sm-6a2">
         <name>__aeabi_d2f</name>
         <value>0x74a1</value>
         <object_component_ref idref="oc-1f3"/>
      </symbol>
      <symbol id="sm-6a3">
         <name>__truncdfsf2</name>
         <value>0x74a1</value>
         <object_component_ref idref="oc-1f3"/>
      </symbol>
      <symbol id="sm-6a9">
         <name>__aeabi_dcmpeq</name>
         <value>0x780d</value>
         <object_component_ref idref="oc-34d"/>
      </symbol>
      <symbol id="sm-6aa">
         <name>__aeabi_dcmplt</name>
         <value>0x7821</value>
         <object_component_ref idref="oc-34d"/>
      </symbol>
      <symbol id="sm-6ab">
         <name>__aeabi_dcmple</name>
         <value>0x7835</value>
         <object_component_ref idref="oc-34d"/>
      </symbol>
      <symbol id="sm-6ac">
         <name>__aeabi_dcmpge</name>
         <value>0x7849</value>
         <object_component_ref idref="oc-34d"/>
      </symbol>
      <symbol id="sm-6ad">
         <name>__aeabi_dcmpgt</name>
         <value>0x785d</value>
         <object_component_ref idref="oc-34d"/>
      </symbol>
      <symbol id="sm-6b3">
         <name>__aeabi_fcmpeq</name>
         <value>0x7871</value>
         <object_component_ref idref="oc-ec"/>
      </symbol>
      <symbol id="sm-6b4">
         <name>__aeabi_fcmplt</name>
         <value>0x7885</value>
         <object_component_ref idref="oc-ec"/>
      </symbol>
      <symbol id="sm-6b5">
         <name>__aeabi_fcmple</name>
         <value>0x7899</value>
         <object_component_ref idref="oc-ec"/>
      </symbol>
      <symbol id="sm-6b6">
         <name>__aeabi_fcmpge</name>
         <value>0x78ad</value>
         <object_component_ref idref="oc-ec"/>
      </symbol>
      <symbol id="sm-6b7">
         <name>__aeabi_fcmpgt</name>
         <value>0x78c1</value>
         <object_component_ref idref="oc-ec"/>
      </symbol>
      <symbol id="sm-6bd">
         <name>__aeabi_idiv</name>
         <value>0x7c75</value>
         <object_component_ref idref="oc-3e2"/>
      </symbol>
      <symbol id="sm-6be">
         <name>__aeabi_idivmod</name>
         <value>0x7c75</value>
         <object_component_ref idref="oc-3e2"/>
      </symbol>
      <symbol id="sm-6c4">
         <name>__aeabi_memcpy</name>
         <value>0x9199</value>
         <object_component_ref idref="oc-4c"/>
      </symbol>
      <symbol id="sm-6c5">
         <name>__aeabi_memcpy4</name>
         <value>0x9199</value>
         <object_component_ref idref="oc-4c"/>
      </symbol>
      <symbol id="sm-6c6">
         <name>__aeabi_memcpy8</name>
         <value>0x9199</value>
         <object_component_ref idref="oc-4c"/>
      </symbol>
      <symbol id="sm-6cf">
         <name>__aeabi_memset</name>
         <value>0x90e1</value>
         <object_component_ref idref="oc-333"/>
      </symbol>
      <symbol id="sm-6d0">
         <name>__aeabi_memset4</name>
         <value>0x90e1</value>
         <object_component_ref idref="oc-333"/>
      </symbol>
      <symbol id="sm-6d1">
         <name>__aeabi_memset8</name>
         <value>0x90e1</value>
         <object_component_ref idref="oc-333"/>
      </symbol>
      <symbol id="sm-6d2">
         <name>__aeabi_memclr</name>
         <value>0x913d</value>
         <object_component_ref idref="oc-a9"/>
      </symbol>
      <symbol id="sm-6d3">
         <name>__aeabi_memclr4</name>
         <value>0x913d</value>
         <object_component_ref idref="oc-a9"/>
      </symbol>
      <symbol id="sm-6d4">
         <name>__aeabi_memclr8</name>
         <value>0x913d</value>
         <object_component_ref idref="oc-a9"/>
      </symbol>
      <symbol id="sm-6da">
         <name>__aeabi_uidiv</name>
         <value>0x813d</value>
         <object_component_ref idref="oc-1af"/>
      </symbol>
      <symbol id="sm-6db">
         <name>__aeabi_uidivmod</name>
         <value>0x813d</value>
         <object_component_ref idref="oc-1af"/>
      </symbol>
      <symbol id="sm-6e1">
         <name>__aeabi_uldivmod</name>
         <value>0x8f79</value>
         <object_component_ref idref="oc-348"/>
      </symbol>
      <symbol id="sm-6ea">
         <name>__eqsf2</name>
         <value>0x83a1</value>
         <object_component_ref idref="oc-1c9"/>
      </symbol>
      <symbol id="sm-6eb">
         <name>__lesf2</name>
         <value>0x83a1</value>
         <object_component_ref idref="oc-1c9"/>
      </symbol>
      <symbol id="sm-6ec">
         <name>__ltsf2</name>
         <value>0x83a1</value>
         <object_component_ref idref="oc-1c9"/>
      </symbol>
      <symbol id="sm-6ed">
         <name>__nesf2</name>
         <value>0x83a1</value>
         <object_component_ref idref="oc-1c9"/>
      </symbol>
      <symbol id="sm-6ee">
         <name>__cmpsf2</name>
         <value>0x83a1</value>
         <object_component_ref idref="oc-1c9"/>
      </symbol>
      <symbol id="sm-6ef">
         <name>__gtsf2</name>
         <value>0x82ed</value>
         <object_component_ref idref="oc-1ce"/>
      </symbol>
      <symbol id="sm-6f0">
         <name>__gesf2</name>
         <value>0x82ed</value>
         <object_component_ref idref="oc-1ce"/>
      </symbol>
      <symbol id="sm-6f6">
         <name>__udivmoddi4</name>
         <value>0x6abd</value>
         <object_component_ref idref="oc-39d"/>
      </symbol>
      <symbol id="sm-6fc">
         <name>__aeabi_llsl</name>
         <value>0x8d0d</value>
         <object_component_ref idref="oc-3d6"/>
      </symbol>
      <symbol id="sm-6fd">
         <name>__ashldi3</name>
         <value>0x8d0d</value>
         <object_component_ref idref="oc-3d6"/>
      </symbol>
      <symbol id="sm-70b">
         <name>__ledf2</name>
         <value>0x773d</value>
         <object_component_ref idref="oc-3bb"/>
      </symbol>
      <symbol id="sm-70c">
         <name>__gedf2</name>
         <value>0x742d</value>
         <object_component_ref idref="oc-3c1"/>
      </symbol>
      <symbol id="sm-70d">
         <name>__cmpdf2</name>
         <value>0x773d</value>
         <object_component_ref idref="oc-3bb"/>
      </symbol>
      <symbol id="sm-70e">
         <name>__eqdf2</name>
         <value>0x773d</value>
         <object_component_ref idref="oc-3bb"/>
      </symbol>
      <symbol id="sm-70f">
         <name>__ltdf2</name>
         <value>0x773d</value>
         <object_component_ref idref="oc-3bb"/>
      </symbol>
      <symbol id="sm-710">
         <name>__nedf2</name>
         <value>0x773d</value>
         <object_component_ref idref="oc-3bb"/>
      </symbol>
      <symbol id="sm-711">
         <name>__gtdf2</name>
         <value>0x742d</value>
         <object_component_ref idref="oc-3c1"/>
      </symbol>
      <symbol id="sm-71d">
         <name>__aeabi_idiv0</name>
         <value>0x6c9b</value>
         <object_component_ref idref="oc-2a1"/>
      </symbol>
      <symbol id="sm-71e">
         <name>__aeabi_ldiv0</name>
         <value>0x72bb</value>
         <object_component_ref idref="oc-3d5"/>
      </symbol>
      <symbol id="sm-737">
         <name>memcpy</name>
         <value>0x6c01</value>
         <object_component_ref idref="oc-12a"/>
      </symbol>
      <symbol id="sm-746">
         <name>memset</name>
         <value>0x78d3</value>
         <object_component_ref idref="oc-202"/>
      </symbol>
      <symbol id="sm-747">
         <name>__TI_static_base__</name>
         <value>0x0</value>
      </symbol>
      <symbol id="sm-74b">
         <name>__mpu_init</name>
         <value>0x0</value>
      </symbol>
      <symbol id="sm-74c">
         <name>_system_post_cinit</name>
         <value>0x0</value>
      </symbol>
   </symbol_table>
   <title>Link successful</title>
</link_info>
